Component: ARM Compiler 5.05 update 2 (build 169) Tool: armlink [4d0f33]

==============================================================================

Section Cross References

    my_math.o(i.DBubble_Sort) refers to cdcmple.o(.text) for __aeabi_cdcmple
    my_math.o(i.Insert_Sort) refers to cdcmple.o(.text) for __aeabi_cdcmple
    my_math.o(i.fast_atan2) refers to my_math.o(.constdata) for fast_atan_table
    my_math.o(i.myatoi) refers to atoi.o(.text) for atoi
    my_math.o(i.quicksort) refers to my_math.o(i.swap) for swap
    task_loop.o(i.Loop_Time_Check) refers to task_loop.o(.data) for Loop_Time
    task_loop.o(i.Loop_Time_Clear) refers to task_loop.o(.data) for Loop_Time
    task_loop.o(i.Task_10ms) refers to tensile.o(i.Tensile_Read_LVDT) for Tensile_Read_LVDT
    task_loop.o(i.Task_10ms) refers to control.o(i.Control_Velocity) for Control_Velocity
    task_loop.o(i.Task_10ms) refers to control.o(i.Control_Strength) for Control_Strength
    task_loop.o(i.Task_10ms) refers to control.o(i.Control_Stop) for Control_Stop
    task_loop.o(i.Task_10ms) refers to control.o(i.Control_Preparing) for Control_Preparing
    task_loop.o(i.Task_10ms) refers to escon.o(i.ESCON_EN) for ESCON_EN
    task_loop.o(i.Task_10ms) refers to beep.o(i.Beep_Play) for Beep_Play
    task_loop.o(i.Task_10ms) refers to led.o(i.LED_ALL_ON) for LED_ALL_ON
    task_loop.o(i.Task_10ms) refers to systick.o(i.delay_ms) for delay_ms
    task_loop.o(i.Task_10ms) refers to led.o(i.LED_ALL_OFF) for LED_ALL_OFF
    task_loop.o(i.Task_10ms) refers to tensile.o(.bss) for Tensile
    task_loop.o(i.Task_50ms) refers to led.o(i.LED_Blink) for LED_Blink
    task_loop.o(i.Task_50ms) refers to dflti.o(.text) for __aeabi_i2d
    task_loop.o(i.Task_50ms) refers to dmul.o(.text) for __aeabi_dmul
    task_loop.o(i.Task_50ms) refers to ddiv.o(.text) for __aeabi_ddiv
    task_loop.o(i.Task_50ms) refers to printf_uart.o(i.u1_printf) for u1_printf
    task_loop.o(i.Task_50ms) refers to key.o(i.KEY_Scan) for KEY_Scan
    task_loop.o(i.Task_50ms) refers to led.o(i.LED_SWITCH) for LED_SWITCH
    task_loop.o(i.Task_50ms) refers to tensile.o(.bss) for Tensile
    task_loop.o(i.Task_Loop) refers to ano_dt.o(i.ANO_DT_Do) for ANO_DT_Do
    task_loop.o(i.Task_Loop) refers to hmi.o(i.HMI_Data_Handle) for HMI_Data_Handle
    task_loop.o(i.Task_Loop) refers to task_loop.o(i.Task_10ms) for Task_10ms
    task_loop.o(i.Task_Loop) refers to task_loop.o(i.Task_50ms) for Task_50ms
    task_loop.o(i.Task_Loop) refers to task_loop.o(.data) for Loop_Time
    task_loop.o(i.Task_Loop) refers to hmi.o(.bss) for USART_RX_BUF
    ano_dt.o(i.ANO_DT_Data_Exchange) refers to ano_dt.o(i.ANO_DT_Send_PID) for ANO_DT_Send_PID
    ano_dt.o(i.ANO_DT_Data_Exchange) refers to ano_dt.o(.bss) for f
    ano_dt.o(i.ANO_DT_Data_Receive_Anl) refers to ano_dt.o(i.ANO_DT_Data_Exchange) for ANO_DT_Data_Exchange
    ano_dt.o(i.ANO_DT_Data_Receive_Anl) refers to ano_dt.o(i.Argument_Init) for Argument_Init
    ano_dt.o(i.ANO_DT_Data_Receive_Anl) refers to ano_dt.o(i.ANO_DT_Send_Check) for ANO_DT_Send_Check
    ano_dt.o(i.ANO_DT_Data_Receive_Anl) refers to ano_dt.o(i.Argument_Save) for Argument_Save
    ano_dt.o(i.ANO_DT_Data_Receive_Anl) refers to ano_dt.o(.bss) for f
    ano_dt.o(i.ANO_DT_Data_Receive_Prepare) refers to ano_dt.o(.data) for state
    ano_dt.o(i.ANO_DT_Data_Receive_Prepare) refers to ano_dt.o(.bss) for ANO_DT_RxBuffer
    ano_dt.o(i.ANO_DT_Do) refers to ano_dt.o(i.ANO_DT_Data_Receive_Anl) for ANO_DT_Data_Receive_Anl
    ano_dt.o(i.ANO_DT_Do) refers to memseta.o(.text) for __aeabi_memclr
    ano_dt.o(i.ANO_DT_Do) refers to ano_dt.o(.data) for Flag_ANO_DT_Data
    ano_dt.o(i.ANO_DT_Do) refers to ano_dt.o(.bss) for ANO_DT_RxBuffer
    ano_dt.o(i.ANO_DT_Send_Check) refers to ano_dt.o(i.ANO_DT_Send_Data) for ANO_DT_Send_Data
    ano_dt.o(i.ANO_DT_Send_Check) refers to ano_dt.o(.bss) for data_to_send
    ano_dt.o(i.ANO_DT_Send_Data) refers to usart3.o(i.u3_putbuff) for u3_putbuff
    ano_dt.o(i.ANO_DT_Send_Data) refers to ano_dt.o(.bss) for data_to_send
    ano_dt.o(i.ANO_DT_Send_PID) refers to ano_dt.o(i.ANO_DT_Send_Data) for ANO_DT_Send_Data
    ano_dt.o(i.ANO_DT_Send_PID) refers to ano_dt.o(.bss) for data_to_send
    ano_dt.o(i.ANO_DT_Send_Senser) refers to ano_dt.o(i.ANO_DT_Send_Data) for ANO_DT_Send_Data
    ano_dt.o(i.ANO_DT_Send_Senser) refers to ano_dt.o(.bss) for data_to_send
    ano_dt.o(i.ANO_DT_Send_Status) refers to ano_dt.o(i.ANO_DT_Send_Data) for ANO_DT_Send_Data
    ano_dt.o(i.ANO_DT_Send_Status) refers to ano_dt.o(.bss) for data_to_send
    ano_dt.o(i.Argument_Init) refers to ano_dt.o(i.Ctrl_Set_Zoro) for Ctrl_Set_Zoro
    ano_dt.o(i.Argument_Init) refers to ano_dt.o(i.Argument_To_Ctrl) for Argument_To_Ctrl
    ano_dt.o(i.Argument_Init) refers to ano_dt.o(i.Flash_SavePID) for Flash_SavePID
    ano_dt.o(i.Argument_Load) refers to ano_dt.o(i.Ctrl_Set_Zoro) for Ctrl_Set_Zoro
    ano_dt.o(i.Argument_Load) refers to ano_dt.o(i.Flash_ReadPID) for Flash_ReadPID
[...]
    ..\\Code\\BSP\\MCU\\UART\\usart3.c       0x00000000   Number         0  usart3.o ABSOLUTE
    ..\\Code\\BSP\\MCU\\UART\\usart5.c       0x00000000   Number         0  usart5.o ABSOLUTE
    ..\\Code\\BSP\\My_BSP.c                  0x00000000   Number         0  my_bsp.o ABSOLUTE
    ..\\Code\\BSP\\OLED\\OLED.c              0x00000000   Number         0  oled.o ABSOLUTE
    ..\\Code\\BSP\\SYSTEM\\sys\\sys.c        0x00000000   Number         0  sys.o ABSOLUTE
    ..\\Code\\BSP\\SYSTEM\\usart\\Printf_Uart.c 0x00000000   Number         0  printf_uart.o ABSOLUTE
    ..\\Code\\BSP\\Time\\Time.c              0x00000000   Number         0  time.o ABSOLUTE
    ..\\Code\\STLIB\\CMSIS\\system_stm32f4xx.c 0x00000000   Number         0  system_stm32f4xx.o ABSOLUTE
    ..\\Code\\STLIB\\FWLIB\\src\\misc.c      0x00000000   Number         0  misc.o ABSOLUTE
    ..\\Code\\STLIB\\FWLIB\\src\\stm32f4xx_adc.c 0x00000000   Number         0  stm32f4xx_adc.o ABSOLUTE
    ..\\Code\\STLIB\\FWLIB\\src\\stm32f4xx_can.c 0x00000000   Number         0  stm32f4xx_can.o ABSOLUTE
    ..\\Code\\STLIB\\FWLIB\\src\\stm32f4xx_crc.c 0x00000000   Number         0  stm32f4xx_crc.o ABSOLUTE
    ..\\Code\\STLIB\\FWLIB\\src\\stm32f4xx_cryp.c 0x00000000   Number         0  stm32f4xx_cryp.o ABSOLUTE
    ..\\Code\\STLIB\\FWLIB\\src\\stm32f4xx_cryp_aes.c 0x00000000   Number         0  stm32f4xx_cryp_aes.o ABSOLUTE
    ..\\Code\\STLIB\\FWLIB\\src\\stm32f4xx_cryp_des.c 0x00000000   Number         0  stm32f4xx_cryp_des.o ABSOLUTE
    ..\\Code\\STLIB\\FWLIB\\src\\stm32f4xx_cryp_tdes.c 0x00000000   Number         0  stm32f4xx_cryp_tdes.o ABSOLUTE
    ..\\Code\\STLIB\\FWLIB\\src\\stm32f4xx_dbgmcu.c 0x00000000   Number         0  stm32f4xx_dbgmcu.o ABSOLUTE
    ..\\Code\\STLIB\\FWLIB\\src\\stm32f4xx_dcmi.c 0x00000000   Number         0  stm32f4xx_dcmi.o ABSOLUTE
    ..\\Code\\STLIB\\FWLIB\\src\\stm32f4xx_exti.c 0x00000000   Number         0  stm32f4xx_exti.o ABSOLUTE
    ..\\Code\\STLIB\\FWLIB\\src\\stm32f4xx_gpio.c 0x00000000   Number         0  stm32f4xx_gpio.o ABSOLUTE
    ..\\Code\\STLIB\\FWLIB\\src\\stm32f4xx_iwdg.c 0x00000000   Number         0  stm32f4xx_iwdg.o ABSOLUTE
    ..\\Code\\STLIB\\FWLIB\\src\\stm32f4xx_ltdc.c 0x00000000   Number         0  stm32f4xx_ltdc.o ABSOLUTE
    ..\\Code\\STLIB\\FWLIB\\src\\stm32f4xx_pwr.c 0x00000000   Number         0  stm32f4xx_pwr.o ABSOLUTE
    ..\\Code\\STLIB\\FWLIB\\src\\stm32f4xx_rcc.c 0x00000000   Number         0  stm32f4xx_rcc.o ABSOLUTE
    ..\\Code\\STLIB\\FWLIB\\src\\stm32f4xx_rng.c 0x00000000   Number         0  stm32f4xx_rng.o ABSOLUTE
    ..\\Code\\STLIB\\FWLIB\\src\\stm32f4xx_rtc.c 0x00000000   Number         0  stm32f4xx_rtc.o ABSOLUTE
    ..\\Code\\STLIB\\FWLIB\\src\\stm32f4xx_sai.c 0x00000000   Number         0  stm32f4xx_sai.o ABSOLUTE
    ..\\Code\\STLIB\\FWLIB\\src\\stm32f4xx_sdio.c 0x00000000   Number         0  stm32f4xx_sdio.o ABSOLUTE
    ..\\Code\\STLIB\\FWLIB\\src\\stm32f4xx_spi.c 0x00000000   Number         0  stm32f4xx_spi.o ABSOLUTE
    ..\\Code\\STLIB\\FWLIB\\src\\stm32f4xx_syscfg.c 0x00000000   Number         0  stm32f4xx_syscfg.o ABSOLUTE
    ..\\Code\\STLIB\\FWLIB\\src\\stm32f4xx_tim.c 0x00000000   Number         0  stm32f4xx_tim.o ABSOLUTE
    ..\\Code\\STLIB\\FWLIB\\src\\stm32f4xx_usart.c 0x00000000   Number         0  stm32f4xx_usart.o ABSOLUTE
    ..\\Code\\STLIB\\FWLIB\\src\\stm32f4xx_wwdg.c 0x00000000   Number         0  stm32f4xx_wwdg.o ABSOLUTE
    ..\\Code\\STLIB\\stm32f4xx_it.c          0x00000000   Number         0  stm32f4xx_it.o ABSOLUTE
    ..\\Code\\main.c                         0x00000000   Number         0  main.o ABSOLUTE
    RTE\Data_Exchange\jansson_config.c       0x00000000   Number         0  jansson_config.o ABSOLUTE
    cdcmple.s                                0x00000000   Number         0  cdcmple.o ABSOLUTE
    cdrcmple.s                               0x00000000   Number         0  cdrcmple.o ABSOLUTE
    dc.s                                     0x00000000   Number         0  dc.o ABSOLUTE
    handlers.s                               0x00000000   Number         0  handlers.o ABSOLUTE
    init.s                                   0x00000000   Number         0  init.o ABSOLUTE
    RESET                                    0x08000000   Section      392  startup_stm32f40_41xxx.o(RESET)
    .ARM.Collect$$$$00000000                 0x08000188   Section        0  entry.o(.ARM.Collect$$$$00000000)
    .ARM.Collect$$$$00000001                 0x08000188   Section        4  entry2.o(.ARM.Collect$$$$00000001)
    .ARM.Collect$$$$00000004                 0x0800018c   Section        4  entry5.o(.ARM.Collect$$$$00000004)
    .ARM.Collect$$$$00000008                 0x08000190   Section        0  entry7b.o(.ARM.Collect$$$$00000008)
    .ARM.Collect$$$$0000000A                 0x08000190   Section        0  entry8b.o(.ARM.Collect$$$$0000000A)
    .ARM.Collect$$$$0000000B                 0x08000190   Section        8  entry9a.o(.ARM.Collect$$$$0000000B)
    .ARM.Collect$$$$0000000D                 0x08000198   Section        0  entry10a.o(.ARM.Collect$$$$0000000D)
    .ARM.Collect$$$$0000000F                 0x08000198   Section        0  entry11a.o(.ARM.Collect$$$$0000000F)
    .ARM.Collect$$$$00002712                 0x08000198   Section        4  entry2.o(.ARM.Collect$$$$00002712)
    __lit__00000000                          0x08000198   Data           4  entry2.o(.ARM.Collect$$$$00002712)
    .text                                    0x0800019c   Section       36  startup_stm32f40_41xxx.o(.text)
    $v0                                      0x0800019c   Number         0  startup_stm32f40_41xxx.o(.text)
    .text                                    0x080001c0   Section        0  memseta.o(.text)
    .text                                    0x080001e4   Section        0  strlen.o(.text)
    .text                                    0x080001f2   Section        0  dadd.o(.text)
    .text                                    0x08000340   Section        0  dmul.o(.text)
    .text                                    0x08000424   Section        0  ddiv.o(.text)
    .text                                    0x08000502   Section        0  dflti.o(.text)
    .text                                    0x08000524   Section        0  dfltui.o(.text)
    .text                                    0x0800053e   Section        0  f2d.o(.text)
    .text                                    0x08000564   Section       48  cdcmple.o(.text)
    .text                                    0x08000594   Section       48  cdrcmple.o(.text)
    .text                                    0x080005c4   Section        0  d2f.o(.text)
    .text                                    0x080005fc   Section        0  uidiv.o(.text)
    .text                                    0x08000628   Section        0  uldiv.o(.text)
    .text                                    0x0800068a   Section        0  llshl.o(.text)
    .text                                    0x080006a8   Section        0  llsshr.o(.text)
    .text                                    0x080006cc   Section        0  iusefp.o(.text)
    .text                                    0x080006cc   Section        0  fepilogue.o(.text)
    .text                                    0x0800073a   Section        0  depilogue.o(.text)
    .text                                    0x080007f4   Section        0  dfixul.o(.text)
    .text                                    0x08000824   Section       36  init.o(.text)
    .text                                    0x08000848   Section        0  semi.o(.text)
    .text                                    0x08000848   Section        0  llushr.o(.text)
    .text                                    0x08000868   Section        0  iusesemip.o(.text)
    i.ADS1255_DataFormatting                 0x08000868   Section        0  ads1255.o(i.ADS1255_DataFormatting)
    i.ADS1255_GPIO_Init                      0x08000954   Section        0  ads1255.o(i.ADS1255_GPIO_Init)
    i.ADS1255_Init                           0x080009d0   Section        0  ads1255.o(i.ADS1255_Init)
    i.ADS1255_RDATA                          0x08000b00   Section        0  ads1255.o(i.ADS1255_RDATA)
    i.ADS1255_Read_a_Data                    0x08000b20   Section        0  ads1255.o(i.ADS1255_Read_a_Data)
    i.ADS1255_SELFCAL                        0x08000b48   Section        0  ads1255.o(i.ADS1255_SELFCAL)
    i.ADS1255_SYNC                           0x08000b68   Section        0  ads1255.o(i.ADS1255_SYNC)
    i.ADS1255_WAKEUP                         0x08000b88   Section        0  ads1255.o(i.ADS1255_WAKEUP)
    i.ADS1255_read_bit                       0x08000b94   Section        0  ads1255.o(i.ADS1255_read_bit)
    i.ADS1255_read_reg                       0x08000bdc   Section        0  ads1255.o(i.ADS1255_read_reg)
    i.ADS1255_write_bit                      0x08000c14   Section        0  ads1255.o(i.ADS1255_write_bit)
    i.ADS1255_write_reg                      0x08000c64   Section        0  ads1255.o(i.ADS1255_write_reg)
    i.ANO_DT_Data_Exchange                   0x08000c9c   Section        0  ano_dt.o(i.ANO_DT_Data_Exchange)
    ANO_DT_Data_Exchange                     0x08000c9d   Thumb Code   772  ano_dt.o(i.ANO_DT_Data_Exchange)
    i.ANO_DT_Data_Receive_Anl                0x08000fa8   Section        0  ano_dt.o(i.ANO_DT_Data_Receive_Anl)
    ANO_DT_Data_Receive_Anl                  0x08000fa9   Thumb Code   976  ano_dt.o(i.ANO_DT_Data_Receive_Anl)
    i.ANO_DT_Do                              0x08001380   Section        0  ano_dt.o(i.ANO_DT_Do)
    i.ANO_DT_Send_Check                      0x080013b8   Section        0  ano_dt.o(i.ANO_DT_Send_Check)
    ANO_DT_Send_Check                        0x080013b9   Thumb Code    62  ano_dt.o(i.ANO_DT_Send_Check)
    i.ANO_DT_Send_Data                       0x080013fc   Section        0  ano_dt.o(i.ANO_DT_Send_Data)
    ANO_DT_Send_Data                         0x080013fd   Thumb Code    16  ano_dt.o(i.ANO_DT_Send_Data)
    i.ANO_DT_Send_PID                        0x08001410   Section        0  ano_dt.o(i.ANO_DT_Send_PID)
    ANO_DT_Send_PID                          0x08001411   Thumb Code   490  ano_dt.o(i.ANO_DT_Send_PID)
    i.Argument_Init                          0x08001600   Section        0  ano_dt.o(i.Argument_Init)
    i.Argument_Save                          0x08001610   Section        0  ano_dt.o(i.Argument_Save)
    Argument_Save                            0x08001611   Thumb Code    12  ano_dt.o(i.Argument_Save)
    i.Argument_To_Ctrl                       0x0800161c   Section        0  ano_dt.o(i.Argument_To_Ctrl)
    Argument_To_Ctrl                         0x0800161d   Thumb Code     2  ano_dt.o(i.Argument_To_Ctrl)
    i.BSP_Init                               0x08001620   Section        0  my_bsp.o(i.BSP_Init)
    i.Beep_Init                              0x080016f0   Section        0  beep.o(i.Beep_Init)
    i.Beep_Play                              0x08001790   Section        0  beep.o(i.Beep_Play)
    i.BusFault_Handler                       0x080017b0   Section        0  stm32f4xx_it.o(i.BusFault_Handler)
    i.Control_Preparing                      0x080017b4   Section        0  control.o(i.Control_Preparing)
    i.Control_Stop                           0x080017c4   Section        0  control.o(i.Control_Stop)
    i.Control_Strength                       0x080017ce   Section        0  control.o(i.Control_Strength)
    i.Control_Velocity                       0x080017d0   Section        0  control.o(i.Control_Velocity)
    i.Ctrl_Set_Zoro                          0x08001800   Section        0  ano_dt.o(i.Ctrl_Set_Zoro)
    Ctrl_Set_Zoro                            0x08001801   Thumb Code    12  ano_dt.o(i.Ctrl_Set_Zoro)
    i.Ctrl_To_Argument                       0x08001810   Section        0  ano_dt.o(i.Ctrl_To_Argument)
    Ctrl_To_Argument                         0x08001811   Thumb Code     2  ano_dt.o(i.Ctrl_To_Argument)
    i.Cycle_Time_Init                        0x08001812   Section        0  time.o(i.Cycle_Time_Init)
    i.DebugMon_Handler                       0x08001828   Section        0  stm32f4xx_it.o(i.DebugMon_Handler)
    i.Display_Error                          0x0800182c   Section        0  display.o(i.Display_Error)
    i.ESCON_EN                               0x0800184c   Section        0  escon.o(i.ESCON_EN)
    i.ESCON_Init                             0x08001864   Section        0  escon.o(i.ESCON_Init)
    i.ESCON_PWM_Set                          0x08001940   Section        0  escon.o(i.ESCON_PWM_Set)
    i.Encoder_Init_TIM8                      0x0800199c   Section        0  encoder.o(i.Encoder_Init_TIM8)
    i.Flash_SavePID                          0x08001a54   Section        0  ano_dt.o(i.Flash_SavePID)
    Flash_SavePID                            0x08001a55   Thumb Code   102  ano_dt.o(i.Flash_SavePID)
    i.GPIO_Init                              0x08001ac4   Section        0  stm32f4xx_gpio.o(i.GPIO_Init)
    i.GPIO_PinAFConfig                       0x08001b54   Section        0  stm32f4xx_gpio.o(i.GPIO_PinAFConfig)
    i.GPIO_ReadInputDataBit                  0x08001b9a   Section        0  stm32f4xx_gpio.o(i.GPIO_ReadInputDataBit)
    i.GPIO_ResetBits                         0x08001bac   Section        0  stm32f4xx_gpio.o(i.GPIO_ResetBits)
    i.GPIO_SetBits                           0x08001bb0   Section        0  stm32f4xx_gpio.o(i.GPIO_SetBits)
    i.GetSysTime_us                          0x08001bb4   Section        0  systick.o(i.GetSysTime_us)
    i.Get_Cycle_T                            0x08001be8   Section        0  time.o(i.Get_Cycle_T)
    i.HMI_Data_Handle                        0x08001c68   Section        0  hmi.o(i.HMI_Data_Handle)
    i.HardFault_Handler                      0x08001cd0   Section        0  stm32f4xx_it.o(i.HardFault_Handler)
    i.Insert_Sort                            0x08001d64   Section        0  my_math.o(i.Insert_Sort)
    i.KEY_Init                               0x08001e00   Section        0  key.o(i.KEY_Init)
    i.KEY_Scan                               0x08001e40   Section        0  key.o(i.KEY_Scan)
    i.LED_ALL_OFF                            0x08001ecc   Section        0  led.o(i.LED_ALL_OFF)
    i.LED_ALL_ON                             0x08001f14   Section        0  led.o(i.LED_ALL_ON)
    i.LED_Blink                              0x08001f5c   Section        0  led.o(i.LED_Blink)
    i.LED_Init                               0x08001f94   Section        0  led.o(i.LED_Init)
    i.LED_OFF                                0x08001fec   Section        0  led.o(i.LED_OFF)
    i.LED_ON                                 0x08002038   Section        0  led.o(i.LED_ON)
    i.LED_SWITCH                             0x08002084   Section        0  led.o(i.LED_SWITCH)
    i.Loop_Time_Check                        0x08002118   Section        0  task_loop.o(i.Loop_Time_Check)
    i.Loop_Time_Clear                        0x08002164   Section        0  task_loop.o(i.Loop_Time_Clear)
    i.MemManage_Handler                      0x08002174   Section        0  stm32f4xx_it.o(i.MemManage_Handler)
    i.NMI_Handler                            0x08002178   Section        0  stm32f4xx_it.o(i.NMI_Handler)
    i.NVIC_Init                              0x0800217c   Section        0  misc.o(i.NVIC_Init)
    i.NVIC_PriorityGroupConfig               0x080021f4   Section        0  misc.o(i.NVIC_PriorityGroupConfig)
    i.OLED_Clear                             0x08002208   Section        0  oled.o(i.OLED_Clear)
    i.OLED_DrawPoint                         0x08002238   Section        0  oled.o(i.OLED_DrawPoint)
    i.OLED_Init                              0x080022a0   Section        0  oled.o(i.OLED_Init)
    i.OLED_Refresh_Gram                      0x080023f4   Section        0  oled.o(i.OLED_Refresh_Gram)
    i.OLED_ShowChar                          0x08002440   Section        0  oled.o(i.OLED_ShowChar)
    i.OLED_ShowString                        0x080024e8   Section        0  oled.o(i.OLED_ShowString)
    i.OLED_WR_Byte                           0x0800252c   Section        0  oled.o(i.OLED_WR_Byte)
    i.RCC_AHB1PeriphClockCmd                 0x08002584   Section        0  stm32f4xx_rcc.o(i.RCC_AHB1PeriphClockCmd)
    i.RCC_APB1PeriphClockCmd                 0x080025a4   Section        0  stm32f4xx_rcc.o(i.RCC_APB1PeriphClockCmd)
    i.RCC_APB2PeriphClockCmd                 0x080025c4   Section        0  stm32f4xx_rcc.o(i.RCC_APB2PeriphClockCmd)
    i.RCC_GetClocksFreq                      0x080025e4   Section        0  stm32f4xx_rcc.o(i.RCC_GetClocksFreq)
    i.ReadASingleData                        0x080026cc   Section        0  ads1255.o(i.ReadASingleData)
    i.STMFLASH_EraseSector                   0x08002720   Section        0  stmflash.o(i.STMFLASH_EraseSector)
    i.STMFLASH_GetFlashSector                0x08002794   Section        0  stmflash.o(i.STMFLASH_GetFlashSector)
    i.STMFLASH_GetStatus                     0x08002834   Section        0  stmflash.o(i.STMFLASH_GetStatus)
    i.STMFLASH_Lock                          0x08002874   Section        0  stmflash.o(i.STMFLASH_Lock)
    i.STMFLASH_ReadWord                      0x08002888   Section        0  stmflash.o(i.STMFLASH_ReadWord)
    i.STMFLASH_Unlock                        0x08002890   Section        0  stmflash.o(i.STMFLASH_Unlock)
    i.STMFLASH_WaitDone                      0x080028a8   Section        0  stmflash.o(i.STMFLASH_WaitDone)
    i.STMFLASH_Write                         0x080028d0   Section        0  stmflash.o(i.STMFLASH_Write)
    i.STMFLASH_WriteWord                     0x08002974   Section        0  stmflash.o(i.STMFLASH_WriteWord)
    i.SVC_Handler                            0x080029c8   Section        0  stm32f4xx_it.o(i.SVC_Handler)
    i.SetSysClock                            0x080029cc   Section        0  system_stm32f4xx.o(i.SetSysClock)
    SetSysClock                              0x080029cd   Thumb Code   220  system_stm32f4xx.o(i.SetSysClock)
    i.SysTick_CLKSourceConfig                0x08002ab8   Section        0  misc.o(i.SysTick_CLKSourceConfig)
    i.SysTick_Handler                        0x08002ae0   Section        0  systick.o(i.SysTick_Handler)
    i.SysTick_Init                           0x08002afc   Section        0  systick.o(i.SysTick_Init)
    i.SystemInit                             0x08002b68   Section        0  system_stm32f4xx.o(i.SystemInit)
    i.System_Init                            0x08002bd0   Section        0  main.o(i.System_Init)
    System_Init                              0x08002bd1   Thumb Code    26  main.o(i.System_Init)
    i.System_Tiem_Clear                      0x08002bec   Section        0  time.o(i.System_Tiem_Clear)
    i.System_Time_Running                    0x08002bfc   Section        0  time.o(i.System_Time_Running)
    i.TI1_Config                             0x08002c68   Section        0  stm32f4xx_tim.o(i.TI1_Config)
    TI1_Config                               0x08002c69   Thumb Code    58  stm32f4xx_tim.o(i.TI1_Config)
    i.TI2_Config                             0x08002ca2   Section        0  stm32f4xx_tim.o(i.TI2_Config)
    TI2_Config                               0x08002ca3   Thumb Code    80  stm32f4xx_tim.o(i.TI2_Config)
    i.TI3_Config                             0x08002cf2   Section        0  stm32f4xx_tim.o(i.TI3_Config)
    TI3_Config                               0x08002cf3   Thumb Code    72  stm32f4xx_tim.o(i.TI3_Config)
    i.TI4_Config                             0x08002d3a   Section        0  stm32f4xx_tim.o(i.TI4_Config)
    TI4_Config                               0x08002d3b   Thumb Code    80  stm32f4xx_tim.o(i.TI4_Config)
    i.TIM_ClearFlag                          0x08002d8a   Section        0  stm32f4xx_tim.o(i.TIM_ClearFlag)
    i.TIM_Cmd                                0x08002d90   Section        0  stm32f4xx_tim.o(i.TIM_Cmd)
    i.TIM_CtrlPWMOutputs                     0x08002da8   Section        0  stm32f4xx_tim.o(i.TIM_CtrlPWMOutputs)
    i.TIM_EncoderInterfaceConfig             0x08002dc6   Section        0  stm32f4xx_tim.o(i.TIM_EncoderInterfaceConfig)
    i.TIM_ICInit                             0x08002e08   Section        0  stm32f4xx_tim.o(i.TIM_ICInit)
    i.TIM_ICStructInit                       0x08002e76   Section        0  stm32f4xx_tim.o(i.TIM_ICStructInit)
    i.TIM_ITConfig                           0x08002e88   Section        0  stm32f4xx_tim.o(i.TIM_ITConfig)
    i.TIM_OC1Init                            0x08002e9c   Section        0  stm32f4xx_tim.o(i.TIM_OC1Init)
    i.TIM_OC1PreloadConfig                   0x08002f18   Section        0  stm32f4xx_tim.o(i.TIM_OC1PreloadConfig)
    i.TIM_SetCounter                         0x08002f2a   Section        0  stm32f4xx_tim.o(i.TIM_SetCounter)
    i.TIM_SetIC1Prescaler                    0x08002f2e   Section        0  stm32f4xx_tim.o(i.TIM_SetIC1Prescaler)
    i.TIM_SetIC2Prescaler                    0x08002f40   Section        0  stm32f4xx_tim.o(i.TIM_SetIC2Prescaler)
    i.TIM_SetIC3Prescaler                    0x08002f5a   Section        0  stm32f4xx_tim.o(i.TIM_SetIC3Prescaler)
    i.TIM_SetIC4Prescaler                    0x08002f6c   Section        0  stm32f4xx_tim.o(i.TIM_SetIC4Prescaler)
    i.TIM_TimeBaseInit                       0x08002f88   Section        0  stm32f4xx_tim.o(i.TIM_TimeBaseInit)
    i.TIM_TimeBaseStructInit                 0x0800300c   Section        0  stm32f4xx_tim.o(i.TIM_TimeBaseStructInit)
    i.Task_10ms                              0x08003020   Section        0  task_loop.o(i.Task_10ms)
    Task_10ms                                0x08003021   Thumb Code   104  task_loop.o(i.Task_10ms)
    i.Task_50ms                              0x0800308c   Section        0  task_loop.o(i.Task_50ms)
    Task_50ms                                0x0800308d   Thumb Code   192  task_loop.o(i.Task_50ms)
    i.Task_Loop                              0x08003158   Section        0  task_loop.o(i.Task_Loop)
    i.Tensile_Init                           0x080031e0   Section        0  tensile.o(i.Tensile_Init)
    i.Tensile_Read_LVDT                      0x08003238   Section        0  tensile.o(i.Tensile_Read_LVDT)
    i.UART4_IRQHandler                       0x080032f8   Section        0  uart4.o(i.UART4_IRQHandler)
    i.UART5_IRQHandler                       0x080033a0   Section        0  hmi.o(i.UART5_IRQHandler)
    i.USART1_IRQHandler                      0x08003454   Section        0  printf_uart.o(i.USART1_IRQHandler)
    i.USART3_IRQHandler                      0x080034f0   Section        0  usart3.o(i.USART3_IRQHandler)
    i.USART_ClearFlag                        0x0800358c   Section        0  stm32f4xx_usart.o(i.USART_ClearFlag)
    i.USART_Cmd                              0x0800359e   Section        0  stm32f4xx_usart.o(i.USART_Cmd)
    i.USART_GetFlagStatus                    0x080035b6   Section        0  stm32f4xx_usart.o(i.USART_GetFlagStatus)
    i.USART_GetITStatus                      0x080035d0   Section        0  stm32f4xx_usart.o(i.USART_GetITStatus)
    i.USART_ITConfig                         0x08003624   Section        0  stm32f4xx_usart.o(i.USART_ITConfig)
    i.USART_Init                             0x08003670   Section        0  stm32f4xx_usart.o(i.USART_Init)
    i.USART_ReceiveData                      0x08003744   Section        0  stm32f4xx_usart.o(i.USART_ReceiveData)
    i.USART_SendData                         0x0800374e   Section        0  stm32f4xx_usart.o(i.USART_SendData)
    i.UsageFault_Handler                     0x08003756   Section        0  stm32f4xx_it.o(i.UsageFault_Handler)
    i.__0printf                              0x0800375c   Section        0  printfa.o(i.__0printf)
    i.__0sprintf                             0x0800377c   Section        0  printfa.o(i.__0sprintf)
    i.__0vsprintf                            0x080037a4   Section        0  printfa.o(i.__0vsprintf)
    i.__scatterload_copy                     0x080037c8   Section       14  handlers.o(i.__scatterload_copy)
    i.__scatterload_null                     0x080037d6   Section        2  handlers.o(i.__scatterload_null)
    i.__scatterload_zeroinit                 0x080037d8   Section       14  handlers.o(i.__scatterload_zeroinit)
    i._fp_digits                             0x080037e8   Section        0  printfa.o(i._fp_digits)
    _fp_digits                               0x080037e9   Thumb Code   334  printfa.o(i._fp_digits)
    i._printf_core                           0x0800394c   Section        0  printfa.o(i._printf_core)
    _printf_core                             0x0800394d   Thumb Code  1744  printfa.o(i._printf_core)
    i._printf_post_padding                   0x08004028   Section        0  printfa.o(i._printf_post_padding)
    _printf_post_padding                     0x08004029   Thumb Code    36  printfa.o(i._printf_post_padding)
    i._printf_pre_padding                    0x0800404c   Section        0  printfa.o(i._printf_pre_padding)
    _printf_pre_padding                      0x0800404d   Thumb Code    46  printfa.o(i._printf_pre_padding)
    i._sputc                                 0x0800407a   Section        0  printfa.o(i._sputc)
    _sputc                                   0x0800407b   Thumb Code    10  printfa.o(i._sputc)
    i.delay_ms                               0x08004084   Section        0  systick.o(i.delay_ms)
    i.delay_us                               0x0800409e   Section        0  systick.o(i.delay_us)
    i.fputc                                  0x080040b6   Section        0  fputc.o(i.fputc)
    i.main                                   0x080040c8   Section        0  main.o(i.main)
    i.pid_ctr_velocity                       0x080040d4   Section        0  algorithm.o(i.pid_ctr_velocity)
    i.pid_inc_calc                           0x0800411c   Section        0  pid.o(i.pid_inc_calc)
    i.pid_setup_velocity                     0x08004218   Section        0  algorithm.o(i.pid_setup_velocity)
    i.u1_printf                              0x0800424c   Section        0  printf_uart.o(i.u1_printf)
    i.u3_putbuff                             0x0800429c   Section        0  usart3.o(i.u3_putbuff)
    i.u3_putchar                             0x080042b8   Section        0  usart3.o(i.u3_putchar)
    u3_putchar                               0x080042b9   Thumb Code    22  usart3.o(i.u3_putchar)
    i.update_pid_param                       0x080042d4   Section        0  pid.o(i.update_pid_param)
    i.usart1_init                            0x08004338   Section        0  printf_uart.o(i.usart1_init)
    .constdata                               0x080043f0   Section     2660  oled.o(.constdata)
    .data                                    0x20000000   Section        8  task_loop.o(.data)
    Loop_Time                                0x20000000   Data           8  task_loop.o(.data)
    .data                                    0x20000008   Section        4  ano_dt.o(.data)
    ANO_DT_Rx_Cnt                            0x20000008   Data           1  ano_dt.o(.data)
    _data_len                                0x2000000a   Data           1  ano_dt.o(.data)
    state                                    0x2000000b   Data           1  ano_dt.o(.data)
    .data                                    0x2000000c   Section        1  control.o(.data)
    .data                                    0x20000010   Section       88  param.o(.data)
    .data                                    0x20000068   Section        4  hmi.o(.data)
    .data                                    0x20000070   Section        8  tensile.o(.data)
    last_position                            0x20000070   Data           8  tensile.o(.data)
    .data                                    0x20000078   Section        5  led.o(.data)
    LED_Status                               0x20000078   Data           4  led.o(.data)
    time_count                               0x2000007c   Data           1  led.o(.data)
    .data                                    0x20000080   Section        8  systick.o(.data)
    .data                                    0x20000088   Section        6  time.o(.data)
    .data                                    0x2000008e   Section        2  usart3.o(.data)
    .data                                    0x20000090   Section        1  key.o(.data)
    key_up                                   0x20000090   Data           1  key.o(.data)
    .data                                    0x20000094   Section        8  printf_uart.o(.data)
    .data                                    0x2000009c   Section        3  uart4.o(.data)
    .data                                    0x2000009f   Section       16  stm32f4xx_rcc.o(.data)
    APBAHBPrescTable                         0x2000009f   Data          16  stm32f4xx_rcc.o(.data)
    .data                                    0x200000b0   Section        4  stdout.o(.data)
    .bss                                     0x200000b4   Section      328  ano_dt.o(.bss)
    f                                        0x200000b4   Data          10  ano_dt.o(.bss)
    ctrl_1                                   0x200000c0   Data         216  ano_dt.o(.bss)
    data_to_send                             0x20000198   Data          50  ano_dt.o(.bss)
    ANO_DT_RxBuffer                          0x200001ca   Data          50  ano_dt.o(.bss)
    .bss                                     0x20000200   Section      176  param.o(.bss)
    .bss                                     0x200002b0   Section     1600  hmi.o(.bss)
    .bss                                     0x200008f0   Section      112  tensile.o(.bss)
    .bss                                     0x20000960   Section       60  time.o(.bss)
    .bss                                     0x2000099c   Section     1024  oled.o(.bss)
    .bss                                     0x20000da0   Section      800  usart3.o(.bss)
    .bss                                     0x200010c0   Section      800  printf_uart.o(.bss)
    .bss                                     0x200013e0   Section      800  uart4.o(.bss)
    STACK                                    0x20001700   Section     1024  startup_stm32f40_41xxx.o(STACK)

    Global Symbols

    Symbol Name                              Value     Ov Type        Size  Object(Section)

    BuildAttributes$$THM_ISAv4$E$P$D$K$B$S$7EM$VFPi3$EXTD16$VFPS$VFMA$PE$A:L22UL41UL21$X:L11$S22US41US21$IEEE1$IW$USESV6$~STKCKD$USESV7$~SHL$OTIME$ROPI$EBA8$MICROLIB$REQ8$PRES8$EABIv2 0x00000000   Number         0  anon$$obj.o ABSOLUTE
    __ARM_use_no_argv                        0x00000000   Number         0  main.o ABSOLUTE
    _printf_a                                0x00000000   Number         0  stubs.o ABSOLUTE
    _printf_c                                0x00000000   Number         0  stubs.o ABSOLUTE
    _printf_charcount                        0x00000000   Number         0  stubs.o ABSOLUTE
    _printf_d                                0x00000000   Number         0  stubs.o ABSOLUTE
    _printf_e                                0x00000000   Number         0  stubs.o ABSOLUTE
    _printf_f                                0x00000000   Number         0  stubs.o ABSOLUTE
    _printf_flags                            0x00000000   Number         0  stubs.o ABSOLUTE
    _printf_fp_dec                           0x00000000   Number         0  stubs.o ABSOLUTE
    _printf_fp_hex                           0x00000000   Number         0  stubs.o ABSOLUTE
    _printf_g                                0x00000000   Number         0  stubs.o ABSOLUTE
    _printf_i                                0x00000000   Number         0  stubs.o ABSOLUTE
    _printf_int_dec                          0x00000000   Number         0  stubs.o ABSOLUTE
    _printf_l                                0x00000000   Number         0  stubs.o ABSOLUTE
    _printf_lc                               0x00000000   Number         0  stubs.o ABSOLUTE
    _printf_ll                               0x00000000   Number         0  stubs.o ABSOLUTE
    _printf_lld                              0x00000000   Number         0  stubs.o ABSOLUTE
    _printf_lli                              0x00000000   Number         0  stubs.o ABSOLUTE
    _printf_llo                              0x00000000   Number         0  stubs.o ABSOLUTE
    _printf_llu                              0x00000000   Number         0  stubs.o ABSOLUTE
    _printf_llx                              0x00000000   Number         0  stubs.o ABSOLUTE
    _printf_longlong_dec                     0x00000000   Number         0  stubs.o ABSOLUTE
    _printf_longlong_hex                     0x00000000   Number         0  stubs.o ABSOLUTE
    _printf_longlong_oct                     0x00000000   Number         0  stubs.o ABSOLUTE
    _printf_ls                               0x00000000   Number         0  stubs.o ABSOLUTE
    _printf_mbtowc                           0x00000000   Number         0  stubs.o ABSOLUTE
    _printf_n                                0x00000000   Number         0  stubs.o ABSOLUTE
    _printf_o                                0x00000000   Number         0  stubs.o ABSOLUTE
    _printf_p                                0x00000000   Number         0  stubs.o ABSOLUTE
    _printf_percent                          0x00000000   Number         0  stubs.o ABSOLUTE
    _printf_pre_padding                      0x00000000   Number         0  stubs.o ABSOLUTE
    _printf_return_value                     0x00000000   Number         0  stubs.o ABSOLUTE
    _printf_s                                0x00000000   Number         0  stubs.o ABSOLUTE
    _printf_sizespec                         0x00000000   Number         0  stubs.o ABSOLUTE
    _printf_str                              0x00000000   Number         0  stubs.o ABSOLUTE
    _printf_truncate_signed                  0x00000000   Number         0  stubs.o ABSOLUTE
    _printf_truncate_unsigned                0x00000000   Number         0  stubs.o ABSOLUTE
    _printf_u                                0x00000000   Number         0  stubs.o ABSOLUTE
    _printf_wc                               0x00000000   Number         0  stubs.o ABSOLUTE
    _printf_wctomb                           0x00000000   Number         0  stubs.o ABSOLUTE
    _printf_widthprec                        0x00000000   Number         0  stubs.o ABSOLUTE
    _printf_x                                0x00000000   Number         0  stubs.o ABSOLUTE
    __cpp_initialize__aeabi_                  - Undefined Weak Reference
    __cxa_finalize                            - Undefined Weak Reference
    __decompress                              - Undefined Weak Reference
    _clock_init                               - Undefined Weak Reference
    _microlib_exit                            - Undefined Weak Reference
    __Vectors_Size                           0x00000188   Number         0  startup_stm32f40_41xxx.o ABSOLUTE
    __Vectors                                0x08000000   Data           4  startup_stm32f40_41xxx.o(RESET)
    __Vectors_End                            0x08000188   Data           0  startup_stm32f40_41xxx.o(RESET)
    __main                                   0x08000189   Thumb Code     0  entry.o(.ARM.Collect$$$$00000000)
    _main_stk                                0x08000189   Thumb Code     0  entry2.o(.ARM.Collect$$$$00000001)
    _main_scatterload                        0x0800018d   Thumb Code     0  entry5.o(.ARM.Collect$$$$00000004)
    __main_after_scatterload                 0x08000191   Thumb Code     0  entry5.o(.ARM.Collect$$$$00000004)
    _main_clock                              0x08000191   Thumb Code     0  entry7b.o(.ARM.Collect$$$$00000008)
    _main_cpp_init                           0x08000191   Thumb Code     0  entry8b.o(.ARM.Collect$$$$0000000A)
    _main_init                               0x08000191   Thumb Code     0  entry9a.o(.ARM.Collect$$$$0000000B)
    __rt_final_cpp                           0x08000199   Thumb Code     0  entry10a.o(.ARM.Collect$$$$0000000D)
    __rt_final_exit                          0x08000199   Thumb Code     0  entry11a.o(.ARM.Collect$$$$0000000F)
    Reset_Handler                            0x0800019d   Thumb Code     8  startup_stm32f40_41xxx.o(.text)
    PendSV_Handler                           0x080001b3   Thumb Code     2  startup_stm32f40_41xxx.o(.text)
    ADC_IRQHandler                           0x080001b7   Thumb Code     0  startup_stm32f40_41xxx.o(.text)
    CAN1_RX0_IRQHandler                      0x080001b7   Thumb Code     0  startup_stm32f40_41xxx.o(.text)
    CAN1_RX1_IRQHandler                      0x080001b7   Thumb Code     0  startup_stm32f40_41xxx.o(.text)
    CAN1_SCE_IRQHandler                      0x080001b7   Thumb Code     0  startup_stm32f40_41xxx.o(.text)
    CAN1_TX_IRQHandler                       0x080001b7   Thumb Code     0  startup_stm32f40_41xxx.o(.text)
    CAN2_RX0_IRQHandler                      0x080001b7   Thumb Code     0  startup_stm32f40_41xxx.o(.text)
    CAN2_RX1_IRQHandler                      0x080001b7   Thumb Code     0  startup_stm32f40_41xxx.o(.text)
    CAN2_SCE_IRQHandler                      0x080001b7   Thumb Code     0  startup_stm32f40_41xxx.o(.text)
    CAN2_TX_IRQHandler                       0x080001b7   Thumb Code     0  startup_stm32f40_41xxx.o(.text)
    CRYP_IRQHandler                          0x080001b7   Thumb Code     0  startup_stm32f40_41xxx.o(.text)
    DCMI_IRQHandler                          0x080001b7   Thumb Code     0  startup_stm32f40_41xxx.o(.text)
    DMA1_Stream0_IRQHandler                  0x080001b7   Thumb Code     0  startup_stm32f40_41xxx.o(.text)
    DMA1_Stream1_IRQHandler                  0x080001b7   Thumb Code     0  startup_stm32f40_41xxx.o(.text)
    DMA1_Stream2_IRQHandler                  0x080001b7   Thumb Code     0  startup_stm32f40_41xxx.o(.text)
    DMA1_Stream3_IRQHandler                  0x080001b7   Thumb Code     0  startup_stm32f40_41xxx.o(.text)
    DMA1_Stream4_IRQHandler                  0x080001b7   Thumb Code     0  startup_stm32f40_41xxx.o(.text)
    DMA1_Stream5_IRQHandler                  0x080001b7   Thumb Code     0  startup_stm32f40_41xxx.o(.text)
    DMA1_Stream6_IRQHandler                  0x080001b7   Thumb Code     0  startup_stm32f40_41xxx.o(.text)
    DMA1_Stream7_IRQHandler                  0x080001b7   Thumb Code     0  startup_stm32f40_41xxx.o(.text)
    DMA2_Stream0_IRQHandler                  0x080001b7   Thumb Code     0  startup_stm32f40_41xxx.o(.text)
    DMA2_Stream1_IRQHandler                  0x080001b7   Thumb Code     0  startup_stm32f40_41xxx.o(.text)
    DMA2_Stream2_IRQHandler                  0x080001b7   Thumb Code     0  startup_stm32f40_41xxx.o(.text)
    DMA2_Stream3_IRQHandler                  0x080001b7   Thumb Code     0  startup_stm32f40_41xxx.o(.text)
    DMA2_Stream4_IRQHandler                  0x080001b7   Thumb Code     0  startup_stm32f40_41xxx.o(.text)
    DMA2_Stream5_IRQHandler                  0x080001b7   Thumb Code     0  startup_stm32f40_41xxx.o(.text)
    DMA2_Stream6_IRQHandler                  0x080001b7   Thumb Code     0  startup_stm32f40_41xxx.o(.text)
    DMA2_Stream7_IRQHandler                  0x080001b7   Thumb Code     0  startup_stm32f40_41xxx.o(.text)
    ETH_IRQHandler                           0x080001b7   Thumb Code     0  startup_stm32f40_41xxx.o(.text)
    ETH_WKUP_IRQHandler                      0x080001b7   Thumb Code     0  startup_stm32f40_41xxx.o(.text)
    EXTI0_IRQHandler                         0x080001b7   Thumb Code     0  startup_stm32f40_41xxx.o(.text)
    EXTI15_10_IRQHandler                     0x080001b7   Thumb Code     0  startup_stm32f40_41xxx.o(.text)
    EXTI1_IRQHandler                         0x080001b7   Thumb Code     0  startup_stm32f40_41xxx.o(.text)
    EXTI2_IRQHandler                         0x080001b7   Thumb Code     0  startup_stm32f40_41xxx.o(.text)
    EXTI3_IRQHandler                         0x080001b7   Thumb Code     0  startup_stm32f40_41xxx.o(.text)
    EXTI4_IRQHandler                         0x080001b7   Thumb Code     0  startup_stm32f40_41xxx.o(.text)
    EXTI9_5_IRQHandler                       0x080001b7   Thumb Code     0  startup_stm32f40_41xxx.o(.text)
    FLASH_IRQHandler                         0x080001b7   Thumb Code     0  startup_stm32f40_41xxx.o(.text)
    FPU_IRQHandler                           0x080001b7   Thumb Code     0  startup_stm32f40_41xxx.o(.text)
    FSMC_IRQHandler                          0x080001b7   Thumb Code     0  startup_stm32f40_41xxx.o(.text)
    HASH_RNG_IRQHandler                      0x080001b7   Thumb Code     0  startup_stm32f40_41xxx.o(.text)
    I2C1_ER_IRQHandler                       0x080001b7   Thumb Code     0  startup_stm32f40_41xxx.o(.text)
    I2C1_EV_IRQHandler                       0x080001b7   Thumb Code     0  startup_stm32f40_41xxx.o(.text)
    I2C2_ER_IRQHandler                       0x080001b7   Thumb Code     0  startup_stm32f40_41xxx.o(.text)
    I2C2_EV_IRQHandler                       0x080001b7   Thumb Code     0  startup_stm32f40_41xxx.o(.text)
    I2C3_ER_IRQHandler                       0x080001b7   Thumb Code     0  startup_stm32f40_41xxx.o(.text)
    I2C3_EV_IRQHandler                       0x080001b7   Thumb Code     0  startup_stm32f40_41xxx.o(.text)
    OTG_FS_IRQHandler                        0x080001b7   Thumb Code     0  startup_stm32f40_41xxx.o(.text)
    OTG_FS_WKUP_IRQHandler                   0x080001b7   Thumb Code     0  startup_stm32f40_41xxx.o(.text)
    OTG_HS_EP1_IN_IRQHandler                 0x080001b7   Thumb Code     0  startup_stm32f40_41xxx.o(.text)
    OTG_HS_EP1_OUT_IRQHandler                0x080001b7   Thumb Code     0  startup_stm32f40_41xxx.o(.text)
    OTG_HS_IRQHandler                        0x080001b7   Thumb Code     0  startup_stm32f40_41xxx.o(.text)
    OTG_HS_WKUP_IRQHandler                   0x080001b7   Thumb Code     0  startup_stm32f40_41xxx.o(.text)
    PVD_IRQHandler                           0x080001b7   Thumb Code     0  startup_stm32f40_41xxx.o(.text)
    RCC_IRQHandler                           0x080001b7   Thumb Code     0  startup_stm32f40_41xxx.o(.text)
    RTC_Alarm_IRQHandler                     0x080001b7   Thumb Code     0  startup_stm32f40_41xxx.o(.text)
    RTC_WKUP_IRQHandler                      0x080001b7   Thumb Code     0  startup_stm32f40_41xxx.o(.text)
    SDIO_IRQHandler                          0x080001b7   Thumb Code     0  startup_stm32f40_41xxx.o(.text)
    SPI1_IRQHandler                          0x080001b7   Thumb Code     0  startup_stm32f40_41xxx.o(.text)
    SPI2_IRQHandler                          0x080001b7   Thumb Code     0  startup_stm32f40_41xxx.o(.text)
    SPI3_IRQHandler                          0x080001b7   Thumb Code     0  startup_stm32f40_41xxx.o(.text)
    TAMP_STAMP_IRQHandler                    0x080001b7   Thumb Code     0  startup_stm32f40_41xxx.o(.text)
    TIM1_BRK_TIM9_IRQHandler                 0x080001b7   Thumb Code     0  startup_stm32f40_41xxx.o(.text)
    TIM1_CC_IRQHandler                       0x080001b7   Thumb Code     0  startup_stm32f40_41xxx.o(.text)
    TIM1_TRG_COM_TIM11_IRQHandler            0x080001b7   Thumb Code     0  startup_stm32f40_41xxx.o(.text)
    TIM1_UP_TIM10_IRQHandler                 0x080001b7   Thumb Code     0  startup_stm32f40_41xxx.o(.text)
    TIM2_IRQHandler                          0x080001b7   Thumb Code     0  startup_stm32f40_41xxx.o(.text)
    TIM3_IRQHandler                          0x080001b7   Thumb Code     0  startup_stm32f40_41xxx.o(.text)
    TIM4_IRQHandler                          0x080001b7   Thumb Code     0  startup_stm32f40_41xxx.o(.text)
    TIM5_IRQHandler                          0x080001b7   Thumb Code     0  startup_stm32f40_41xxx.o(.text)
    TIM6_DAC_IRQHandler                      0x080001b7   Thumb Code     0  startup_stm32f40_41xxx.o(.text)
    TIM7_IRQHandler                          0x080001b7   Thumb Code     0  startup_stm32f40_41xxx.o(.text)
    TIM8_BRK_TIM12_IRQHandler                0x080001b7   Thumb Code     0  startup_stm32f40_41xxx.o(.text)
    TIM8_CC_IRQHandler                       0x080001b7   Thumb Code     0  startup_stm32f40_41xxx.o(.text)
    TIM8_TRG_COM_TIM14_IRQHandler            0x080001b7   Thumb Code     0  startup_stm32f40_41xxx.o(.text)
    TIM8_UP_TIM13_IRQHandler                 0x080001b7   Thumb Code     0  startup_stm32f40_41xxx.o(.text)
    USART2_IRQHandler                        0x080001b7   Thumb Code     0  startup_stm32f40_41xxx.o(.text)
    USART6_IRQHandler                        0x080001b7   Thumb Code     0  startup_stm32f40_41xxx.o(.text)
    WWDG_IRQHandler                          0x080001b7   Thumb Code     0  startup_stm32f40_41xxx.o(.text)
    __aeabi_memset                           0x080001c1   Thumb Code    14  memseta.o(.text)
    __aeabi_memset4                          0x080001c1   Thumb Code     0  memseta.o(.text)
    __aeabi_memset8                          0x080001c1   Thumb Code     0  memseta.o(.text)
    __aeabi_memclr                           0x080001cf   Thumb Code     4  memseta.o(.text)
    __aeabi_memclr4                          0x080001cf   Thumb Code     0  memseta.o(.text)
    __aeabi_memclr8                          0x080001cf   Thumb Code     0  memseta.o(.text)
    _memset$wrapper                          0x080001d3   Thumb Code    18  memseta.o(.text)
    strlen                                   0x080001e5   Thumb Code    14  strlen.o(.text)
    __aeabi_dadd                             0x080001f3   Thumb Code   322  dadd.o(.text)
    __aeabi_dsub                             0x08000335   Thumb Code     6  dadd.o(.text)
    __aeabi_drsub                            0x0800033b   Thumb Code     6  dadd.o(.text)
    __aeabi_dmul                             0x08000341   Thumb Code   228  dmul.o(.text)
    __aeabi_ddiv                             0x08000425   Thumb Code   222  ddiv.o(.text)
    __aeabi_i2d                              0x08000503   Thumb Code    34  dflti.o(.text)
    __aeabi_ui2d                             0x08000525   Thumb Code    26  dfltui.o(.text)
    __aeabi_f2d                              0x0800053f   Thumb Code    38  f2d.o(.text)
    __aeabi_cdcmpeq                          0x08000565   Thumb Code     0  cdcmple.o(.text)
    __aeabi_cdcmple                          0x08000565   Thumb Code    48  cdcmple.o(.text)
    __aeabi_cdrcmple                         0x08000595   Thumb Code    48  cdrcmple.o(.text)
    __aeabi_d2f                              0x080005c5   Thumb Code    56  d2f.o(.text)
    __aeabi_uidiv                            0x080005fd   Thumb Code     0  uidiv.o(.text)
    __aeabi_uidivmod                         0x080005fd   Thumb Code    44  uidiv.o(.text)
    __aeabi_uldivmod                         0x08000629   Thumb Code    98  uldiv.o(.text)
    __aeabi_llsl                             0x0800068b   Thumb Code    30  llshl.o(.text)
    _ll_shift_l                              0x0800068b   Thumb Code     0  llshl.o(.text)
    __aeabi_lasr                             0x080006a9   Thumb Code    36  llsshr.o(.text)
    _ll_sshift_r                             0x080006a9   Thumb Code     0  llsshr.o(.text)
    __I$use$fp                               0x080006cd   Thumb Code     0  iusefp.o(.text)
    _float_round                             0x080006cd   Thumb Code    18  fepilogue.o(.text)
    _float_epilogue                          0x080006df   Thumb Code    92  fepilogue.o(.text)
    _double_round                            0x0800073b   Thumb Code    30  depilogue.o(.text)
    _double_epilogue                         0x08000759   Thumb Code   156  depilogue.o(.text)
    __aeabi_d2ulz                            0x080007f5   Thumb Code    48  dfixul.o(.text)
    __scatterload                            0x08000825   Thumb Code    28  init.o(.text)
    __scatterload_rt2                        0x08000825   Thumb Code     0  init.o(.text)
    __aeabi_llsr                             0x08000849   Thumb Code    32  llushr.o(.text)
    __semihosting_library_function           0x08000849   Thumb Code     0  semi.o(.text)
    _ll_ushift_r                             0x08000849   Thumb Code     0  llushr.o(.text)
    ADS1255_DataFormatting                   0x08000869   Thumb Code   218  ads1255.o(i.ADS1255_DataFormatting)
    __I$use$semihosting$fputc                0x08000869   Thumb Code     0  iusesemip.o(.text)
    ADS1255_GPIO_Init                        0x08000955   Thumb Code   110  ads1255.o(i.ADS1255_GPIO_Init)
    ADS1255_Init                             0x080009d1   Thumb Code   284  ads1255.o(i.ADS1255_Init)
    ADS1255_RDATA                            0x08000b01   Thumb Code    26  ads1255.o(i.ADS1255_RDATA)
    ADS1255_Read_a_Data                      0x08000b21   Thumb Code    38  ads1255.o(i.ADS1255_Read_a_Data)
    ADS1255_SELFCAL                          0x08000b49   Thumb Code    26  ads1255.o(i.ADS1255_SELFCAL)
    ADS1255_SYNC                             0x08000b69   Thumb Code    26  ads1255.o(i.ADS1255_SYNC)
    ADS1255_WAKEUP                           0x08000b89   Thumb Code    10  ads1255.o(i.ADS1255_WAKEUP)
    ADS1255_read_bit                         0x08000b95   Thumb Code    62  ads1255.o(i.ADS1255_read_bit)
    ADS1255_read_reg                         0x08000bdd   Thumb Code    50  ads1255.o(i.ADS1255_read_reg)
    ADS1255_write_bit                        0x08000c15   Thumb Code    74  ads1255.o(i.ADS1255_write_bit)
    ADS1255_write_reg                        0x08000c65   Thumb Code    50  ads1255.o(i.ADS1255_write_reg)
    ANO_DT_Do                                0x08001381   Thumb Code    42  ano_dt.o(i.ANO_DT_Do)
    Argument_Init                            0x08001601   Thumb Code    16  ano_dt.o(i.Argument_Init)
    BSP_Init                                 0x08001621   Thumb Code   138  my_bsp.o(i.BSP_Init)
    Beep_Init                                0x080016f1   Thumb Code   150  beep.o(i.Beep_Init)
    Beep_Play                                0x08001791   Thumb Code    26  beep.o(i.Beep_Play)
    BusFault_Handler                         0x080017b1   Thumb Code     4  stm32f4xx_it.o(i.BusFault_Handler)
    Control_Preparing                        0x080017b5   Thumb Code    10  control.o(i.Control_Preparing)
    Control_Stop                             0x080017c5   Thumb Code    10  control.o(i.Control_Stop)
    Control_Strength                         0x080017cf   Thumb Code     2  control.o(i.Control_Strength)
    Control_Velocity                         0x080017d1   Thumb Code    40  control.o(i.Control_Velocity)
    Cycle_Time_Init                          0x08001813   Thumb Code    22  time.o(i.Cycle_Time_Init)
    DebugMon_Handler                         0x08001829   Thumb Code     2  stm32f4xx_it.o(i.DebugMon_Handler)
    Display_Error                            0x0800182d   Thumb Code    18  display.o(i.Display_Error)
    ESCON_EN                                 0x0800184d   Thumb Code    18  escon.o(i.ESCON_EN)
    ESCON_Init                               0x08001865   Thumb Code   206  escon.o(i.ESCON_Init)
    ESCON_PWM_Set                            0x08001941   Thumb Code    74  escon.o(i.ESCON_PWM_Set)
    Encoder_Init_TIM8                        0x0800199d   Thumb Code   176  encoder.o(i.Encoder_Init_TIM8)
    GPIO_Init                                0x08001ac5   Thumb Code   144  stm32f4xx_gpio.o(i.GPIO_Init)
    GPIO_PinAFConfig                         0x08001b55   Thumb Code    70  stm32f4xx_gpio.o(i.GPIO_PinAFConfig)
    GPIO_ReadInputDataBit                    0x08001b9b   Thumb Code    18  stm32f4xx_gpio.o(i.GPIO_ReadInputDataBit)
    GPIO_ResetBits                           0x08001bad   Thumb Code     4  stm32f4xx_gpio.o(i.GPIO_ResetBits)
    GPIO_SetBits                             0x08001bb1   Thumb Code     4  stm32f4xx_gpio.o(i.GPIO_SetBits)
    GetSysTime_us                            0x08001bb5   Thumb Code    48  systick.o(i.GetSysTime_us)
    Get_Cycle_T                              0x08001be9   Thumb Code   118  time.o(i.Get_Cycle_T)
    HMI_Data_Handle                          0x08001c69   Thumb Code   100  hmi.o(i.HMI_Data_Handle)
    HardFault_Handler                        0x08001cd1   Thumb Code    44  stm32f4xx_it.o(i.HardFault_Handler)
    Insert_Sort                              0x08001d65   Thumb Code   148  my_math.o(i.Insert_Sort)
    KEY_Init                                 0x08001e01   Thumb Code    56  key.o(i.KEY_Init)
    KEY_Scan                                 0x08001e41   Thumb Code   128  key.o(i.KEY_Scan)
    LED_ALL_OFF                              0x08001ecd   Thumb Code    54  led.o(i.LED_ALL_OFF)
    LED_ALL_ON                               0x08001f15   Thumb Code    54  led.o(i.LED_ALL_ON)
    LED_Blink                                0x08001f5d   Thumb Code    48  led.o(i.LED_Blink)
    LED_Init                                 0x08001f95   Thumb Code    84  led.o(i.LED_Init)
    LED_OFF                                  0x08001fed   Thumb Code    64  led.o(i.LED_OFF)
    LED_ON                                   0x08002039   Thumb Code    64  led.o(i.LED_ON)
    LED_SWITCH                               0x08002085   Thumb Code   134  led.o(i.LED_SWITCH)
    Loop_Time_Check                          0x08002119   Thumb Code    72  task_loop.o(i.Loop_Time_Check)
    Loop_Time_Clear                          0x08002165   Thumb Code    10  task_loop.o(i.Loop_Time_Clear)
    MemManage_Handler                        0x08002175   Thumb Code     4  stm32f4xx_it.o(i.MemManage_Handler)
    NMI_Handler                              0x08002179   Thumb Code     2  stm32f4xx_it.o(i.NMI_Handler)
    NVIC_Init                                0x0800217d   Thumb Code   106  misc.o(i.NVIC_Init)
    NVIC_PriorityGroupConfig                 0x080021f5   Thumb Code    10  misc.o(i.NVIC_PriorityGroupConfig)
    OLED_Clear                               0x08002209   Thumb Code    42  oled.o(i.OLED_Clear)
    OLED_DrawPoint                           0x08002239   Thumb Code   100  oled.o(i.OLED_DrawPoint)
    OLED_Init                                0x080022a1   Thumb Code   328  oled.o(i.OLED_Init)
    OLED_Refresh_Gram                        0x080023f5   Thumb Code    70  oled.o(i.OLED_Refresh_Gram)
    OLED_ShowChar                            0x08002441   Thumb Code   158  oled.o(i.OLED_ShowChar)
    OLED_ShowString                          0x080024e9   Thumb Code    66  oled.o(i.OLED_ShowString)
    OLED_WR_Byte                             0x0800252d   Thumb Code    82  oled.o(i.OLED_WR_Byte)
    RCC_AHB1PeriphClockCmd                   0x08002585   Thumb Code    26  stm32f4xx_rcc.o(i.RCC_AHB1PeriphClockCmd)
    RCC_APB1PeriphClockCmd                   0x080025a5   Thumb Code    26  stm32f4xx_rcc.o(i.RCC_APB1PeriphClockCmd)
    RCC_APB2PeriphClockCmd                   0x080025c5   Thumb Code    26  stm32f4xx_rcc.o(i.RCC_APB2PeriphClockCmd)
    RCC_GetClocksFreq                        0x080025e5   Thumb Code   214  stm32f4xx_rcc.o(i.RCC_GetClocksFreq)
    ReadASingleData                          0x080026cd   Thumb Code    74  ads1255.o(i.ReadASingleData)
    STMFLASH_EraseSector                     0x08002721   Thumb Code   106  stmflash.o(i.STMFLASH_EraseSector)
    STMFLASH_GetFlashSector                  0x08002795   Thumb Code   116  stmflash.o(i.STMFLASH_GetFlashSector)
    STMFLASH_GetStatus                       0x08002835   Thumb Code    60  stmflash.o(i.STMFLASH_GetStatus)
    STMFLASH_Lock                            0x08002875   Thumb Code    14  stmflash.o(i.STMFLASH_Lock)
    STMFLASH_ReadWord                        0x08002889   Thumb Code     6  stmflash.o(i.STMFLASH_ReadWord)
    STMFLASH_Unlock                          0x08002891   Thumb Code    12  stmflash.o(i.STMFLASH_Unlock)
    STMFLASH_WaitDone                        0x080028a9   Thumb Code    40  stmflash.o(i.STMFLASH_WaitDone)
    STMFLASH_Write                           0x080028d1   Thumb Code   154  stmflash.o(i.STMFLASH_Write)
    STMFLASH_WriteWord                       0x08002975   Thumb Code    78  stmflash.o(i.STMFLASH_WriteWord)
    SVC_Handler                              0x080029c9   Thumb Code     2  stm32f4xx_it.o(i.SVC_Handler)
    SysTick_CLKSourceConfig                  0x08002ab9   Thumb Code    40  misc.o(i.SysTick_CLKSourceConfig)
    SysTick_Handler                          0x08002ae1   Thumb Code    22  systick.o(i.SysTick_Handler)
    SysTick_Init                             0x08002afd   Thumb Code    98  systick.o(i.SysTick_Init)
    SystemInit                               0x08002b69   Thumb Code    88  system_stm32f4xx.o(i.SystemInit)
    System_Tiem_Clear                        0x08002bed   Thumb Code    10  time.o(i.System_Tiem_Clear)
    System_Time_Running                      0x08002bfd   Thumb Code   104  time.o(i.System_Time_Running)
    TIM_ClearFlag                            0x08002d8b   Thumb Code     6  stm32f4xx_tim.o(i.TIM_ClearFlag)
    TIM_Cmd                                  0x08002d91   Thumb Code    24  stm32f4xx_tim.o(i.TIM_Cmd)
    TIM_CtrlPWMOutputs                       0x08002da9   Thumb Code    30  stm32f4xx_tim.o(i.TIM_CtrlPWMOutputs)
    TIM_EncoderInterfaceConfig               0x08002dc7   Thumb Code    66  stm32f4xx_tim.o(i.TIM_EncoderInterfaceConfig)
    TIM_ICInit                               0x08002e09   Thumb Code   110  stm32f4xx_tim.o(i.TIM_ICInit)
    TIM_ICStructInit                         0x08002e77   Thumb Code    18  stm32f4xx_tim.o(i.TIM_ICStructInit)
    TIM_ITConfig                             0x08002e89   Thumb Code    18  stm32f4xx_tim.o(i.TIM_ITConfig)
    TIM_OC1Init                              0x08002e9d   Thumb Code   114  stm32f4xx_tim.o(i.TIM_OC1Init)
    TIM_OC1PreloadConfig                     0x08002f19   Thumb Code    18  stm32f4xx_tim.o(i.TIM_OC1PreloadConfig)
    TIM_SetCounter                           0x08002f2b   Thumb Code     4  stm32f4xx_tim.o(i.TIM_SetCounter)
    TIM_SetIC1Prescaler                      0x08002f2f   Thumb Code    18  stm32f4xx_tim.o(i.TIM_SetIC1Prescaler)
    TIM_SetIC2Prescaler                      0x08002f41   Thumb Code    26  stm32f4xx_tim.o(i.TIM_SetIC2Prescaler)
    TIM_SetIC3Prescaler                      0x08002f5b   Thumb Code    18  stm32f4xx_tim.o(i.TIM_SetIC3Prescaler)
    TIM_SetIC4Prescaler                      0x08002f6d   Thumb Code    26  stm32f4xx_tim.o(i.TIM_SetIC4Prescaler)
    TIM_TimeBaseInit                         0x08002f89   Thumb Code   104  stm32f4xx_tim.o(i.TIM_TimeBaseInit)
    TIM_TimeBaseStructInit                   0x0800300d   Thumb Code    18  stm32f4xx_tim.o(i.TIM_TimeBaseStructInit)
    Task_Loop                                0x08003159   Thumb Code   128  task_loop.o(i.Task_Loop)
    Tensile_Init                             0x080031e1   Thumb Code    74  tensile.o(i.Tensile_Init)
    Tensile_Read_LVDT                        0x08003239   Thumb Code   182  tensile.o(i.Tensile_Read_LVDT)
    UART4_IRQHandler                         0x080032f9   Thumb Code   150  uart4.o(i.UART4_IRQHandler)
    UART5_IRQHandler                         0x080033a1   Thumb Code   156  hmi.o(i.UART5_IRQHandler)
    USART1_IRQHandler                        0x08003455   Thumb Code   144  printf_uart.o(i.USART1_IRQHandler)
    USART3_IRQHandler                        0x080034f1   Thumb Code   144  usart3.o(i.USART3_IRQHandler)
    USART_ClearFlag                          0x0800358d   Thumb Code    18  stm32f4xx_usart.o(i.USART_ClearFlag)
    USART_Cmd                                0x0800359f   Thumb Code    24  stm32f4xx_usart.o(i.USART_Cmd)
    USART_GetFlagStatus                      0x080035b7   Thumb Code    26  stm32f4xx_usart.o(i.USART_GetFlagStatus)
    USART_GetITStatus                        0x080035d1   Thumb Code    84  stm32f4xx_usart.o(i.USART_GetITStatus)
    USART_ITConfig                           0x08003625   Thumb Code    74  stm32f4xx_usart.o(i.USART_ITConfig)
    USART_Init                               0x08003671   Thumb Code   204  stm32f4xx_usart.o(i.USART_Init)
    USART_ReceiveData                        0x08003745   Thumb Code    10  stm32f4xx_usart.o(i.USART_ReceiveData)
    USART_SendData                           0x0800374f   Thumb Code     8  stm32f4xx_usart.o(i.USART_SendData)
    UsageFault_Handler                       0x08003757   Thumb Code     4  stm32f4xx_it.o(i.UsageFault_Handler)
    __0printf                                0x0800375d   Thumb Code    22  printfa.o(i.__0printf)
    __1printf                                0x0800375d   Thumb Code     0  printfa.o(i.__0printf)
    __2printf                                0x0800375d   Thumb Code     0  printfa.o(i.__0printf)
    __c89printf                              0x0800375d   Thumb Code     0  printfa.o(i.__0printf)
    printf                                   0x0800375d   Thumb Code     0  printfa.o(i.__0printf)
    __0sprintf                               0x0800377d   Thumb Code    34  printfa.o(i.__0sprintf)
    __1sprintf                               0x0800377d   Thumb Code     0  printfa.o(i.__0sprintf)
    __2sprintf                               0x0800377d   Thumb Code     0  printfa.o(i.__0sprintf)
    __c89sprintf                             0x0800377d   Thumb Code     0  printfa.o(i.__0sprintf)
    sprintf                                  0x0800377d   Thumb Code     0  printfa.o(i.__0sprintf)
    __0vsprintf                              0x080037a5   Thumb Code    30  printfa.o(i.__0vsprintf)
    __1vsprintf                              0x080037a5   Thumb Code     0  printfa.o(i.__0vsprintf)
    __2vsprintf                              0x080037a5   Thumb Code     0  printfa.o(i.__0vsprintf)
    __c89vsprintf                            0x080037a5   Thumb Code     0  printfa.o(i.__0vsprintf)
    vsprintf                                 0x080037a5   Thumb Code     0  printfa.o(i.__0vsprintf)
    __scatterload_copy                       0x080037c9   Thumb Code    14  handlers.o(i.__scatterload_copy)
    __scatterload_null                       0x080037d7   Thumb Code     2  handlers.o(i.__scatterload_null)
    __scatterload_zeroinit                   0x080037d9   Thumb Code    14  handlers.o(i.__scatterload_zeroinit)
    delay_ms                                 0x08004085   Thumb Code    26  systick.o(i.delay_ms)
    delay_us                                 0x0800409f   Thumb Code    24  systick.o(i.delay_us)
    fputc                                    0x080040b7   Thumb Code    18  fputc.o(i.fputc)
    main                                     0x080040c9   Thumb Code    12  main.o(i.main)
    pid_ctr_velocity                         0x080040d5   Thumb Code    64  algorithm.o(i.pid_ctr_velocity)
    pid_inc_calc                             0x0800411d   Thumb Code   248  pid.o(i.pid_inc_calc)
    pid_setup_velocity                       0x08004219   Thumb Code    44  algorithm.o(i.pid_setup_velocity)
    u1_printf                                0x0800424d   Thumb Code    72  printf_uart.o(i.u1_printf)
    u3_putbuff                               0x0800429d   Thumb Code    26  usart3.o(i.u3_putbuff)
    update_pid_param                         0x080042d5   Thumb Code    98  pid.o(i.update_pid_param)
    usart1_init                              0x08004339   Thumb Code   176  printf_uart.o(i.usart1_init)
    oled_asc2_1206                           0x080043f0   Data        1140  oled.o(.constdata)
    oled_asc2_1608                           0x08004864   Data        1520  oled.o(.constdata)
    Region$$Table$$Base                      0x08004e54   Number         0  anon$$obj.o(Region$$Table)
    Region$$Table$$Limit                     0x08004e74   Number         0  anon$$obj.o(Region$$Table)
    Flag_ANO_DT_Data                         0x20000009   Data           1  ano_dt.o(.data)
    Init_flag                                0x2000000c   Data           1  control.o(.data)
    pidvelocityparam                         0x20000010   Data          44  param.o(.data)
    pidtensionparam                          0x2000003c   Data          44  param.o(.data)
    Flag_UART_RX                             0x20000068   Data           1  hmi.o(.data)
    USART_RX_STA                             0x2000006a   Data           2  hmi.o(.data)
    usTicks                                  0x20000080   Data           4  systick.o(.data)
    sysTickUptime                            0x20000084   Data           4  systick.o(.data)
    System_Time                              0x20000088   Data           6  time.o(.data)
    USART3_RX_STA                            0x2000008e   Data           2  usart3.o(.data)
    USART1_RX_STA                            0x20000094   Data           2  printf_uart.o(.data)
    i                                        0x20000098   Data           4  printf_uart.o(.data)
    UART4_RX_STA                             0x2000009c   Data           2  uart4.o(.data)
    Flag_UART4_RX                            0x2000009e   Data           1  uart4.o(.data)
    __stdout                                 0x200000b0   Data           4  stdout.o(.data)
    pid_velocity                             0x20000200   Data          88  param.o(.bss)
    pid_tension                              0x20000258   Data          88  param.o(.bss)
    HMI_Send_Buf                             0x200002b0   Data         400  hmi.o(.bss)
    USART_RX_BUF                             0x20000440   Data         400  hmi.o(.bss)
    USART_TX_BUF                             0x200005d0   Data         400  hmi.o(.bss)
    USART_RX_BUF_tset                        0x20000760   Data         400  hmi.o(.bss)
    Tensile                                  0x200008f0   Data         112  tensile.o(.bss)
    Cycle_T                                  0x20000960   Data          60  time.o(.bss)
    OLED_GRAM                                0x2000099c   Data        1024  oled.o(.bss)
    USART3_TX_BUF                            0x20000da0   Data         400  usart3.o(.bss)
    USART3_RX_BUF                            0x20000f30   Data         400  usart3.o(.bss)
    USART1_RX_BUF                            0x200010c0   Data         400  printf_uart.o(.bss)
    USART1_TX_BUF                            0x20001250   Data         400  printf_uart.o(.bss)
    UART4_TX_BUF                             0x200013e0   Data         400  uart4.o(.bss)
    UART4_RX_BUF                             0x20001570   Data         400  uart4.o(.bss)
    __initial_sp                             0x20001b00   Data           0  startup_stm32f40_41xxx.o(STACK)



==============================================================================

Memory Map of the image

  Image Entry point : 0x08000189

  Load Region LR_IROM1 (Base: 0x08000000, Size: 0x00004f28, Max: 0x00080000, ABSOLUTE)

    Execution Region ER_IROM1 (Base: 0x08000000, Size: 0x00004e74, Max: 0x00080000, ABSOLUTE)

    Base Addr    Size         Type   Attr      Idx    E Section Name        Object

    0x08000000   0x00000188   Data   RO         2372    RESET               startup_stm32f40_41xxx.o
    0x08000188   0x00000000   Code   RO         6171  * .ARM.Collect$$$$00000000  mc_w.l(entry.o)
    0x08000188   0x00000004   Code   RO         6461    .ARM.Collect$$$$00000001  mc_w.l(entry2.o)
    0x0800018c   0x00000004   Code   RO         6464    .ARM.Collect$$$$00000004  mc_w.l(entry5.o)
    0x08000190   0x00000000   Code   RO         6466    .ARM.Collect$$$$00000008  mc_w.l(entry7b.o)
    0x08000190   0x00000000   Code   RO         6468    .ARM.Collect$$$$0000000A  mc_w.l(entry8b.o)
    0x08000190   0x00000008   Code   RO         6469    .ARM.Collect$$$$0000000B  mc_w.l(entry9a.o)
    0x08000198   0x00000000   Code   RO         6471    .ARM.Collect$$$$0000000D  mc_w.l(entry10a.o)
    0x08000198   0x00000000   Code   RO         6473    .ARM.Collect$$$$0000000F  mc_w.l(entry11a.o)
    0x08000198   0x00000004   Code   RO         6462    .ARM.Collect$$$$00002712  mc_w.l(entry2.o)
    0x0800019c   0x00000024   Code   RO         2373    .text               startup_stm32f40_41xxx.o
    0x080001c0   0x00000024   Code   RO         6174    .text               mc_w.l(memseta.o)
    0x080001e4   0x0000000e   Code   RO         6176    .text               mc_w.l(strlen.o)
    0x080001f2   0x0000014e   Code   RO         6441    .text               mf_w.l(dadd.o)
    0x08000340   0x000000e4   Code   RO         6443    .text               mf_w.l(dmul.o)
    0x08000424   0x000000de   Code   RO         6445    .text               mf_w.l(ddiv.o)
    0x08000502   0x00000022   Code   RO         6449    .text               mf_w.l(dflti.o)
    0x08000524   0x0000001a   Code   RO         6451    .text               mf_w.l(dfltui.o)
    0x0800053e   0x00000026   Code   RO         6453    .text               mf_w.l(f2d.o)
    0x08000564   0x00000030   Code   RO         6455    .text               mf_w.l(cdcmple.o)
    0x08000594   0x00000030   Code   RO         6457    .text               mf_w.l(cdrcmple.o)
    0x080005c4   0x00000038   Code   RO         6459    .text               mf_w.l(d2f.o)
    0x080005fc   0x0000002c   Code   RO         6478    .text               mc_w.l(uidiv.o)
    0x08000628   0x00000062   Code   RO         6480    .text               mc_w.l(uldiv.o)
    0x0800068a   0x0000001e   Code   RO         6482    .text               mc_w.l(llshl.o)
    0x080006a8   0x00000024   Code   RO         6484    .text               mc_w.l(llsshr.o)
    0x080006cc   0x00000000   Code   RO         6495    .text               mc_w.l(iusefp.o)
    0x080006cc   0x0000006e   Code   RO         6496    .text               mf_w.l(fepilogue.o)
    0x0800073a   0x000000ba   Code   RO         6498    .text               mf_w.l(depilogue.o)
    0x080007f4   0x00000030   Code   RO         6500    .text               mf_w.l(dfixul.o)
    0x08000824   0x00000024   Code   RO         6502    .text               mc_w.l(init.o)
    0x08000848   0x00000000   Code   RO         6504    .text               mc_w.l(semi.o)
    0x08000848   0x00000020   Code   RO         6505    .text               mc_w.l(llushr.o)
    0x08000868   0x00000000   Code   RO         6537    .text               mc_w.l(iusesemip.o)
    0x08000868   0x000000ec   Code   RO         2225    i.ADS1255_DataFormatting  ads1255.o
    0x08000954   0x0000007c   Code   RO         2226    i.ADS1255_GPIO_Init  ads1255.o
    0x080009d0   0x00000130   Code   RO         2227    i.ADS1255_Init      ads1255.o
    0x08000b00   0x00000020   Code   RO         2228    i.ADS1255_RDATA     ads1255.o
    0x08000b20   0x00000026   Code   RO         2231    i.ADS1255_Read_a_Data  ads1255.o
    0x08000b46   0x00000002   PAD
    0x08000b48   0x00000020   Code   RO         2233    i.ADS1255_SELFCAL   ads1255.o
    0x08000b68   0x00000020   Code   RO         2236    i.ADS1255_SYNC      ads1255.o
    0x08000b88   0x0000000a   Code   RO         2239    i.ADS1255_WAKEUP    ads1255.o
    0x08000b92   0x00000002   PAD
    0x08000b94   0x00000048   Code   RO         2240    i.ADS1255_read_bit  ads1255.o
    0x08000bdc   0x00000038   Code   RO         2241    i.ADS1255_read_reg  ads1255.o
    0x08000c14   0x00000050   Code   RO         2242    i.ADS1255_write_bit  ads1255.o
    0x08000c64   0x00000038   Code   RO         2243    i.ADS1255_write_reg  ads1255.o
    0x08000c9c   0x0000030c   Code   RO          535    i.ANO_DT_Data_Exchange  ano_dt.o
    0x08000fa8   0x000003d8   Code   RO          536    i.ANO_DT_Data_Receive_Anl  ano_dt.o
    0x08001380   0x00000038   Code   RO          538    i.ANO_DT_Do         ano_dt.o
    0x080013b8   0x00000044   Code   RO          539    i.ANO_DT_Send_Check  ano_dt.o
    0x080013fc   0x00000014   Code   RO          540    i.ANO_DT_Send_Data  ano_dt.o
    0x08001410   0x000001f0   Code   RO          541    i.ANO_DT_Send_PID   ano_dt.o
    0x08001600   0x00000010   Code   RO          544    i.Argument_Init     ano_dt.o
    0x08001610   0x0000000c   Code   RO          546    i.Argument_Save     ano_dt.o
    0x0800161c   0x00000002   Code   RO          547    i.Argument_To_Ctrl  ano_dt.o
    0x0800161e   0x00000002   PAD
    0x08001620   0x000000d0   Code   RO         1177    i.BSP_Init          my_bsp.o
    0x080016f0   0x000000a0   Code   RO         1262    i.Beep_Init         beep.o
    0x08001790   0x00000020   Code   RO         1265    i.Beep_Play         beep.o
    0x080017b0   0x00000004   Code   RO         5655    i.BusFault_Handler  stm32f4xx_it.o
    0x080017b4   0x00000010   Code   RO          698    i.Control_Preparing  control.o
    0x080017c4   0x0000000a   Code   RO          699    i.Control_Stop      control.o
    0x080017ce   0x00000002   Code   RO          700    i.Control_Strength  control.o
    0x080017d0   0x00000030   Code   RO          701    i.Control_Velocity  control.o
    0x08001800   0x00000010   Code   RO          549    i.Ctrl_Set_Zoro     ano_dt.o
    0x08001810   0x00000002   Code   RO          550    i.Ctrl_To_Argument  ano_dt.o
    0x08001812   0x00000016   Code   RO         1422    i.Cycle_Time_Init   time.o
    0x08001828   0x00000002   Code   RO         5656    i.DebugMon_Handler  stm32f4xx_it.o
    0x0800182a   0x00000002   PAD
    0x0800182c   0x00000020   Code   RO          783    i.Display_Error     display.o
    0x0800184c   0x00000018   Code   RO         2144    i.ESCON_EN          escon.o
    0x08001864   0x000000dc   Code   RO         2145    i.ESCON_Init        escon.o
    0x08001940   0x0000005c   Code   RO         2146    i.ESCON_PWM_Set     escon.o
    0x0800199c   0x000000b8   Code   RO         1667    i.Encoder_Init_TIM8  encoder.o
    0x08001a54   0x00000070   Code   RO          552    i.Flash_SavePID     ano_dt.o
    0x08001ac4   0x00000090   Code   RO         3192    i.GPIO_Init         stm32f4xx_gpio.o
    0x08001b54   0x00000046   Code   RO         3193    i.GPIO_PinAFConfig  stm32f4xx_gpio.o
    0x08001b9a   0x00000012   Code   RO         3196    i.GPIO_ReadInputDataBit  stm32f4xx_gpio.o
    0x08001bac   0x00000004   Code   RO         3199    i.GPIO_ResetBits    stm32f4xx_gpio.o
    0x08001bb0   0x00000004   Code   RO         3200    i.GPIO_SetBits      stm32f4xx_gpio.o
    0x08001bb4   0x00000034   Code   RO         1407    i.GetSysTime_us     systick.o
    0x08001be8   0x00000080   Code   RO         1423    i.Get_Cycle_T       time.o
    0x08001c68   0x00000068   Code   RO          879    i.HMI_Data_Handle   hmi.o
    0x08001cd0   0x00000094   Code   RO         5657    i.HardFault_Handler  stm32f4xx_it.o
    0x08001d64   0x0000009c   Code   RO            5    i.Insert_Sort       my_math.o
    0x08001e00   0x00000040   Code   RO         1780    i.KEY_Init          key.o
    0x08001e40   0x0000008c   Code   RO         1781    i.KEY_Scan          key.o
    0x08001ecc   0x00000048   Code   RO         1313    i.LED_ALL_OFF       led.o
    0x08001f14   0x00000048   Code   RO         1314    i.LED_ALL_ON        led.o
    0x08001f5c   0x00000038   Code   RO         1315    i.LED_Blink         led.o
    0x08001f94   0x00000058   Code   RO         1316    i.LED_Init          led.o
    0x08001fec   0x0000004c   Code   RO         1317    i.LED_OFF           led.o
    0x08002038   0x0000004c   Code   RO         1318    i.LED_ON            led.o
    0x08002084   0x00000094   Code   RO         1319    i.LED_SWITCH        led.o
    0x08002118   0x0000004c   Code   RO          461    i.Loop_Time_Check   task_loop.o
    0x08002164   0x00000010   Code   RO          462    i.Loop_Time_Clear   task_loop.o
    0x08002174   0x00000004   Code   RO         5658    i.MemManage_Handler  stm32f4xx_it.o
    0x08002178   0x00000002   Code   RO         5659    i.NMI_Handler       stm32f4xx_it.o
    0x0800217a   0x00000002   PAD
    0x0800217c   0x00000078   Code   RO         2416    i.NVIC_Init         misc.o
    0x080021f4   0x00000014   Code   RO         2417    i.NVIC_PriorityGroupConfig  misc.o
    0x08002208   0x00000030   Code   RO         1562    i.OLED_Clear        oled.o
    0x08002238   0x00000068   Code   RO         1565    i.OLED_DrawPoint    oled.o
    0x080022a0   0x00000154   Code   RO         1566    i.OLED_Init         oled.o
    0x080023f4   0x0000004c   Code   RO         1567    i.OLED_Refresh_Gram  oled.o
    0x08002440   0x000000a8   Code   RO         1568    i.OLED_ShowChar     oled.o
    0x080024e8   0x00000042   Code   RO         1572    i.OLED_ShowString   oled.o
    0x0800252a   0x00000002   PAD
    0x0800252c   0x00000058   Code   RO         1573    i.OLED_WR_Byte      oled.o
    0x08002584   0x00000020   Code   RO         3661    i.RCC_AHB1PeriphClockCmd  stm32f4xx_rcc.o
    0x080025a4   0x00000020   Code   RO         3670    i.RCC_APB1PeriphClockCmd  stm32f4xx_rcc.o
    0x080025c4   0x00000020   Code   RO         3673    i.RCC_APB2PeriphClockCmd  stm32f4xx_rcc.o
    0x080025e4   0x000000e8   Code   RO         3682    i.RCC_GetClocksFreq  stm32f4xx_rcc.o
    0x080026cc   0x00000054   Code   RO         2244    i.ReadASingleData   ads1255.o
    0x08002720   0x00000074   Code   RO         1479    i.STMFLASH_EraseSector  stmflash.o
    0x08002794   0x000000a0   Code   RO         1480    i.STMFLASH_GetFlashSector  stmflash.o
    0x08002834   0x00000040   Code   RO         1481    i.STMFLASH_GetStatus  stmflash.o
    0x08002874   0x00000014   Code   RO         1482    i.STMFLASH_Lock     stmflash.o
    0x08002888   0x00000006   Code   RO         1484    i.STMFLASH_ReadWord  stmflash.o
    0x0800288e   0x00000002   PAD
    0x08002890   0x00000018   Code   RO         1485    i.STMFLASH_Unlock   stmflash.o
    0x080028a8   0x00000028   Code   RO         1486    i.STMFLASH_WaitDone  stmflash.o
    0x080028d0   0x000000a4   Code   RO         1487    i.STMFLASH_Write    stmflash.o
    0x08002974   0x00000054   Code   RO         1488    i.STMFLASH_WriteWord  stmflash.o
    0x080029c8   0x00000002   Code   RO         5660    i.SVC_Handler       stm32f4xx_it.o
    0x080029ca   0x00000002   PAD
    0x080029cc   0x000000ec   Code   RO         2379    i.SetSysClock       system_stm32f4xx.o
    0x08002ab8   0x00000028   Code   RO         2420    i.SysTick_CLKSourceConfig  misc.o
    0x08002ae0   0x0000001c   Code   RO         1371    i.SysTick_Handler   systick.o
    0x08002afc   0x0000006c   Code   RO         1372    i.SysTick_Init      systick.o
    0x08002b68   0x00000068   Code   RO         2381    i.SystemInit        system_stm32f4xx.o
    0x08002bd0   0x0000001a   Code   RO         6136    i.System_Init       main.o
    0x08002bea   0x00000002   PAD
    0x08002bec   0x00000010   Code   RO         1424    i.System_Tiem_Clear  time.o
    0x08002bfc   0x0000006c   Code   RO         1425    i.System_Time_Running  time.o
    0x08002c68   0x0000003a   Code   RO         4837    i.TI1_Config        stm32f4xx_tim.o
    0x08002ca2   0x00000050   Code   RO         4838    i.TI2_Config        stm32f4xx_tim.o
    0x08002cf2   0x00000048   Code   RO         4839    i.TI3_Config        stm32f4xx_tim.o
    0x08002d3a   0x00000050   Code   RO         4840    i.TI4_Config        stm32f4xx_tim.o
    0x08002d8a   0x00000006   Code   RO         4847    i.TIM_ClearFlag     stm32f4xx_tim.o
    0x08002d90   0x00000018   Code   RO         4853    i.TIM_Cmd           stm32f4xx_tim.o
    0x08002da8   0x0000001e   Code   RO         4855    i.TIM_CtrlPWMOutputs  stm32f4xx_tim.o
    0x08002dc6   0x00000042   Code   RO         4862    i.TIM_EncoderInterfaceConfig  stm32f4xx_tim.o
    0x08002e08   0x0000006e   Code   RO         4876    i.TIM_ICInit        stm32f4xx_tim.o
    0x08002e76   0x00000012   Code   RO         4877    i.TIM_ICStructInit  stm32f4xx_tim.o
    0x08002e88   0x00000012   Code   RO         4878    i.TIM_ITConfig      stm32f4xx_tim.o
    0x08002e9a   0x00000002   PAD
    0x08002e9c   0x0000007c   Code   RO         4882    i.TIM_OC1Init       stm32f4xx_tim.o
    0x08002f18   0x00000012   Code   RO         4885    i.TIM_OC1PreloadConfig  stm32f4xx_tim.o
    0x08002f2a   0x00000004   Code   RO         4919    i.TIM_SetCounter    stm32f4xx_tim.o
    0x08002f2e   0x00000012   Code   RO         4920    i.TIM_SetIC1Prescaler  stm32f4xx_tim.o
    0x08002f40   0x0000001a   Code   RO         4921    i.TIM_SetIC2Prescaler  stm32f4xx_tim.o
    0x08002f5a   0x00000012   Code   RO         4922    i.TIM_SetIC3Prescaler  stm32f4xx_tim.o
    0x08002f6c   0x0000001a   Code   RO         4923    i.TIM_SetIC4Prescaler  stm32f4xx_tim.o
    0x08002f86   0x00000002   PAD
    0x08002f88   0x00000084   Code   RO         4925    i.TIM_TimeBaseInit  stm32f4xx_tim.o
    0x0800300c   0x00000012   Code   RO         4926    i.TIM_TimeBaseStructInit  stm32f4xx_tim.o
    0x0800301e   0x00000002   PAD
    0x08003020   0x0000006c   Code   RO          463    i.Task_10ms         task_loop.o
    0x0800308c   0x000000cc   Code   RO          464    i.Task_50ms         task_loop.o
    0x08003158   0x00000088   Code   RO          465    i.Task_Loop         task_loop.o
    0x080031e0   0x00000058   Code   RO         1055    i.Tensile_Init      tensile.o
    0x08003238   0x000000c0   Code   RO         1056    i.Tensile_Read_LVDT  tensile.o
    0x080032f8   0x000000a8   Code   RO         2094    i.UART4_IRQHandler  uart4.o
    0x080033a0   0x000000b4   Code   RO          882    i.UART5_IRQHandler  hmi.o
    0x08003454   0x0000009c   Code   RO         1986    i.USART1_IRQHandler  printf_uart.o
    0x080034f0   0x0000009c   Code   RO         1723    i.USART3_IRQHandler  usart3.o
    0x0800358c   0x00000012   Code   RO         5402    i.USART_ClearFlag   stm32f4xx_usart.o
    0x0800359e   0x00000018   Code   RO         5406    i.USART_Cmd         stm32f4xx_usart.o
    0x080035b6   0x0000001a   Code   RO         5409    i.USART_GetFlagStatus  stm32f4xx_usart.o
    0x080035d0   0x00000054   Code   RO         5410    i.USART_GetITStatus  stm32f4xx_usart.o
    0x08003624   0x0000004a   Code   RO         5412    i.USART_ITConfig    stm32f4xx_usart.o
    0x0800366e   0x00000002   PAD
    0x08003670   0x000000d4   Code   RO         5413    i.USART_Init        stm32f4xx_usart.o
    0x08003744   0x0000000a   Code   RO         5420    i.USART_ReceiveData  stm32f4xx_usart.o
    0x0800374e   0x00000008   Code   RO         5423    i.USART_SendData    stm32f4xx_usart.o
    0x08003756   0x00000004   Code   RO         5661    i.UsageFault_Handler  stm32f4xx_it.o
    0x0800375a   0x00000002   PAD
    0x0800375c   0x00000020   Code   RO         6411    i.__0printf         mc_w.l(printfa.o)
    0x0800377c   0x00000028   Code   RO         6413    i.__0sprintf        mc_w.l(printfa.o)
    0x080037a4   0x00000024   Code   RO         6417    i.__0vsprintf       mc_w.l(printfa.o)
    0x080037c8   0x0000000e   Code   RO         6542    i.__scatterload_copy  mc_w.l(handlers.o)
    0x080037d6   0x00000002   Code   RO         6543    i.__scatterload_null  mc_w.l(handlers.o)
    0x080037d8   0x0000000e   Code   RO         6544    i.__scatterload_zeroinit  mc_w.l(handlers.o)
    0x080037e6   0x00000002   PAD
    0x080037e8   0x00000164   Code   RO         6418    i._fp_digits        mc_w.l(printfa.o)
    0x0800394c   0x000006dc   Code   RO         6419    i._printf_core      mc_w.l(printfa.o)
    0x08004028   0x00000024   Code   RO         6420    i._printf_post_padding  mc_w.l(printfa.o)
    0x0800404c   0x0000002e   Code   RO         6421    i._printf_pre_padding  mc_w.l(printfa.o)
    0x0800407a   0x0000000a   Code   RO         6423    i._sputc            mc_w.l(printfa.o)
    0x08004084   0x0000001a   Code   RO         1373    i.delay_ms          systick.o
    0x0800409e   0x00000018   Code   RO         1374    i.delay_us          systick.o
    0x080040b6   0x00000012   Code   RO         6475    i.fputc             mc_w.l(fputc.o)
    0x080040c8   0x0000000c   Code   RO         6137    i.main              main.o
    0x080040d4   0x00000048   Code   RO          815    i.pid_ctr_velocity  algorithm.o
    0x0800411c   0x000000fc   Code   RO          649    i.pid_inc_calc      pid.o
    0x08004218   0x00000034   Code   RO          817    i.pid_setup_velocity  algorithm.o
    0x0800424c   0x00000050   Code   RO         1987    i.u1_printf         printf_uart.o
    0x0800429c   0x0000001a   Code   RO         1725    i.u3_putbuff        usart3.o
    0x080042b6   0x00000002   PAD
    0x080042b8   0x0000001c   Code   RO         1726    i.u3_putchar        usart3.o
    0x080042d4   0x00000062   Code   RO          651    i.update_pid_param  pid.o
    0x08004336   0x00000002   PAD
    0x08004338   0x000000b8   Code   RO         1990    i.usart1_init       printf_uart.o
    0x080043f0   0x00000a64   Data   RO         1576    .constdata          oled.o
    0x08004e54   0x00000020   Data   RO         6540    Region$$Table       anon$$obj.o


    Execution Region RW_IRAM1 (Base: 0x20000000, Size: 0x00001b00, Max: 0x00020000, ABSOLUTE)

    Base Addr    Size         Type   Attr      Idx    E Section Name        Object

    0x20000000   0x00000008   Data   RW          466    .data               task_loop.o
    0x20000008   0x00000004   Data   RW          554    .data               ano_dt.o
    0x2000000c   0x00000001   Data   RW          702    .data               control.o
    0x2000000d   0x00000003   PAD
    0x20000010   0x00000058   Data   RW          857    .data               param.o
    0x20000068   0x00000004   Data   RW          884    .data               hmi.o
    0x2000006c   0x00000004   PAD
    0x20000070   0x00000008   Data   RW         1059    .data               tensile.o
    0x20000078   0x00000005   Data   RW         1320    .data               led.o
    0x2000007d   0x00000003   PAD
    0x20000080   0x00000008   Data   RW         1375    .data               systick.o
    0x20000088   0x00000006   Data   RW         1429    .data               time.o
    0x2000008e   0x00000002   Data   RW         1729    .data               usart3.o
    0x20000090   0x00000001   Data   RW         1782    .data               key.o
    0x20000091   0x00000003   PAD
    0x20000094   0x00000008   Data   RW         1992    .data               printf_uart.o
    0x2000009c   0x00000003   Data   RW         2100    .data               uart4.o
    0x2000009f   0x00000010   Data   RW         3714    .data               stm32f4xx_rcc.o
    0x200000af   0x00000001   PAD
    0x200000b0   0x00000004   Data   RW         6477    .data               mc_w.l(stdout.o)
    0x200000b4   0x00000148   Zero   RW          553    .bss                ano_dt.o
    0x200001fc   0x00000004   PAD
    0x20000200   0x000000b0   Zero   RW          856    .bss                param.o
    0x200002b0   0x00000640   Zero   RW          883    .bss                hmi.o
    0x200008f0   0x00000070   Zero   RW         1058    .bss                tensile.o
    0x20000960   0x0000003c   Zero   RW         1428    .bss                time.o
    0x2000099c   0x00000400   Zero   RW         1575    .bss                oled.o
    0x20000d9c   0x00000004   PAD
    0x20000da0   0x00000320   Zero   RW         1728    .bss                usart3.o
    0x200010c0   0x00000320   Zero   RW         1991    .bss                printf_uart.o
    0x200013e0   0x00000320   Zero   RW         2099    .bss                uart4.o
    0x20001700   0x00000400   Zero   RW         2370    STACK               startup_stm32f40_41xxx.o


==============================================================================

Image component sizes


      Code (inc. data)   RO Data    RW Data    ZI Data      Debug   Object Name

      1156        108          0          0          0       7876   ads1255.o
       124         16          0          0          0       1164   algorithm.o
      2564         60          0          4        328       9543   ano_dt.o
       192         16          0          0          0       1184   beep.o
        76         14          0          1          0       2983   control.o
        32         14          0          0          0        492   display.o
       184          8          0          0          0        704   encoder.o
       336         38          0          0          0       1780   escon.o
       284         28          0          4       1600     229714   hmi.o
       204         20          0          1          0       1134   key.o
       588         86          0          5          0       4154   led.o
        38          0          0          0          0        891   main.o
       180         24          0          0          0      19097   misc.o
       208         70          0          0          0        675   my_bsp.o
       156          8          0          0          0     284146   my_math.o
       890         44       2660          0       1024       5601   oled.o
         0          0          0         88        176        696   param.o
       350          4          0          0          0       2464   pid.o
       420         28          0          8        800       2772   printf_uart.o
        36          8        392          0       1024        856   startup_stm32f40_41xxx.o
       240          0          0          0          0      10567   stm32f4xx_gpio.o
       166        104          0          0          0       3287   stm32f4xx_it.o
       328         36          0         16          0      19983   stm32f4xx_rcc.o
       946         38          0          0          0      33033   stm32f4xx_tim.o
       456          8          0          0          0      12075   stm32f4xx_usart.o
       678         92          0          0          0       5934   stmflash.o
       340         32          0          0          0       1569   system_stm32f4xx.o
       238         20          0          8          0      29934   systick.o
       540         34          0          8          0       4184   task_loop.o
       280         24          0          8        112       2301   tensile.o
       274         20          0          6         60       3100   time.o
       168         18          0          3        800       1330   uart4.o
       210         18          0          2        800       2897   usart3.o

    ----------------------------------------------------------------------
     12914       1038       3084        176       6732     708120   Object Totals
         0          0         32          0          0          0   (incl. Generated)
        32          0          0         14          8          0   (incl. Padding)

    ----------------------------------------------------------------------

      Code (inc. data)   RO Data    RW Data    ZI Data      Debug   Library Member Name

         0          0          0          0          0          0   entry.o
         0          0          0          0          0          0   entry10a.o
         0          0          0          0          0          0   entry11a.o
         8          4          0          0          0          0   entry2.o
         4          0          0          0          0          0   entry5.o
         0          0          0          0          0          0   entry7b.o
         0          0          0          0          0          0   entry8b.o
         8          4          0          0          0          0   entry9a.o
        18          0          0          0          0         80   fputc.o
        30          0          0          0          0          0   handlers.o
        36          8          0          0          0         68   init.o
         0          0          0          0          0          0   iusefp.o
         0          0          0          0          0          0   iusesemip.o
        30          0          0          0          0         68   llshl.o
        36          0          0          0          0         68   llsshr.o
        32          0          0          0          0         68   llushr.o
        36          0          0          0          0        108   memseta.o
      2312        102          0          0          0        676   printfa.o
         0          0          0          0          0          0   semi.o
         0          0          0          4          0          0   stdout.o
        14          0          0          0          0         68   strlen.o
        44          0          0          0          0         80   uidiv.o
        98          0          0          0          0         92   uldiv.o
        48          0          0          0          0         68   cdcmple.o
        48          0          0          0          0         68   cdrcmple.o
        56          0          0          0          0         88   d2f.o
       334          0          0          0          0        148   dadd.o
       222          0          0          0          0        100   ddiv.o
       186          0          0          0          0        176   depilogue.o
        48          0          0          0          0         68   dfixul.o
        34          0          0          0          0         76   dflti.o
        26          0          0          0          0         76   dfltui.o
       228          0          0          0          0         96   dmul.o
        38          0          0          0          0         68   f2d.o
       110          0          0          0          0        168   fepilogue.o

    ----------------------------------------------------------------------
      4086        118          0          4          0       2576   Library Totals
         2          0          0          0          0          0   (incl. Padding)

    ----------------------------------------------------------------------

      Code (inc. data)   RO Data    RW Data    ZI Data      Debug   Library Name

      2706        118          0          4          0       1376   mc_w.l
      1378          0          0          0          0       1200   mf_w.l

    ----------------------------------------------------------------------
      4086        118          0          4          0       2576   Library Totals

    ----------------------------------------------------------------------

==============================================================================


      Code (inc. data)   RO Data    RW Data    ZI Data      Debug   

     17000       1156       3084        180       6732     695948   Grand Totals
     17000       1156       3084        180       6732     695948   ELF Image Totals
     17000       1156       3084        180          0          0   ROM Totals

==============================================================================

    Total RO  Size (Code + RO Data)                20084 (  19.61kB)
    Total RW  Size (RW Data + ZI Data)              6912 (   6.75kB)
    Total ROM Size (Code + RO Data + RW Data)      20264 (  19.79kB)

==============================================================================

