Component: ARM Compiler 5.05 update 2 (build 169) Tool: armlink [4d0f33]

==============================================================================

Section Cross References

    my_math.o(i.fast_atan2) refers to my_math.o(.constdata) for fast_atan_table
    my_math.o(i.myatoi) refers to atoi.o(.text) for atoi
    my_math.o(i.quicksort) refers to my_math.o(i.swap) for swap
    task_loop.o(i.Loop_Time_Check) refers to task_loop.o(.data) for Loop_Time
    task_loop.o(i.Loop_Time_Clear) refers to task_loop.o(.data) for Loop_Time
    task_loop.o(i.Task_10ms) refers to control.o(i.Control_Velocity) for Control_Velocity
    task_loop.o(i.Task_10ms) refers to control.o(i.Control_Strength) for Control_Strength
    task_loop.o(i.Task_10ms) refers to control.o(i.Control_Stop) for Control_Stop
    task_loop.o(i.Task_10ms) refers to control.o(i.Control_Preparing) for Control_Preparing
    task_loop.o(i.Task_10ms) refers to escon.o(i.ESCON_EN) for ESCON_EN
    task_loop.o(i.Task_10ms) refers to beep.o(i.Beep_Play) for Beep_Play
    task_loop.o(i.Task_10ms) refers to led.o(i.LED_ALL_ON) for LED_ALL_ON
    task_loop.o(i.Task_10ms) refers to systick.o(i.delay_ms) for delay_ms
    task_loop.o(i.Task_10ms) refers to led.o(i.LED_ALL_OFF) for LED_ALL_OFF
    task_loop.o(i.Task_10ms) refers to tensile.o(.bss) for Tensile
    task_loop.o(i.Task_Loop) refers to ano_dt.o(i.ANO_DT_Do) for ANO_DT_Do
    task_loop.o(i.Task_Loop) refers to hmi.o(i.HMI_Data_Handle) for HMI_Data_Handle
    task_loop.o(i.Task_Loop) refers to task_loop.o(i.Task_10ms) for Task_10ms
    task_loop.o(i.Task_Loop) refers to ano_dt.o(i.ANO_DT_Send_Senser) for ANO_DT_Send_Senser
    task_loop.o(i.Task_Loop) refers to led.o(i.LED_Blink) for LED_Blink
    task_loop.o(i.Task_Loop) refers to key.o(i.KEY_Scan) for KEY_Scan
    task_loop.o(i.Task_Loop) refers to led.o(i.LED_SWITCH) for LED_SWITCH
    task_loop.o(i.Task_Loop) refers to task_loop.o(.data) for Loop_Time
    task_loop.o(i.Task_Loop) refers to hmi.o(.bss) for USART_RX_BUF
    ano_dt.o(i.ANO_DT_Data_Exchange) refers to ano_dt.o(i.ANO_DT_Send_PID) for ANO_DT_Send_PID
    ano_dt.o(i.ANO_DT_Data_Exchange) refers to ano_dt.o(.bss) for f
    ano_dt.o(i.ANO_DT_Data_Receive_Anl) refers to ano_dt.o(i.ANO_DT_Data_Exchange) for ANO_DT_Data_Exchange
    ano_dt.o(i.ANO_DT_Data_Receive_Anl) refers to ano_dt.o(i.Argument_Init) for Argument_Init
    ano_dt.o(i.ANO_DT_Data_Receive_Anl) refers to ano_dt.o(i.ANO_DT_Send_Check) for ANO_DT_Send_Check
    ano_dt.o(i.ANO_DT_Data_Receive_Anl) refers to ano_dt.o(i.Argument_Save) for Argument_Save
    ano_dt.o(i.ANO_DT_Data_Receive_Anl) refers to ano_dt.o(.bss) for f
    ano_dt.o(i.ANO_DT_Data_Receive_Prepare) refers to ano_dt.o(.data) for state
    ano_dt.o(i.ANO_DT_Data_Receive_Prepare) refers to ano_dt.o(.bss) for ANO_DT_RxBuffer
    ano_dt.o(i.ANO_DT_Do) refers to ano_dt.o(i.ANO_DT_Data_Receive_Anl) for ANO_DT_Data_Receive_Anl
    ano_dt.o(i.ANO_DT_Do) refers to memseta.o(.text) for __aeabi_memclr
    ano_dt.o(i.ANO_DT_Do) refers to ano_dt.o(.data) for Flag_ANO_DT_Data
    ano_dt.o(i.ANO_DT_Do) refers to ano_dt.o(.bss) for ANO_DT_RxBuffer
    ano_dt.o(i.ANO_DT_Send_Check) refers to ano_dt.o(i.ANO_DT_Send_Data) for ANO_DT_Send_Data
    ano_dt.o(i.ANO_DT_Send_Check) refers to ano_dt.o(.bss) for data_to_send
    ano_dt.o(i.ANO_DT_Send_Data) refers to usart3.o(i.u3_putbuff) for u3_putbuff
    ano_dt.o(i.ANO_DT_Send_Data) refers to ano_dt.o(.bss) for data_to_send
    ano_dt.o(i.ANO_DT_Send_PID) refers to ano_dt.o(i.ANO_DT_Send_Data) for ANO_DT_Send_Data
    ano_dt.o(i.ANO_DT_Send_PID) refers to ano_dt.o(.bss) for data_to_send
    ano_dt.o(i.ANO_DT_Send_Senser) refers to ano_dt.o(i.ANO_DT_Send_Data) for ANO_DT_Send_Data
    ano_dt.o(i.ANO_DT_Send_Senser) refers to ano_dt.o(.bss) for data_to_send
    ano_dt.o(i.ANO_DT_Send_Status) refers to ano_dt.o(i.ANO_DT_Send_Data) for ANO_DT_Send_Data
    ano_dt.o(i.ANO_DT_Send_Status) refers to ano_dt.o(.bss) for data_to_send
    ano_dt.o(i.Argument_Init) refers to ano_dt.o(i.Ctrl_Set_Zoro) for Ctrl_Set_Zoro
    ano_dt.o(i.Argument_Init) refers to ano_dt.o(i.Argument_To_Ctrl) for Argument_To_Ctrl
    ano_dt.o(i.Argument_Init) refers to ano_dt.o(i.Flash_SavePID) for Flash_SavePID
    ano_dt.o(i.Argument_Load) refers to ano_dt.o(i.Ctrl_Set_Zoro) for Ctrl_Set_Zoro
    ano_dt.o(i.Argument_Load) refers to ano_dt.o(i.Flash_ReadPID) for Flash_ReadPID
    ano_dt.o(i.Argument_Load) refers to ano_dt.o(i.Ctrl_To_Argument) for Ctrl_To_Argument
    ano_dt.o(i.Argument_Save) refers to ano_dt.o(i.Flash_SavePID) for Flash_SavePID
    ano_dt.o(i.Argument_Save) refers to ano_dt.o(i.Ctrl_To_Argument) for Ctrl_To_Argument
    ano_dt.o(i.Commond_Save) refers to ano_dt.o(i.Argument_To_Ctrl) for Argument_To_Ctrl
    ano_dt.o(i.Commond_Save) refers to ano_dt.o(i.Flash_SavePID) for Flash_SavePID
    ano_dt.o(i.Ctrl_Set_Zoro) refers to memseta.o(.text) for __aeabi_memclr4
    ano_dt.o(i.Ctrl_Set_Zoro) refers to ano_dt.o(.bss) for ctrl_1
[...]
    ../fplib/microlib/fpadd.c                0x00000000   Number         0  dadd.o ABSOLUTE
    ../fplib/microlib/fpdiv.c                0x00000000   Number         0  ddiv.o ABSOLUTE
    ../fplib/microlib/fpepilogue.c           0x00000000   Number         0  depilogue.o ABSOLUTE
    ../fplib/microlib/fpepilogue.c           0x00000000   Number         0  fepilogue.o ABSOLUTE
    ../fplib/microlib/fpfix.c                0x00000000   Number         0  dfixul.o ABSOLUTE
    ../fplib/microlib/fpflt.c                0x00000000   Number         0  dfltui.o ABSOLUTE
    ../fplib/microlib/fpmul.c                0x00000000   Number         0  dmul.o ABSOLUTE
    ../fplib/microlib/fpneg.c                0x00000000   Number         0  dneg.o ABSOLUTE
    ..\Code\APP\ANO_DT\ANO_DT.c              0x00000000   Number         0  ano_dt.o ABSOLUTE
    ..\Code\APP\Control\Algorithm.c          0x00000000   Number         0  algorithm.o ABSOLUTE
    ..\Code\APP\Control\Control.c            0x00000000   Number         0  control.o ABSOLUTE
    ..\Code\APP\Control\param.c              0x00000000   Number         0  param.o ABSOLUTE
    ..\Code\APP\Control\pid.c                0x00000000   Number         0  pid.o ABSOLUTE
    ..\Code\APP\Display\Display.c            0x00000000   Number         0  display.o ABSOLUTE
    ..\Code\APP\Math\My_Math.c               0x00000000   Number         0  my_math.o ABSOLUTE
    ..\Code\APP\Task_Loop\Task_Loop.c        0x00000000   Number         0  task_loop.o ABSOLUTE
    ..\Code\APP\Tensile\Tensile.c            0x00000000   Number         0  tensile.o ABSOLUTE
    ..\Code\BSP\ADS1255\ADS1255.c            0x00000000   Number         0  ads1255.o ABSOLUTE
    ..\Code\BSP\BEEP\BEEP.c                  0x00000000   Number         0  beep.o ABSOLUTE
    ..\Code\BSP\ESCON\ESCON.c                0x00000000   Number         0  escon.o ABSOLUTE
    ..\Code\BSP\Encoder\Encoder.c            0x00000000   Number         0  encoder.o ABSOLUTE
    ..\Code\BSP\HMI\HMI.c                    0x00000000   Number         0  hmi.o ABSOLUTE
    ..\Code\BSP\KEY\KEY.c                    0x00000000   Number         0  key.o ABSOLUTE
    ..\Code\BSP\LED\LED.c                    0x00000000   Number         0  led.o ABSOLUTE
    ..\Code\BSP\MCU\ADC\ADC.c                0x00000000   Number         0  adc.o ABSOLUTE
    ..\Code\BSP\MCU\FLASH\stmflash.c         0x00000000   Number         0  stmflash.o ABSOLUTE
    ..\Code\BSP\MCU\IIC_Soft\IIC_Soft.c      0x00000000   Number         0  iic_soft.o ABSOLUTE
    ..\Code\BSP\MCU\SysTick\SysTick.c        0x00000000   Number         0  systick.o ABSOLUTE
    ..\Code\BSP\MCU\UART\uart4.c             0x00000000   Number         0  uart4.o ABSOLUTE
    ..\Code\BSP\MCU\UART\usart2.c            0x00000000   Number         0  usart2.o ABSOLUTE
    ..\Code\BSP\MCU\UART\usart3.c            0x00000000   Number         0  usart3.o ABSOLUTE
    ..\Code\BSP\MCU\UART\usart5.c            0x00000000   Number         0  usart5.o ABSOLUTE
    ..\Code\BSP\My_BSP.c                     0x00000000   Number         0  my_bsp.o ABSOLUTE
    ..\Code\BSP\OLED\OLED.c                  0x00000000   Number         0  oled.o ABSOLUTE
    ..\Code\BSP\SYSTEM\sys\sys.c             0x00000000   Number         0  sys.o ABSOLUTE
    ..\Code\BSP\SYSTEM\usart\Printf_Uart.c   0x00000000   Number         0  printf_uart.o ABSOLUTE
    ..\Code\BSP\Time\Time.c                  0x00000000   Number         0  time.o ABSOLUTE
    ..\Code\STLIB\CMSIS\STARTUP\startup_stm32f40_41xxx.S 0x00000000   Number         0  startup_stm32f40_41xxx.o ABSOLUTE
    ..\Code\STLIB\CMSIS\system_stm32f4xx.c   0x00000000   Number         0  system_stm32f4xx.o ABSOLUTE
    ..\Code\STLIB\FWLIB\src\misc.c           0x00000000   Number         0  misc.o ABSOLUTE
    ..\Code\STLIB\FWLIB\src\stm32f4xx_adc.c  0x00000000   Number         0  stm32f4xx_adc.o ABSOLUTE
    ..\Code\STLIB\FWLIB\src\stm32f4xx_can.c  0x00000000   Number         0  stm32f4xx_can.o ABSOLUTE
    ..\Code\STLIB\FWLIB\src\stm32f4xx_crc.c  0x00000000   Number         0  stm32f4xx_crc.o ABSOLUTE
    ..\Code\STLIB\FWLIB\src\stm32f4xx_cryp.c 0x00000000   Number         0  stm32f4xx_cryp.o ABSOLUTE
    ..\Code\STLIB\FWLIB\src\stm32f4xx_cryp_aes.c 0x00000000   Number         0  stm32f4xx_cryp_aes.o ABSOLUTE
    ..\Code\STLIB\FWLIB\src\stm32f4xx_cryp_des.c 0x00000000   Number         0  stm32f4xx_cryp_des.o ABSOLUTE
    ..\Code\STLIB\FWLIB\src\stm32f4xx_cryp_tdes.c 0x00000000   Number         0  stm32f4xx_cryp_tdes.o ABSOLUTE
    ..\Code\STLIB\FWLIB\src\stm32f4xx_dbgmcu.c 0x00000000   Number         0  stm32f4xx_dbgmcu.o ABSOLUTE
    ..\Code\STLIB\FWLIB\src\stm32f4xx_dcmi.c 0x00000000   Number         0  stm32f4xx_dcmi.o ABSOLUTE
    ..\Code\STLIB\FWLIB\src\stm32f4xx_exti.c 0x00000000   Number         0  stm32f4xx_exti.o ABSOLUTE
    ..\Code\STLIB\FWLIB\src\stm32f4xx_gpio.c 0x00000000   Number         0  stm32f4xx_gpio.o ABSOLUTE
    ..\Code\STLIB\FWLIB\src\stm32f4xx_iwdg.c 0x00000000   Number         0  stm32f4xx_iwdg.o ABSOLUTE
    ..\Code\STLIB\FWLIB\src\stm32f4xx_ltdc.c 0x00000000   Number         0  stm32f4xx_ltdc.o ABSOLUTE
    ..\Code\STLIB\FWLIB\src\stm32f4xx_pwr.c  0x00000000   Number         0  stm32f4xx_pwr.o ABSOLUTE
    ..\Code\STLIB\FWLIB\src\stm32f4xx_rcc.c  0x00000000   Number         0  stm32f4xx_rcc.o ABSOLUTE
    ..\Code\STLIB\FWLIB\src\stm32f4xx_rng.c  0x00000000   Number         0  stm32f4xx_rng.o ABSOLUTE
    ..\Code\STLIB\FWLIB\src\stm32f4xx_rtc.c  0x00000000   Number         0  stm32f4xx_rtc.o ABSOLUTE
    ..\Code\STLIB\FWLIB\src\stm32f4xx_sai.c  0x00000000   Number         0  stm32f4xx_sai.o ABSOLUTE
    ..\Code\STLIB\FWLIB\src\stm32f4xx_sdio.c 0x00000000   Number         0  stm32f4xx_sdio.o ABSOLUTE
    ..\Code\STLIB\FWLIB\src\stm32f4xx_spi.c  0x00000000   Number         0  stm32f4xx_spi.o ABSOLUTE
    ..\Code\STLIB\FWLIB\src\stm32f4xx_syscfg.c 0x00000000   Number         0  stm32f4xx_syscfg.o ABSOLUTE
    ..\Code\STLIB\FWLIB\src\stm32f4xx_tim.c  0x00000000   Number         0  stm32f4xx_tim.o ABSOLUTE
    ..\Code\STLIB\FWLIB\src\stm32f4xx_usart.c 0x00000000   Number         0  stm32f4xx_usart.o ABSOLUTE
    ..\Code\STLIB\FWLIB\src\stm32f4xx_wwdg.c 0x00000000   Number         0  stm32f4xx_wwdg.o ABSOLUTE
    ..\Code\STLIB\stm32f4xx_it.c             0x00000000   Number         0  stm32f4xx_it.o ABSOLUTE
    ..\Code\main.c                           0x00000000   Number         0  main.o ABSOLUTE
    ..\\Code\\APP\\ANO_DT\\ANO_DT.c          0x00000000   Number         0  ano_dt.o ABSOLUTE
    ..\\Code\\APP\\Control\\Algorithm.c      0x00000000   Number         0  algorithm.o ABSOLUTE
    ..\\Code\\APP\\Control\\Control.c        0x00000000   Number         0  control.o ABSOLUTE
    ..\\Code\\APP\\Control\\param.c          0x00000000   Number         0  param.o ABSOLUTE
    ..\\Code\\APP\\Control\\pid.c            0x00000000   Number         0  pid.o ABSOLUTE
    ..\\Code\\APP\\Display\\Display.c        0x00000000   Number         0  display.o ABSOLUTE
    ..\\Code\\APP\\Math\\My_Math.c           0x00000000   Number         0  my_math.o ABSOLUTE
    ..\\Code\\APP\\Task_Loop\\Task_Loop.c    0x00000000   Number         0  task_loop.o ABSOLUTE
    ..\\Code\\APP\\Tensile\\Tensile.c        0x00000000   Number         0  tensile.o ABSOLUTE
    ..\\Code\\BSP\\ADS1255\\ADS1255.c        0x00000000   Number         0  ads1255.o ABSOLUTE
    ..\\Code\\BSP\\BEEP\\BEEP.c              0x00000000   Number         0  beep.o ABSOLUTE
    ..\\Code\\BSP\\ESCON\\ESCON.c            0x00000000   Number         0  escon.o ABSOLUTE
    ..\\Code\\BSP\\Encoder\\Encoder.c        0x00000000   Number         0  encoder.o ABSOLUTE
    ..\\Code\\BSP\\HMI\\HMI.c                0x00000000   Number         0  hmi.o ABSOLUTE
    ..\\Code\\BSP\\KEY\\KEY.c                0x00000000   Number         0  key.o ABSOLUTE
    ..\\Code\\BSP\\LED\\LED.c                0x00000000   Number         0  led.o ABSOLUTE
    ..\\Code\\BSP\\MCU\\ADC\\ADC.c           0x00000000   Number         0  adc.o ABSOLUTE
    ..\\Code\\BSP\\MCU\\FLASH\\stmflash.c    0x00000000   Number         0  stmflash.o ABSOLUTE
    ..\\Code\\BSP\\MCU\\IIC_Soft\\IIC_Soft.c 0x00000000   Number         0  iic_soft.o ABSOLUTE
    ..\\Code\\BSP\\MCU\\SysTick\\SysTick.c   0x00000000   Number         0  systick.o ABSOLUTE
    ..\\Code\\BSP\\MCU\\UART\\uart4.c        0x00000000   Number         0  uart4.o ABSOLUTE
    ..\\Code\\BSP\\MCU\\UART\\usart2.c       0x00000000   Number         0  usart2.o ABSOLUTE
    ..\\Code\\BSP\\MCU\\UART\\usart3.c       0x00000000   Number         0  usart3.o ABSOLUTE
    ..\\Code\\BSP\\MCU\\UART\\usart5.c       0x00000000   Number         0  usart5.o ABSOLUTE
    ..\\Code\\BSP\\My_BSP.c                  0x00000000   Number         0  my_bsp.o ABSOLUTE
    ..\\Code\\BSP\\OLED\\OLED.c              0x00000000   Number         0  oled.o ABSOLUTE
    ..\\Code\\BSP\\SYSTEM\\sys\\sys.c        0x00000000   Number         0  sys.o ABSOLUTE
    ..\\Code\\BSP\\SYSTEM\\usart\\Printf_Uart.c 0x00000000   Number         0  printf_uart.o ABSOLUTE
    ..\\Code\\BSP\\Time\\Time.c              0x00000000   Number         0  time.o ABSOLUTE
    ..\\Code\\STLIB\\CMSIS\\system_stm32f4xx.c 0x00000000   Number         0  system_stm32f4xx.o ABSOLUTE
    ..\\Code\\STLIB\\FWLIB\\src\\misc.c      0x00000000   Number         0  misc.o ABSOLUTE
    ..\\Code\\STLIB\\FWLIB\\src\\stm32f4xx_adc.c 0x00000000   Number         0  stm32f4xx_adc.o ABSOLUTE
    ..\\Code\\STLIB\\FWLIB\\src\\stm32f4xx_can.c 0x00000000   Number         0  stm32f4xx_can.o ABSOLUTE
    ..\\Code\\STLIB\\FWLIB\\src\\stm32f4xx_crc.c 0x00000000   Number         0  stm32f4xx_crc.o ABSOLUTE
    ..\\Code\\STLIB\\FWLIB\\src\\stm32f4xx_cryp.c 0x00000000   Number         0  stm32f4xx_cryp.o ABSOLUTE
    ..\\Code\\STLIB\\FWLIB\\src\\stm32f4xx_cryp_aes.c 0x00000000   Number         0  stm32f4xx_cryp_aes.o ABSOLUTE
    ..\\Code\\STLIB\\FWLIB\\src\\stm32f4xx_cryp_des.c 0x00000000   Number         0  stm32f4xx_cryp_des.o ABSOLUTE
    ..\\Code\\STLIB\\FWLIB\\src\\stm32f4xx_cryp_tdes.c 0x00000000   Number         0  stm32f4xx_cryp_tdes.o ABSOLUTE
    ..\\Code\\STLIB\\FWLIB\\src\\stm32f4xx_dbgmcu.c 0x00000000   Number         0  stm32f4xx_dbgmcu.o ABSOLUTE
    ..\\Code\\STLIB\\FWLIB\\src\\stm32f4xx_dcmi.c 0x00000000   Number         0  stm32f4xx_dcmi.o ABSOLUTE
    ..\\Code\\STLIB\\FWLIB\\src\\stm32f4xx_exti.c 0x00000000   Number         0  stm32f4xx_exti.o ABSOLUTE
    ..\\Code\\STLIB\\FWLIB\\src\\stm32f4xx_gpio.c 0x00000000   Number         0  stm32f4xx_gpio.o ABSOLUTE
    ..\\Code\\STLIB\\FWLIB\\src\\stm32f4xx_iwdg.c 0x00000000   Number         0  stm32f4xx_iwdg.o ABSOLUTE
    ..\\Code\\STLIB\\FWLIB\\src\\stm32f4xx_ltdc.c 0x00000000   Number         0  stm32f4xx_ltdc.o ABSOLUTE
    ..\\Code\\STLIB\\FWLIB\\src\\stm32f4xx_pwr.c 0x00000000   Number         0  stm32f4xx_pwr.o ABSOLUTE
    ..\\Code\\STLIB\\FWLIB\\src\\stm32f4xx_rcc.c 0x00000000   Number         0  stm32f4xx_rcc.o ABSOLUTE
    ..\\Code\\STLIB\\FWLIB\\src\\stm32f4xx_rng.c 0x00000000   Number         0  stm32f4xx_rng.o ABSOLUTE
    ..\\Code\\STLIB\\FWLIB\\src\\stm32f4xx_rtc.c 0x00000000   Number         0  stm32f4xx_rtc.o ABSOLUTE
    ..\\Code\\STLIB\\FWLIB\\src\\stm32f4xx_sai.c 0x00000000   Number         0  stm32f4xx_sai.o ABSOLUTE
    ..\\Code\\STLIB\\FWLIB\\src\\stm32f4xx_sdio.c 0x00000000   Number         0  stm32f4xx_sdio.o ABSOLUTE
    ..\\Code\\STLIB\\FWLIB\\src\\stm32f4xx_spi.c 0x00000000   Number         0  stm32f4xx_spi.o ABSOLUTE
    ..\\Code\\STLIB\\FWLIB\\src\\stm32f4xx_syscfg.c 0x00000000   Number         0  stm32f4xx_syscfg.o ABSOLUTE
    ..\\Code\\STLIB\\FWLIB\\src\\stm32f4xx_tim.c 0x00000000   Number         0  stm32f4xx_tim.o ABSOLUTE
    ..\\Code\\STLIB\\FWLIB\\src\\stm32f4xx_usart.c 0x00000000   Number         0  stm32f4xx_usart.o ABSOLUTE
    ..\\Code\\STLIB\\FWLIB\\src\\stm32f4xx_wwdg.c 0x00000000   Number         0  stm32f4xx_wwdg.o ABSOLUTE
    ..\\Code\\STLIB\\stm32f4xx_it.c          0x00000000   Number         0  stm32f4xx_it.o ABSOLUTE
    ..\\Code\\main.c                         0x00000000   Number         0  main.o ABSOLUTE
    RTE\Data_Exchange\jansson_config.c       0x00000000   Number         0  jansson_config.o ABSOLUTE
    cdcmple.s                                0x00000000   Number         0  cdcmple.o ABSOLUTE
    cdrcmple.s                               0x00000000   Number         0  cdrcmple.o ABSOLUTE
    dc.s                                     0x00000000   Number         0  dc.o ABSOLUTE
    handlers.s                               0x00000000   Number         0  handlers.o ABSOLUTE
    init.s                                   0x00000000   Number         0  init.o ABSOLUTE
    RESET                                    0x08000000   Section      392  startup_stm32f40_41xxx.o(RESET)
    .ARM.Collect$$$$00000000                 0x08000188   Section        0  entry.o(.ARM.Collect$$$$00000000)
    .ARM.Collect$$$$00000001                 0x08000188   Section        4  entry2.o(.ARM.Collect$$$$00000001)
    .ARM.Collect$$$$00000004                 0x0800018c   Section        4  entry5.o(.ARM.Collect$$$$00000004)
    .ARM.Collect$$$$00000008                 0x08000190   Section        0  entry7b.o(.ARM.Collect$$$$00000008)
    .ARM.Collect$$$$0000000A                 0x08000190   Section        0  entry8b.o(.ARM.Collect$$$$0000000A)
    .ARM.Collect$$$$0000000B                 0x08000190   Section        8  entry9a.o(.ARM.Collect$$$$0000000B)
    .ARM.Collect$$$$0000000D                 0x08000198   Section        0  entry10a.o(.ARM.Collect$$$$0000000D)
    .ARM.Collect$$$$0000000F                 0x08000198   Section        0  entry11a.o(.ARM.Collect$$$$0000000F)
    .ARM.Collect$$$$00002712                 0x08000198   Section        4  entry2.o(.ARM.Collect$$$$00002712)
    __lit__00000000                          0x08000198   Data           4  entry2.o(.ARM.Collect$$$$00002712)
    .text                                    0x0800019c   Section       36  startup_stm32f40_41xxx.o(.text)
    $v0                                      0x0800019c   Number         0  startup_stm32f40_41xxx.o(.text)
    .text                                    0x080001c0   Section        0  memseta.o(.text)
    .text                                    0x080001e4   Section        0  strlen.o(.text)
    .text                                    0x080001f2   Section        0  dadd.o(.text)
    .text                                    0x08000340   Section        0  dmul.o(.text)
    .text                                    0x08000424   Section        0  ddiv.o(.text)
    .text                                    0x08000504   Section       48  cdrcmple.o(.text)
    .text                                    0x08000534   Section        0  uidiv.o(.text)
    .text                                    0x08000560   Section        0  uldiv.o(.text)
    .text                                    0x080005c2   Section        0  llshl.o(.text)
    .text                                    0x080005e0   Section        0  llsshr.o(.text)
    .text                                    0x08000604   Section        0  iusefp.o(.text)
    .text                                    0x08000604   Section        0  depilogue.o(.text)
    .text                                    0x080006be   Section        0  dfixul.o(.text)
    .text                                    0x080006f0   Section       36  init.o(.text)
    .text                                    0x08000714   Section        0  llushr.o(.text)
    .text                                    0x08000714   Section        0  semi.o(.text)
    .text                                    0x08000734   Section        0  iusesemip.o(.text)
    i.ADS1255_GPIO_Init                      0x08000734   Section        0  ads1255.o(i.ADS1255_GPIO_Init)
    i.ADS1255_Init                           0x080007b0   Section        0  ads1255.o(i.ADS1255_Init)
    i.ADS1255_SELFCAL                        0x080008e0   Section        0  ads1255.o(i.ADS1255_SELFCAL)
    i.ADS1255_SYNC                           0x080008fc   Section        0  ads1255.o(i.ADS1255_SYNC)
    i.ADS1255_WAKEUP                         0x08000918   Section        0  ads1255.o(i.ADS1255_WAKEUP)
    i.ADS1255_delayms                        0x08000922   Section        0  ads1255.o(i.ADS1255_delayms)
    i.ADS1255_delayus                        0x08000940   Section        0  ads1255.o(i.ADS1255_delayus)
    i.ADS1255_read_bit                       0x08000960   Section        0  ads1255.o(i.ADS1255_read_bit)
    i.ADS1255_read_reg                       0x080009a0   Section        0  ads1255.o(i.ADS1255_read_reg)
    i.ADS1255_write_bit                      0x080009d4   Section        0  ads1255.o(i.ADS1255_write_bit)
    i.ADS1255_write_reg                      0x08000a24   Section        0  ads1255.o(i.ADS1255_write_reg)
    i.ANO_DT_Data_Exchange                   0x08000a58   Section        0  ano_dt.o(i.ANO_DT_Data_Exchange)
    ANO_DT_Data_Exchange                     0x08000a59   Thumb Code   772  ano_dt.o(i.ANO_DT_Data_Exchange)
    i.ANO_DT_Data_Receive_Anl                0x08000d64   Section        0  ano_dt.o(i.ANO_DT_Data_Receive_Anl)
    ANO_DT_Data_Receive_Anl                  0x08000d65   Thumb Code   976  ano_dt.o(i.ANO_DT_Data_Receive_Anl)
    i.ANO_DT_Do                              0x0800113c   Section        0  ano_dt.o(i.ANO_DT_Do)
    i.ANO_DT_Send_Check                      0x08001174   Section        0  ano_dt.o(i.ANO_DT_Send_Check)
    ANO_DT_Send_Check                        0x08001175   Thumb Code    62  ano_dt.o(i.ANO_DT_Send_Check)
    i.ANO_DT_Send_Data                       0x080011b8   Section        0  ano_dt.o(i.ANO_DT_Send_Data)
    ANO_DT_Send_Data                         0x080011b9   Thumb Code    16  ano_dt.o(i.ANO_DT_Send_Data)
    i.ANO_DT_Send_PID                        0x080011cc   Section        0  ano_dt.o(i.ANO_DT_Send_PID)
    ANO_DT_Send_PID                          0x080011cd   Thumb Code   490  ano_dt.o(i.ANO_DT_Send_PID)
    i.ANO_DT_Send_Senser                     0x080013bc   Section        0  ano_dt.o(i.ANO_DT_Send_Senser)
    i.Argument_Init                          0x08001538   Section        0  ano_dt.o(i.Argument_Init)
    i.Argument_Save                          0x08001548   Section        0  ano_dt.o(i.Argument_Save)
    Argument_Save                            0x08001549   Thumb Code    12  ano_dt.o(i.Argument_Save)
    i.Argument_To_Ctrl                       0x08001554   Section        0  ano_dt.o(i.Argument_To_Ctrl)
    Argument_To_Ctrl                         0x08001555   Thumb Code     2  ano_dt.o(i.Argument_To_Ctrl)
    i.BSP_Init                               0x08001558   Section        0  my_bsp.o(i.BSP_Init)
    i.Beep_Init                              0x0800161c   Section        0  beep.o(i.Beep_Init)
    i.Beep_Play                              0x080016bc   Section        0  beep.o(i.Beep_Play)
    i.BusFault_Handler                       0x080016dc   Section        0  stm32f4xx_it.o(i.BusFault_Handler)
    i.Control_Preparing                      0x080016e0   Section        0  control.o(i.Control_Preparing)
    i.Control_Stop                           0x080016f0   Section        0  control.o(i.Control_Stop)
    i.Control_Strength                       0x080016fa   Section        0  control.o(i.Control_Strength)
    i.Control_Velocity                       0x080016fc   Section        0  control.o(i.Control_Velocity)
    i.Ctrl_Set_Zoro                          0x08001700   Section        0  ano_dt.o(i.Ctrl_Set_Zoro)
    Ctrl_Set_Zoro                            0x08001701   Thumb Code    12  ano_dt.o(i.Ctrl_Set_Zoro)
    i.Ctrl_To_Argument                       0x08001710   Section        0  ano_dt.o(i.Ctrl_To_Argument)
    Ctrl_To_Argument                         0x08001711   Thumb Code     2  ano_dt.o(i.Ctrl_To_Argument)
    i.Cycle_Time_Init                        0x08001712   Section        0  time.o(i.Cycle_Time_Init)
    i.DebugMon_Handler                       0x08001728   Section        0  stm32f4xx_it.o(i.DebugMon_Handler)
    i.Display_Error                          0x0800172c   Section        0  display.o(i.Display_Error)
    i.ESCON_EN                               0x0800174c   Section        0  escon.o(i.ESCON_EN)
    i.ESCON_Init                             0x08001764   Section        0  escon.o(i.ESCON_Init)
    i.ESCON_PWM_Set                          0x0800183c   Section        0  escon.o(i.ESCON_PWM_Set)
    i.Flash_SavePID                          0x08001898   Section        0  ano_dt.o(i.Flash_SavePID)
    Flash_SavePID                            0x08001899   Thumb Code   102  ano_dt.o(i.Flash_SavePID)
    i.GPIO_Init                              0x08001908   Section        0  stm32f4xx_gpio.o(i.GPIO_Init)
    i.GPIO_PinAFConfig                       0x08001998   Section        0  stm32f4xx_gpio.o(i.GPIO_PinAFConfig)
    i.GPIO_ReadInputDataBit                  0x080019de   Section        0  stm32f4xx_gpio.o(i.GPIO_ReadInputDataBit)
    i.GPIO_ResetBits                         0x080019f0   Section        0  stm32f4xx_gpio.o(i.GPIO_ResetBits)
    i.GPIO_SetBits                           0x080019f4   Section        0  stm32f4xx_gpio.o(i.GPIO_SetBits)
    i.GetSysTime_us                          0x080019f8   Section        0  systick.o(i.GetSysTime_us)
    i.Get_Cycle_T                            0x08001a2c   Section        0  time.o(i.Get_Cycle_T)
    i.HMI_Data_Handle                        0x08001aac   Section        0  hmi.o(i.HMI_Data_Handle)
    i.HardFault_Handler                      0x08001b14   Section        0  stm32f4xx_it.o(i.HardFault_Handler)
    i.KEY_Init                               0x08001ba8   Section        0  key.o(i.KEY_Init)
    i.KEY_Scan                               0x08001be8   Section        0  key.o(i.KEY_Scan)
    i.LED_ALL_OFF                            0x08001c74   Section        0  led.o(i.LED_ALL_OFF)
    i.LED_ALL_ON                             0x08001cbc   Section        0  led.o(i.LED_ALL_ON)
    i.LED_Blink                              0x08001d04   Section        0  led.o(i.LED_Blink)
    i.LED_Init                               0x08001d3c   Section        0  led.o(i.LED_Init)
    i.LED_OFF                                0x08001d8c   Section        0  led.o(i.LED_OFF)
    i.LED_ON                                 0x08001dd8   Section        0  led.o(i.LED_ON)
    i.LED_SWITCH                             0x08001e24   Section        0  led.o(i.LED_SWITCH)
    i.Loop_Time_Check                        0x08001eb8   Section        0  task_loop.o(i.Loop_Time_Check)
    i.Loop_Time_Clear                        0x08001f04   Section        0  task_loop.o(i.Loop_Time_Clear)
    i.MemManage_Handler                      0x08001f14   Section        0  stm32f4xx_it.o(i.MemManage_Handler)
    i.NMI_Handler                            0x08001f18   Section        0  stm32f4xx_it.o(i.NMI_Handler)
    i.NVIC_Init                              0x08001f1c   Section        0  misc.o(i.NVIC_Init)
    i.NVIC_PriorityGroupConfig               0x08001f94   Section        0  misc.o(i.NVIC_PriorityGroupConfig)
    i.OLED_Clear                             0x08001fa8   Section        0  oled.o(i.OLED_Clear)
    i.OLED_DrawPoint                         0x08001fd8   Section        0  oled.o(i.OLED_DrawPoint)
    i.OLED_Init                              0x08002040   Section        0  oled.o(i.OLED_Init)
    i.OLED_Refresh_Gram                      0x08002170   Section        0  oled.o(i.OLED_Refresh_Gram)
    i.OLED_ShowChar                          0x080021bc   Section        0  oled.o(i.OLED_ShowChar)
    i.OLED_ShowString                        0x08002264   Section        0  oled.o(i.OLED_ShowString)
    i.OLED_WR_Byte                           0x080022a8   Section        0  oled.o(i.OLED_WR_Byte)
    i.RCC_AHB1PeriphClockCmd                 0x08002300   Section        0  stm32f4xx_rcc.o(i.RCC_AHB1PeriphClockCmd)
    i.RCC_APB1PeriphClockCmd                 0x08002320   Section        0  stm32f4xx_rcc.o(i.RCC_APB1PeriphClockCmd)
    i.RCC_APB1PeriphResetCmd                 0x08002340   Section        0  stm32f4xx_rcc.o(i.RCC_APB1PeriphResetCmd)
    i.RCC_APB2PeriphClockCmd                 0x08002360   Section        0  stm32f4xx_rcc.o(i.RCC_APB2PeriphClockCmd)
    i.RCC_APB2PeriphResetCmd                 0x08002380   Section        0  stm32f4xx_rcc.o(i.RCC_APB2PeriphResetCmd)
    i.RCC_GetClocksFreq                      0x080023a0   Section        0  stm32f4xx_rcc.o(i.RCC_GetClocksFreq)
    i.STMFLASH_EraseSector                   0x08002488   Section        0  stmflash.o(i.STMFLASH_EraseSector)
    i.STMFLASH_GetFlashSector                0x080024fc   Section        0  stmflash.o(i.STMFLASH_GetFlashSector)
    i.STMFLASH_GetStatus                     0x0800259c   Section        0  stmflash.o(i.STMFLASH_GetStatus)
    i.STMFLASH_Lock                          0x080025dc   Section        0  stmflash.o(i.STMFLASH_Lock)
    i.STMFLASH_ReadWord                      0x080025f0   Section        0  stmflash.o(i.STMFLASH_ReadWord)
    i.STMFLASH_Unlock                        0x080025f8   Section        0  stmflash.o(i.STMFLASH_Unlock)
    i.STMFLASH_WaitDone                      0x08002610   Section        0  stmflash.o(i.STMFLASH_WaitDone)
    i.STMFLASH_Write                         0x08002638   Section        0  stmflash.o(i.STMFLASH_Write)
    i.STMFLASH_WriteWord                     0x080026dc   Section        0  stmflash.o(i.STMFLASH_WriteWord)
    i.SVC_Handler                            0x08002730   Section        0  stm32f4xx_it.o(i.SVC_Handler)
    i.SetSysClock                            0x08002734   Section        0  system_stm32f4xx.o(i.SetSysClock)
    SetSysClock                              0x08002735   Thumb Code   220  system_stm32f4xx.o(i.SetSysClock)
    i.SysTick_CLKSourceConfig                0x08002820   Section        0  misc.o(i.SysTick_CLKSourceConfig)
    i.SysTick_Handler                        0x08002848   Section        0  systick.o(i.SysTick_Handler)
    i.SysTick_Init                           0x08002864   Section        0  systick.o(i.SysTick_Init)
    i.SystemInit                             0x080028d0   Section        0  system_stm32f4xx.o(i.SystemInit)
    i.System_Init                            0x08002938   Section        0  main.o(i.System_Init)
    System_Init                              0x08002939   Thumb Code    26  main.o(i.System_Init)
    i.System_Tiem_Clear                      0x08002954   Section        0  time.o(i.System_Tiem_Clear)
    i.System_Time_Running                    0x08002964   Section        0  time.o(i.System_Time_Running)
    i.TIM_Cmd                                0x080029d0   Section        0  stm32f4xx_tim.o(i.TIM_Cmd)
    i.TIM_CtrlPWMOutputs                     0x080029e8   Section        0  stm32f4xx_tim.o(i.TIM_CtrlPWMOutputs)
    i.TIM_OC1Init                            0x08002a08   Section        0  stm32f4xx_tim.o(i.TIM_OC1Init)
    i.TIM_OC1PreloadConfig                   0x08002a84   Section        0  stm32f4xx_tim.o(i.TIM_OC1PreloadConfig)
    i.TIM_OC2Init                            0x08002a98   Section        0  stm32f4xx_tim.o(i.TIM_OC2Init)
    i.TIM_OC2PreloadConfig                   0x08002b3c   Section        0  stm32f4xx_tim.o(i.TIM_OC2PreloadConfig)
    i.TIM_TimeBaseInit                       0x08002b58   Section        0  stm32f4xx_tim.o(i.TIM_TimeBaseInit)
    i.Task_10ms                              0x08002bdc   Section        0  task_loop.o(i.Task_10ms)
    Task_10ms                                0x08002bdd   Thumb Code    94  task_loop.o(i.Task_10ms)
    i.Task_Loop                              0x08002c40   Section        0  task_loop.o(i.Task_Loop)
    i.Tensile_Init                           0x08002d38   Section        0  tensile.o(i.Tensile_Init)
    i.UART4_IRQHandler                       0x08002d68   Section        0  uart4.o(i.UART4_IRQHandler)
    i.UART5_IRQHandler                       0x08002e1c   Section        0  hmi.o(i.UART5_IRQHandler)
    i.USART1_IRQHandler                      0x08002ed0   Section        0  printf_uart.o(i.USART1_IRQHandler)
    i.USART3_IRQHandler                      0x08002f6c   Section        0  usart3.o(i.USART3_IRQHandler)
    i.USART_ClearFlag                        0x08003014   Section        0  stm32f4xx_usart.o(i.USART_ClearFlag)
    i.USART_Cmd                              0x08003026   Section        0  stm32f4xx_usart.o(i.USART_Cmd)
    i.USART_DeInit                           0x08003040   Section        0  stm32f4xx_usart.o(i.USART_DeInit)
    i.USART_GetFlagStatus                    0x08003130   Section        0  stm32f4xx_usart.o(i.USART_GetFlagStatus)
    i.USART_GetITStatus                      0x0800314a   Section        0  stm32f4xx_usart.o(i.USART_GetITStatus)
    i.USART_ITConfig                         0x0800319e   Section        0  stm32f4xx_usart.o(i.USART_ITConfig)
    i.USART_Init                             0x080031e8   Section        0  stm32f4xx_usart.o(i.USART_Init)
    i.USART_ReceiveData                      0x080032bc   Section        0  stm32f4xx_usart.o(i.USART_ReceiveData)
    i.USART_SendData                         0x080032c6   Section        0  stm32f4xx_usart.o(i.USART_SendData)
    i.UsageFault_Handler                     0x080032ce   Section        0  stm32f4xx_it.o(i.UsageFault_Handler)
    i.__0printf                              0x080032d4   Section        0  printfa.o(i.__0printf)
    i.__0sprintf                             0x080032f4   Section        0  printfa.o(i.__0sprintf)
    i.__0vsprintf                            0x0800331c   Section        0  printfa.o(i.__0vsprintf)
    i.__scatterload_copy                     0x08003340   Section       14  handlers.o(i.__scatterload_copy)
    i.__scatterload_null                     0x0800334e   Section        2  handlers.o(i.__scatterload_null)
    i.__scatterload_zeroinit                 0x08003350   Section       14  handlers.o(i.__scatterload_zeroinit)
    i._fp_digits                             0x08003360   Section        0  printfa.o(i._fp_digits)
    _fp_digits                               0x08003361   Thumb Code   334  printfa.o(i._fp_digits)
    i._printf_core                           0x080034c4   Section        0  printfa.o(i._printf_core)
    _printf_core                             0x080034c5   Thumb Code  1744  printfa.o(i._printf_core)
    i._printf_post_padding                   0x08003ba0   Section        0  printfa.o(i._printf_post_padding)
    _printf_post_padding                     0x08003ba1   Thumb Code    36  printfa.o(i._printf_post_padding)
    i._printf_pre_padding                    0x08003bc4   Section        0  printfa.o(i._printf_pre_padding)
    _printf_pre_padding                      0x08003bc5   Thumb Code    46  printfa.o(i._printf_pre_padding)
    i._sputc                                 0x08003bf2   Section        0  printfa.o(i._sputc)
    _sputc                                   0x08003bf3   Thumb Code    10  printfa.o(i._sputc)
    i.delay_ms                               0x08003bfc   Section        0  systick.o(i.delay_ms)
    i.delay_us                               0x08003c16   Section        0  systick.o(i.delay_us)
    i.fputc                                  0x08003c2e   Section        0  fputc.o(i.fputc)
    i.main                                   0x08003c40   Section        0  main.o(i.main)
    i.u1_printf                              0x08003c4c   Section        0  printf_uart.o(i.u1_printf)
    i.u3_putbuff                             0x08003c9c   Section        0  usart3.o(i.u3_putbuff)
    i.u3_putchar                             0x08003cb8   Section        0  usart3.o(i.u3_putchar)
    u3_putchar                               0x08003cb9   Thumb Code    22  usart3.o(i.u3_putchar)
    i.uart4_init                             0x08003cd4   Section        0  uart4.o(i.uart4_init)
    i.usart1_init                            0x08003d88   Section        0  printf_uart.o(i.usart1_init)
    i.usart2_init                            0x08003e40   Section        0  usart2.o(i.usart2_init)
    i.usart3_init                            0x08003ef8   Section        0  usart3.o(i.usart3_init)
    i.usart5_init                            0x08003fac   Section        0  usart5.o(i.usart5_init)
    .constdata                               0x08004078   Section     2660  oled.o(.constdata)
    .data                                    0x20000000   Section        8  task_loop.o(.data)
    Loop_Time                                0x20000000   Data           8  task_loop.o(.data)
    .data                                    0x20000008   Section        4  ano_dt.o(.data)
    ANO_DT_Rx_Cnt                            0x20000008   Data           1  ano_dt.o(.data)
    _data_len                                0x2000000a   Data           1  ano_dt.o(.data)
    state                                    0x2000000b   Data           1  ano_dt.o(.data)
    .data                                    0x2000000c   Section        4  hmi.o(.data)
    .data                                    0x20000010   Section        5  led.o(.data)
    LED_Statue                               0x20000010   Data           4  led.o(.data)
    time_count                               0x20000014   Data           1  led.o(.data)
    .data                                    0x20000018   Section        8  systick.o(.data)
    .data                                    0x20000020   Section        6  time.o(.data)
    .data                                    0x20000026   Section        2  usart3.o(.data)
    .data                                    0x20000028   Section        1  key.o(.data)
    key_up                                   0x20000028   Data           1  key.o(.data)
    .data                                    0x2000002c   Section        8  printf_uart.o(.data)
    .data                                    0x20000034   Section        3  uart4.o(.data)
    .data                                    0x20000037   Section       16  stm32f4xx_rcc.o(.data)
    APBAHBPrescTable                         0x20000037   Data          16  stm32f4xx_rcc.o(.data)
    .data                                    0x20000048   Section        4  stdout.o(.data)
    .bss                                     0x2000004c   Section      328  ano_dt.o(.bss)
    f                                        0x2000004c   Data          10  ano_dt.o(.bss)
    ctrl_1                                   0x20000058   Data         216  ano_dt.o(.bss)
    data_to_send                             0x20000130   Data          50  ano_dt.o(.bss)
    ANO_DT_RxBuffer                          0x20000162   Data          50  ano_dt.o(.bss)
    .bss                                     0x20000194   Section     1600  hmi.o(.bss)
    .bss                                     0x200007d4   Section       28  tensile.o(.bss)
    .bss                                     0x200007f0   Section       60  time.o(.bss)
    .bss                                     0x2000082c   Section     1024  oled.o(.bss)
    .bss                                     0x20000c30   Section      800  usart3.o(.bss)
    .bss                                     0x20000f50   Section      800  printf_uart.o(.bss)
    .bss                                     0x20001270   Section      800  uart4.o(.bss)
    STACK                                    0x20001590   Section     1024  startup_stm32f40_41xxx.o(STACK)

    Global Symbols

    Symbol Name                              Value     Ov Type        Size  Object(Section)

    BuildAttributes$$THM_ISAv4$E$P$D$K$B$S$7EM$VFPi3$EXTD16$VFPS$VFMA$PE$A:L22UL41UL21$X:L11$S22US41US21$IEEE1$IW$USESV6$~STKCKD$USESV7$~SHL$OTIME$ROPI$EBA8$MICROLIB$REQ8$PRES8$EABIv2 0x00000000   Number         0  anon$$obj.o ABSOLUTE
    __ARM_use_no_argv                        0x00000000   Number         0  main.o ABSOLUTE
    _printf_a                                0x00000000   Number         0  stubs.o ABSOLUTE
    _printf_c                                0x00000000   Number         0  stubs.o ABSOLUTE
    _printf_charcount                        0x00000000   Number         0  stubs.o ABSOLUTE
    _printf_d                                0x00000000   Number         0  stubs.o ABSOLUTE
    _printf_e                                0x00000000   Number         0  stubs.o ABSOLUTE
    _printf_f                                0x00000000   Number         0  stubs.o ABSOLUTE
    _printf_flags                            0x00000000   Number         0  stubs.o ABSOLUTE
    _printf_fp_dec                           0x00000000   Number         0  stubs.o ABSOLUTE
    _printf_fp_hex                           0x00000000   Number         0  stubs.o ABSOLUTE
    _printf_g                                0x00000000   Number         0  stubs.o ABSOLUTE
    _printf_i                                0x00000000   Number         0  stubs.o ABSOLUTE
    _printf_int_dec                          0x00000000   Number         0  stubs.o ABSOLUTE
    _printf_l                                0x00000000   Number         0  stubs.o ABSOLUTE
    _printf_lc                               0x00000000   Number         0  stubs.o ABSOLUTE
    _printf_ll                               0x00000000   Number         0  stubs.o ABSOLUTE
    _printf_lld                              0x00000000   Number         0  stubs.o ABSOLUTE
    _printf_lli                              0x00000000   Number         0  stubs.o ABSOLUTE
    _printf_llo                              0x00000000   Number         0  stubs.o ABSOLUTE
    _printf_llu                              0x00000000   Number         0  stubs.o ABSOLUTE
    _printf_llx                              0x00000000   Number         0  stubs.o ABSOLUTE
    _printf_longlong_dec                     0x00000000   Number         0  stubs.o ABSOLUTE
    _printf_longlong_hex                     0x00000000   Number         0  stubs.o ABSOLUTE
    _printf_longlong_oct                     0x00000000   Number         0  stubs.o ABSOLUTE
    _printf_ls                               0x00000000   Number         0  stubs.o ABSOLUTE
    _printf_mbtowc                           0x00000000   Number         0  stubs.o ABSOLUTE
    _printf_n                                0x00000000   Number         0  stubs.o ABSOLUTE
    _printf_o                                0x00000000   Number         0  stubs.o ABSOLUTE
    _printf_p                                0x00000000   Number         0  stubs.o ABSOLUTE
    _printf_percent                          0x00000000   Number         0  stubs.o ABSOLUTE
    _printf_pre_padding                      0x00000000   Number         0  stubs.o ABSOLUTE
    _printf_return_value                     0x00000000   Number         0  stubs.o ABSOLUTE
    _printf_s                                0x00000000   Number         0  stubs.o ABSOLUTE
    _printf_sizespec                         0x00000000   Number         0  stubs.o ABSOLUTE
    _printf_str                              0x00000000   Number         0  stubs.o ABSOLUTE
    _printf_truncate_signed                  0x00000000   Number         0  stubs.o ABSOLUTE
    _printf_truncate_unsigned                0x00000000   Number         0  stubs.o ABSOLUTE
    _printf_u                                0x00000000   Number         0  stubs.o ABSOLUTE
    _printf_wc                               0x00000000   Number         0  stubs.o ABSOLUTE
    _printf_wctomb                           0x00000000   Number         0  stubs.o ABSOLUTE
    _printf_widthprec                        0x00000000   Number         0  stubs.o ABSOLUTE
    _printf_x                                0x00000000   Number         0  stubs.o ABSOLUTE
    __cpp_initialize__aeabi_                  - Undefined Weak Reference
    __cxa_finalize                            - Undefined Weak Reference
    __decompress                              - Undefined Weak Reference
    _clock_init                               - Undefined Weak Reference
    _microlib_exit                            - Undefined Weak Reference
    __Vectors_Size                           0x00000188   Number         0  startup_stm32f40_41xxx.o ABSOLUTE
    __Vectors                                0x08000000   Data           4  startup_stm32f40_41xxx.o(RESET)
    __Vectors_End                            0x08000188   Data           0  startup_stm32f40_41xxx.o(RESET)
    __main                                   0x08000189   Thumb Code     0  entry.o(.ARM.Collect$$$$00000000)
    _main_stk                                0x08000189   Thumb Code     0  entry2.o(.ARM.Collect$$$$00000001)
    _main_scatterload                        0x0800018d   Thumb Code     0  entry5.o(.ARM.Collect$$$$00000004)
    __main_after_scatterload                 0x08000191   Thumb Code     0  entry5.o(.ARM.Collect$$$$00000004)
    _main_clock                              0x08000191   Thumb Code     0  entry7b.o(.ARM.Collect$$$$00000008)
    _main_cpp_init                           0x08000191   Thumb Code     0  entry8b.o(.ARM.Collect$$$$0000000A)
    _main_init                               0x08000191   Thumb Code     0  entry9a.o(.ARM.Collect$$$$0000000B)
    __rt_final_cpp                           0x08000199   Thumb Code     0  entry10a.o(.ARM.Collect$$$$0000000D)
    __rt_final_exit                          0x08000199   Thumb Code     0  entry11a.o(.ARM.Collect$$$$0000000F)
    Reset_Handler                            0x0800019d   Thumb Code     8  startup_stm32f40_41xxx.o(.text)
    PendSV_Handler                           0x080001b3   Thumb Code     2  startup_stm32f40_41xxx.o(.text)
    ADC_IRQHandler                           0x080001b7   Thumb Code     0  startup_stm32f40_41xxx.o(.text)
    CAN1_RX0_IRQHandler                      0x080001b7   Thumb Code     0  startup_stm32f40_41xxx.o(.text)
    CAN1_RX1_IRQHandler                      0x080001b7   Thumb Code     0  startup_stm32f40_41xxx.o(.text)
    CAN1_SCE_IRQHandler                      0x080001b7   Thumb Code     0  startup_stm32f40_41xxx.o(.text)
    CAN1_TX_IRQHandler                       0x080001b7   Thumb Code     0  startup_stm32f40_41xxx.o(.text)
    CAN2_RX0_IRQHandler                      0x080001b7   Thumb Code     0  startup_stm32f40_41xxx.o(.text)
    CAN2_RX1_IRQHandler                      0x080001b7   Thumb Code     0  startup_stm32f40_41xxx.o(.text)
    CAN2_SCE_IRQHandler                      0x080001b7   Thumb Code     0  startup_stm32f40_41xxx.o(.text)
    CAN2_TX_IRQHandler                       0x080001b7   Thumb Code     0  startup_stm32f40_41xxx.o(.text)
    CRYP_IRQHandler                          0x080001b7   Thumb Code     0  startup_stm32f40_41xxx.o(.text)
    DCMI_IRQHandler                          0x080001b7   Thumb Code     0  startup_stm32f40_41xxx.o(.text)
    DMA1_Stream0_IRQHandler                  0x080001b7   Thumb Code     0  startup_stm32f40_41xxx.o(.text)
    DMA1_Stream1_IRQHandler                  0x080001b7   Thumb Code     0  startup_stm32f40_41xxx.o(.text)
    DMA1_Stream2_IRQHandler                  0x080001b7   Thumb Code     0  startup_stm32f40_41xxx.o(.text)
    DMA1_Stream3_IRQHandler                  0x080001b7   Thumb Code     0  startup_stm32f40_41xxx.o(.text)
    DMA1_Stream4_IRQHandler                  0x080001b7   Thumb Code     0  startup_stm32f40_41xxx.o(.text)
    DMA1_Stream5_IRQHandler                  0x080001b7   Thumb Code     0  startup_stm32f40_41xxx.o(.text)
    DMA1_Stream6_IRQHandler                  0x080001b7   Thumb Code     0  startup_stm32f40_41xxx.o(.text)
    DMA1_Stream7_IRQHandler                  0x080001b7   Thumb Code     0  startup_stm32f40_41xxx.o(.text)
    DMA2_Stream0_IRQHandler                  0x080001b7   Thumb Code     0  startup_stm32f40_41xxx.o(.text)
    DMA2_Stream1_IRQHandler                  0x080001b7   Thumb Code     0  startup_stm32f40_41xxx.o(.text)
    DMA2_Stream2_IRQHandler                  0x080001b7   Thumb Code     0  startup_stm32f40_41xxx.o(.text)
    DMA2_Stream3_IRQHandler                  0x080001b7   Thumb Code     0  startup_stm32f40_41xxx.o(.text)
    DMA2_Stream4_IRQHandler                  0x080001b7   Thumb Code     0  startup_stm32f40_41xxx.o(.text)
    DMA2_Stream5_IRQHandler                  0x080001b7   Thumb Code     0  startup_stm32f40_41xxx.o(.text)
    DMA2_Stream6_IRQHandler                  0x080001b7   Thumb Code     0  startup_stm32f40_41xxx.o(.text)
    DMA2_Stream7_IRQHandler                  0x080001b7   Thumb Code     0  startup_stm32f40_41xxx.o(.text)
    ETH_IRQHandler                           0x080001b7   Thumb Code     0  startup_stm32f40_41xxx.o(.text)
    ETH_WKUP_IRQHandler                      0x080001b7   Thumb Code     0  startup_stm32f40_41xxx.o(.text)
    EXTI0_IRQHandler                         0x080001b7   Thumb Code     0  startup_stm32f40_41xxx.o(.text)
    EXTI15_10_IRQHandler                     0x080001b7   Thumb Code     0  startup_stm32f40_41xxx.o(.text)
    EXTI1_IRQHandler                         0x080001b7   Thumb Code     0  startup_stm32f40_41xxx.o(.text)
    EXTI2_IRQHandler                         0x080001b7   Thumb Code     0  startup_stm32f40_41xxx.o(.text)
    EXTI3_IRQHandler                         0x080001b7   Thumb Code     0  startup_stm32f40_41xxx.o(.text)
    EXTI4_IRQHandler                         0x080001b7   Thumb Code     0  startup_stm32f40_41xxx.o(.text)
    EXTI9_5_IRQHandler                       0x080001b7   Thumb Code     0  startup_stm32f40_41xxx.o(.text)
    FLASH_IRQHandler                         0x080001b7   Thumb Code     0  startup_stm32f40_41xxx.o(.text)
    FPU_IRQHandler                           0x080001b7   Thumb Code     0  startup_stm32f40_41xxx.o(.text)
    FSMC_IRQHandler                          0x080001b7   Thumb Code     0  startup_stm32f40_41xxx.o(.text)
    HASH_RNG_IRQHandler                      0x080001b7   Thumb Code     0  startup_stm32f40_41xxx.o(.text)
    I2C1_ER_IRQHandler                       0x080001b7   Thumb Code     0  startup_stm32f40_41xxx.o(.text)
    I2C1_EV_IRQHandler                       0x080001b7   Thumb Code     0  startup_stm32f40_41xxx.o(.text)
    I2C2_ER_IRQHandler                       0x080001b7   Thumb Code     0  startup_stm32f40_41xxx.o(.text)
    I2C2_EV_IRQHandler                       0x080001b7   Thumb Code     0  startup_stm32f40_41xxx.o(.text)
    I2C3_ER_IRQHandler                       0x080001b7   Thumb Code     0  startup_stm32f40_41xxx.o(.text)
    I2C3_EV_IRQHandler                       0x080001b7   Thumb Code     0  startup_stm32f40_41xxx.o(.text)
    OTG_FS_IRQHandler                        0x080001b7   Thumb Code     0  startup_stm32f40_41xxx.o(.text)
    OTG_FS_WKUP_IRQHandler                   0x080001b7   Thumb Code     0  startup_stm32f40_41xxx.o(.text)
    OTG_HS_EP1_IN_IRQHandler                 0x080001b7   Thumb Code     0  startup_stm32f40_41xxx.o(.text)
    OTG_HS_EP1_OUT_IRQHandler                0x080001b7   Thumb Code     0  startup_stm32f40_41xxx.o(.text)
    OTG_HS_IRQHandler                        0x080001b7   Thumb Code     0  startup_stm32f40_41xxx.o(.text)
    OTG_HS_WKUP_IRQHandler                   0x080001b7   Thumb Code     0  startup_stm32f40_41xxx.o(.text)
    PVD_IRQHandler                           0x080001b7   Thumb Code     0  startup_stm32f40_41xxx.o(.text)
    RCC_IRQHandler                           0x080001b7   Thumb Code     0  startup_stm32f40_41xxx.o(.text)
    RTC_Alarm_IRQHandler                     0x080001b7   Thumb Code     0  startup_stm32f40_41xxx.o(.text)
    RTC_WKUP_IRQHandler                      0x080001b7   Thumb Code     0  startup_stm32f40_41xxx.o(.text)
    SDIO_IRQHandler                          0x080001b7   Thumb Code     0  startup_stm32f40_41xxx.o(.text)
    SPI1_IRQHandler                          0x080001b7   Thumb Code     0  startup_stm32f40_41xxx.o(.text)
    SPI2_IRQHandler                          0x080001b7   Thumb Code     0  startup_stm32f40_41xxx.o(.text)
    SPI3_IRQHandler                          0x080001b7   Thumb Code     0  startup_stm32f40_41xxx.o(.text)
    TAMP_STAMP_IRQHandler                    0x080001b7   Thumb Code     0  startup_stm32f40_41xxx.o(.text)
    TIM1_BRK_TIM9_IRQHandler                 0x080001b7   Thumb Code     0  startup_stm32f40_41xxx.o(.text)
    TIM1_CC_IRQHandler                       0x080001b7   Thumb Code     0  startup_stm32f40_41xxx.o(.text)
    TIM1_TRG_COM_TIM11_IRQHandler            0x080001b7   Thumb Code     0  startup_stm32f40_41xxx.o(.text)
    TIM1_UP_TIM10_IRQHandler                 0x080001b7   Thumb Code     0  startup_stm32f40_41xxx.o(.text)
    TIM2_IRQHandler                          0x080001b7   Thumb Code     0  startup_stm32f40_41xxx.o(.text)
    TIM3_IRQHandler                          0x080001b7   Thumb Code     0  startup_stm32f40_41xxx.o(.text)
    TIM4_IRQHandler                          0x080001b7   Thumb Code     0  startup_stm32f40_41xxx.o(.text)
    TIM5_IRQHandler                          0x080001b7   Thumb Code     0  startup_stm32f40_41xxx.o(.text)
    TIM6_DAC_IRQHandler                      0x080001b7   Thumb Code     0  startup_stm32f40_41xxx.o(.text)
    TIM7_IRQHandler                          0x080001b7   Thumb Code     0  startup_stm32f40_41xxx.o(.text)
    TIM8_BRK_TIM12_IRQHandler                0x080001b7   Thumb Code     0  startup_stm32f40_41xxx.o(.text)
    TIM8_CC_IRQHandler                       0x080001b7   Thumb Code     0  startup_stm32f40_41xxx.o(.text)
    TIM8_TRG_COM_TIM14_IRQHandler            0x080001b7   Thumb Code     0  startup_stm32f40_41xxx.o(.text)
    TIM8_UP_TIM13_IRQHandler                 0x080001b7   Thumb Code     0  startup_stm32f40_41xxx.o(.text)
    USART2_IRQHandler                        0x080001b7   Thumb Code     0  startup_stm32f40_41xxx.o(.text)
    USART6_IRQHandler                        0x080001b7   Thumb Code     0  startup_stm32f40_41xxx.o(.text)
    WWDG_IRQHandler                          0x080001b7   Thumb Code     0  startup_stm32f40_41xxx.o(.text)
    __aeabi_memset                           0x080001c1   Thumb Code    14  memseta.o(.text)
    __aeabi_memset4                          0x080001c1   Thumb Code     0  memseta.o(.text)
    __aeabi_memset8                          0x080001c1   Thumb Code     0  memseta.o(.text)
    __aeabi_memclr                           0x080001cf   Thumb Code     4  memseta.o(.text)
    __aeabi_memclr4                          0x080001cf   Thumb Code     0  memseta.o(.text)
    __aeabi_memclr8                          0x080001cf   Thumb Code     0  memseta.o(.text)
    _memset$wrapper                          0x080001d3   Thumb Code    18  memseta.o(.text)
    strlen                                   0x080001e5   Thumb Code    14  strlen.o(.text)
    __aeabi_dadd                             0x080001f3   Thumb Code   322  dadd.o(.text)
    __aeabi_dsub                             0x08000335   Thumb Code     6  dadd.o(.text)
    __aeabi_drsub                            0x0800033b   Thumb Code     6  dadd.o(.text)
    __aeabi_dmul                             0x08000341   Thumb Code   228  dmul.o(.text)
    __aeabi_ddiv                             0x08000425   Thumb Code   222  ddiv.o(.text)
    __aeabi_cdrcmple                         0x08000505   Thumb Code    48  cdrcmple.o(.text)
    __aeabi_uidiv                            0x08000535   Thumb Code     0  uidiv.o(.text)
    __aeabi_uidivmod                         0x08000535   Thumb Code    44  uidiv.o(.text)
    __aeabi_uldivmod                         0x08000561   Thumb Code    98  uldiv.o(.text)
    __aeabi_llsl                             0x080005c3   Thumb Code    30  llshl.o(.text)
    _ll_shift_l                              0x080005c3   Thumb Code     0  llshl.o(.text)
    __aeabi_lasr                             0x080005e1   Thumb Code    36  llsshr.o(.text)
    _ll_sshift_r                             0x080005e1   Thumb Code     0  llsshr.o(.text)
    __I$use$fp                               0x08000605   Thumb Code     0  iusefp.o(.text)
    _double_round                            0x08000605   Thumb Code    30  depilogue.o(.text)
    _double_epilogue                         0x08000623   Thumb Code   156  depilogue.o(.text)
    __aeabi_d2ulz                            0x080006bf   Thumb Code    48  dfixul.o(.text)
    __scatterload                            0x080006f1   Thumb Code    28  init.o(.text)
    __scatterload_rt2                        0x080006f1   Thumb Code     0  init.o(.text)
    __aeabi_llsr                             0x08000715   Thumb Code    32  llushr.o(.text)
    __semihosting_library_function           0x08000715   Thumb Code     0  semi.o(.text)
    _ll_ushift_r                             0x08000715   Thumb Code     0  llushr.o(.text)
    ADS1255_GPIO_Init                        0x08000735   Thumb Code   116  ads1255.o(i.ADS1255_GPIO_Init)
    __I$use$semihosting$fputc                0x08000735   Thumb Code     0  iusesemip.o(.text)
    ADS1255_Init                             0x080007b1   Thumb Code   292  ads1255.o(i.ADS1255_Init)
    ADS1255_SELFCAL                          0x080008e1   Thumb Code    24  ads1255.o(i.ADS1255_SELFCAL)
    ADS1255_SYNC                             0x080008fd   Thumb Code    24  ads1255.o(i.ADS1255_SYNC)
    ADS1255_WAKEUP                           0x08000919   Thumb Code    10  ads1255.o(i.ADS1255_WAKEUP)
    ADS1255_delayms                          0x08000923   Thumb Code    30  ads1255.o(i.ADS1255_delayms)
    ADS1255_delayus                          0x08000941   Thumb Code    30  ads1255.o(i.ADS1255_delayus)
    ADS1255_read_bit                         0x08000961   Thumb Code    60  ads1255.o(i.ADS1255_read_bit)
    ADS1255_read_reg                         0x080009a1   Thumb Code    48  ads1255.o(i.ADS1255_read_reg)
    ADS1255_write_bit                        0x080009d5   Thumb Code    74  ads1255.o(i.ADS1255_write_bit)
    ADS1255_write_reg                        0x08000a25   Thumb Code    48  ads1255.o(i.ADS1255_write_reg)
    ANO_DT_Do                                0x0800113d   Thumb Code    42  ano_dt.o(i.ANO_DT_Do)
    ANO_DT_Send_Senser                       0x080013bd   Thumb Code   374  ano_dt.o(i.ANO_DT_Send_Senser)
    Argument_Init                            0x08001539   Thumb Code    16  ano_dt.o(i.Argument_Init)
    BSP_Init                                 0x08001559   Thumb Code   138  my_bsp.o(i.BSP_Init)
    Beep_Init                                0x0800161d   Thumb Code   150  beep.o(i.Beep_Init)
    Beep_Play                                0x080016bd   Thumb Code    26  beep.o(i.Beep_Play)
    BusFault_Handler                         0x080016dd   Thumb Code     4  stm32f4xx_it.o(i.BusFault_Handler)
    Control_Preparing                        0x080016e1   Thumb Code    10  control.o(i.Control_Preparing)
    Control_Stop                             0x080016f1   Thumb Code    10  control.o(i.Control_Stop)
    Control_Strength                         0x080016fb   Thumb Code     2  control.o(i.Control_Strength)
    Control_Velocity                         0x080016fd   Thumb Code     2  control.o(i.Control_Velocity)
    Cycle_Time_Init                          0x08001713   Thumb Code    22  time.o(i.Cycle_Time_Init)
    DebugMon_Handler                         0x08001729   Thumb Code     2  stm32f4xx_it.o(i.DebugMon_Handler)
    Display_Error                            0x0800172d   Thumb Code    18  display.o(i.Display_Error)
    ESCON_EN                                 0x0800174d   Thumb Code    18  escon.o(i.ESCON_EN)
    ESCON_Init                               0x08001765   Thumb Code   206  escon.o(i.ESCON_Init)
    ESCON_PWM_Set                            0x0800183d   Thumb Code    74  escon.o(i.ESCON_PWM_Set)
    GPIO_Init                                0x08001909   Thumb Code   144  stm32f4xx_gpio.o(i.GPIO_Init)
    GPIO_PinAFConfig                         0x08001999   Thumb Code    70  stm32f4xx_gpio.o(i.GPIO_PinAFConfig)
    GPIO_ReadInputDataBit                    0x080019df   Thumb Code    18  stm32f4xx_gpio.o(i.GPIO_ReadInputDataBit)
    GPIO_ResetBits                           0x080019f1   Thumb Code     4  stm32f4xx_gpio.o(i.GPIO_ResetBits)
    GPIO_SetBits                             0x080019f5   Thumb Code     4  stm32f4xx_gpio.o(i.GPIO_SetBits)
    GetSysTime_us                            0x080019f9   Thumb Code    48  systick.o(i.GetSysTime_us)
    Get_Cycle_T                              0x08001a2d   Thumb Code   118  time.o(i.Get_Cycle_T)
    HMI_Data_Handle                          0x08001aad   Thumb Code   100  hmi.o(i.HMI_Data_Handle)
    HardFault_Handler                        0x08001b15   Thumb Code    44  stm32f4xx_it.o(i.HardFault_Handler)
    KEY_Init                                 0x08001ba9   Thumb Code    56  key.o(i.KEY_Init)
    KEY_Scan                                 0x08001be9   Thumb Code   128  key.o(i.KEY_Scan)
    LED_ALL_OFF                              0x08001c75   Thumb Code    54  led.o(i.LED_ALL_OFF)
    LED_ALL_ON                               0x08001cbd   Thumb Code    54  led.o(i.LED_ALL_ON)
    LED_Blink                                0x08001d05   Thumb Code    48  led.o(i.LED_Blink)
    LED_Init                                 0x08001d3d   Thumb Code    70  led.o(i.LED_Init)
    LED_OFF                                  0x08001d8d   Thumb Code    64  led.o(i.LED_OFF)
    LED_ON                                   0x08001dd9   Thumb Code    64  led.o(i.LED_ON)
    LED_SWITCH                               0x08001e25   Thumb Code   134  led.o(i.LED_SWITCH)
    Loop_Time_Check                          0x08001eb9   Thumb Code    72  task_loop.o(i.Loop_Time_Check)
    Loop_Time_Clear                          0x08001f05   Thumb Code    10  task_loop.o(i.Loop_Time_Clear)
    MemManage_Handler                        0x08001f15   Thumb Code     4  stm32f4xx_it.o(i.MemManage_Handler)
    NMI_Handler                              0x08001f19   Thumb Code     2  stm32f4xx_it.o(i.NMI_Handler)
    NVIC_Init                                0x08001f1d   Thumb Code   106  misc.o(i.NVIC_Init)
    NVIC_PriorityGroupConfig                 0x08001f95   Thumb Code    10  misc.o(i.NVIC_PriorityGroupConfig)
    OLED_Clear                               0x08001fa9   Thumb Code    42  oled.o(i.OLED_Clear)
    OLED_DrawPoint                           0x08001fd9   Thumb Code   100  oled.o(i.OLED_DrawPoint)
    OLED_Init                                0x08002041   Thumb Code   292  oled.o(i.OLED_Init)
    OLED_Refresh_Gram                        0x08002171   Thumb Code    70  oled.o(i.OLED_Refresh_Gram)
    OLED_ShowChar                            0x080021bd   Thumb Code   158  oled.o(i.OLED_ShowChar)
    OLED_ShowString                          0x08002265   Thumb Code    66  oled.o(i.OLED_ShowString)
    OLED_WR_Byte                             0x080022a9   Thumb Code    82  oled.o(i.OLED_WR_Byte)
    RCC_AHB1PeriphClockCmd                   0x08002301   Thumb Code    26  stm32f4xx_rcc.o(i.RCC_AHB1PeriphClockCmd)
    RCC_APB1PeriphClockCmd                   0x08002321   Thumb Code    26  stm32f4xx_rcc.o(i.RCC_APB1PeriphClockCmd)
    RCC_APB1PeriphResetCmd                   0x08002341   Thumb Code    26  stm32f4xx_rcc.o(i.RCC_APB1PeriphResetCmd)
    RCC_APB2PeriphClockCmd                   0x08002361   Thumb Code    26  stm32f4xx_rcc.o(i.RCC_APB2PeriphClockCmd)
    RCC_APB2PeriphResetCmd                   0x08002381   Thumb Code    26  stm32f4xx_rcc.o(i.RCC_APB2PeriphResetCmd)
    RCC_GetClocksFreq                        0x080023a1   Thumb Code   214  stm32f4xx_rcc.o(i.RCC_GetClocksFreq)
    STMFLASH_EraseSector                     0x08002489   Thumb Code   106  stmflash.o(i.STMFLASH_EraseSector)
    STMFLASH_GetFlashSector                  0x080024fd   Thumb Code   116  stmflash.o(i.STMFLASH_GetFlashSector)
    STMFLASH_GetStatus                       0x0800259d   Thumb Code    60  stmflash.o(i.STMFLASH_GetStatus)
    STMFLASH_Lock                            0x080025dd   Thumb Code    14  stmflash.o(i.STMFLASH_Lock)
    STMFLASH_ReadWord                        0x080025f1   Thumb Code     6  stmflash.o(i.STMFLASH_ReadWord)
    STMFLASH_Unlock                          0x080025f9   Thumb Code    12  stmflash.o(i.STMFLASH_Unlock)
    STMFLASH_WaitDone                        0x08002611   Thumb Code    40  stmflash.o(i.STMFLASH_WaitDone)
    STMFLASH_Write                           0x08002639   Thumb Code   154  stmflash.o(i.STMFLASH_Write)
    STMFLASH_WriteWord                       0x080026dd   Thumb Code    78  stmflash.o(i.STMFLASH_WriteWord)
    SVC_Handler                              0x08002731   Thumb Code     2  stm32f4xx_it.o(i.SVC_Handler)
    SysTick_CLKSourceConfig                  0x08002821   Thumb Code    40  misc.o(i.SysTick_CLKSourceConfig)
    SysTick_Handler                          0x08002849   Thumb Code    22  systick.o(i.SysTick_Handler)
    SysTick_Init                             0x08002865   Thumb Code    98  systick.o(i.SysTick_Init)
    SystemInit                               0x080028d1   Thumb Code    88  system_stm32f4xx.o(i.SystemInit)
    System_Tiem_Clear                        0x08002955   Thumb Code    10  time.o(i.System_Tiem_Clear)
    System_Time_Running                      0x08002965   Thumb Code   104  time.o(i.System_Time_Running)
    TIM_Cmd                                  0x080029d1   Thumb Code    24  stm32f4xx_tim.o(i.TIM_Cmd)
    TIM_CtrlPWMOutputs                       0x080029e9   Thumb Code    30  stm32f4xx_tim.o(i.TIM_CtrlPWMOutputs)
    TIM_OC1Init                              0x08002a09   Thumb Code   114  stm32f4xx_tim.o(i.TIM_OC1Init)
    TIM_OC1PreloadConfig                     0x08002a85   Thumb Code    18  stm32f4xx_tim.o(i.TIM_OC1PreloadConfig)
    TIM_OC2Init                              0x08002a99   Thumb Code   154  stm32f4xx_tim.o(i.TIM_OC2Init)
    TIM_OC2PreloadConfig                     0x08002b3d   Thumb Code    26  stm32f4xx_tim.o(i.TIM_OC2PreloadConfig)
    TIM_TimeBaseInit                         0x08002b59   Thumb Code   104  stm32f4xx_tim.o(i.TIM_TimeBaseInit)
    Task_Loop                                0x08002c41   Thumb Code   238  task_loop.o(i.Task_Loop)
    Tensile_Init                             0x08002d39   Thumb Code    40  tensile.o(i.Tensile_Init)
    UART4_IRQHandler                         0x08002d69   Thumb Code   162  uart4.o(i.UART4_IRQHandler)
    UART5_IRQHandler                         0x08002e1d   Thumb Code   156  hmi.o(i.UART5_IRQHandler)
    USART1_IRQHandler                        0x08002ed1   Thumb Code   144  printf_uart.o(i.USART1_IRQHandler)
    USART3_IRQHandler                        0x08002f6d   Thumb Code   156  usart3.o(i.USART3_IRQHandler)
    USART_ClearFlag                          0x08003015   Thumb Code    18  stm32f4xx_usart.o(i.USART_ClearFlag)
    USART_Cmd                                0x08003027   Thumb Code    24  stm32f4xx_usart.o(i.USART_Cmd)
    USART_DeInit                             0x08003041   Thumb Code   206  stm32f4xx_usart.o(i.USART_DeInit)
    USART_GetFlagStatus                      0x08003131   Thumb Code    26  stm32f4xx_usart.o(i.USART_GetFlagStatus)
    USART_GetITStatus                        0x0800314b   Thumb Code    84  stm32f4xx_usart.o(i.USART_GetITStatus)
    USART_ITConfig                           0x0800319f   Thumb Code    74  stm32f4xx_usart.o(i.USART_ITConfig)
    USART_Init                               0x080031e9   Thumb Code   204  stm32f4xx_usart.o(i.USART_Init)
    USART_ReceiveData                        0x080032bd   Thumb Code    10  stm32f4xx_usart.o(i.USART_ReceiveData)
    USART_SendData                           0x080032c7   Thumb Code     8  stm32f4xx_usart.o(i.USART_SendData)
    UsageFault_Handler                       0x080032cf   Thumb Code     4  stm32f4xx_it.o(i.UsageFault_Handler)
    __0printf                                0x080032d5   Thumb Code    22  printfa.o(i.__0printf)
    __1printf                                0x080032d5   Thumb Code     0  printfa.o(i.__0printf)
    __2printf                                0x080032d5   Thumb Code     0  printfa.o(i.__0printf)
    __c89printf                              0x080032d5   Thumb Code     0  printfa.o(i.__0printf)
    printf                                   0x080032d5   Thumb Code     0  printfa.o(i.__0printf)
    __0sprintf                               0x080032f5   Thumb Code    34  printfa.o(i.__0sprintf)
    __1sprintf                               0x080032f5   Thumb Code     0  printfa.o(i.__0sprintf)
    __2sprintf                               0x080032f5   Thumb Code     0  printfa.o(i.__0sprintf)
    __c89sprintf                             0x080032f5   Thumb Code     0  printfa.o(i.__0sprintf)
    sprintf                                  0x080032f5   Thumb Code     0  printfa.o(i.__0sprintf)
    __0vsprintf                              0x0800331d   Thumb Code    30  printfa.o(i.__0vsprintf)
    __1vsprintf                              0x0800331d   Thumb Code     0  printfa.o(i.__0vsprintf)
    __2vsprintf                              0x0800331d   Thumb Code     0  printfa.o(i.__0vsprintf)
    __c89vsprintf                            0x0800331d   Thumb Code     0  printfa.o(i.__0vsprintf)
    vsprintf                                 0x0800331d   Thumb Code     0  printfa.o(i.__0vsprintf)
    __scatterload_copy                       0x08003341   Thumb Code    14  handlers.o(i.__scatterload_copy)
    __scatterload_null                       0x0800334f   Thumb Code     2  handlers.o(i.__scatterload_null)
    __scatterload_zeroinit                   0x08003351   Thumb Code    14  handlers.o(i.__scatterload_zeroinit)
    delay_ms                                 0x08003bfd   Thumb Code    26  systick.o(i.delay_ms)
    delay_us                                 0x08003c17   Thumb Code    24  systick.o(i.delay_us)
    fputc                                    0x08003c2f   Thumb Code    18  fputc.o(i.fputc)
    main                                     0x08003c41   Thumb Code    12  main.o(i.main)
    u1_printf                                0x08003c4d   Thumb Code    72  printf_uart.o(i.u1_printf)
    u3_putbuff                               0x08003c9d   Thumb Code    26  usart3.o(i.u3_putbuff)
    uart4_init                               0x08003cd5   Thumb Code   170  uart4.o(i.uart4_init)
    usart1_init                              0x08003d89   Thumb Code   176  printf_uart.o(i.usart1_init)
    usart2_init                              0x08003e41   Thumb Code   174  usart2.o(i.usart2_init)
    usart3_init                              0x08003ef9   Thumb Code   170  usart3.o(i.usart3_init)
    usart5_init                              0x08003fad   Thumb Code   190  usart5.o(i.usart5_init)
    oled_asc2_1206                           0x08004078   Data        1140  oled.o(.constdata)
    oled_asc2_1608                           0x080044ec   Data        1520  oled.o(.constdata)
    Region$$Table$$Base                      0x08004adc   Number         0  anon$$obj.o(Region$$Table)
    Region$$Table$$Limit                     0x08004afc   Number         0  anon$$obj.o(Region$$Table)
    Flag_ANO_DT_Data                         0x20000009   Data           1  ano_dt.o(.data)
    Flag_UART_RX                             0x2000000c   Data           1  hmi.o(.data)
    USART_RX_STA                             0x2000000e   Data           2  hmi.o(.data)
    usTicks                                  0x20000018   Data           4  systick.o(.data)
    sysTickUptime                            0x2000001c   Data           4  systick.o(.data)
    System_Time                              0x20000020   Data           6  time.o(.data)
    USART3_RX_STA                            0x20000026   Data           2  usart3.o(.data)
    USART1_RX_STA                            0x2000002c   Data           2  printf_uart.o(.data)
    i                                        0x20000030   Data           4  printf_uart.o(.data)
    UART4_RX_STA                             0x20000034   Data           2  uart4.o(.data)
    Flag_UART4_RX                            0x20000036   Data           1  uart4.o(.data)
    __stdout                                 0x20000048   Data           4  stdout.o(.data)
    HMI_Send_Buf                             0x20000194   Data         400  hmi.o(.bss)
    USART_RX_BUF                             0x20000324   Data         400  hmi.o(.bss)
    USART_TX_BUF                             0x200004b4   Data         400  hmi.o(.bss)
    USART_RX_BUF_tset                        0x20000644   Data         400  hmi.o(.bss)
    Tensile                                  0x200007d4   Data          28  tensile.o(.bss)
    Cycle_T                                  0x200007f0   Data          60  time.o(.bss)
    OLED_GRAM                                0x2000082c   Data        1024  oled.o(.bss)
    USART3_TX_BUF                            0x20000c30   Data         400  usart3.o(.bss)
    USART3_RX_BUF                            0x20000dc0   Data         400  usart3.o(.bss)
    USART1_RX_BUF                            0x20000f50   Data         400  printf_uart.o(.bss)
    USART1_TX_BUF                            0x200010e0   Data         400  printf_uart.o(.bss)
    UART4_TX_BUF                             0x20001270   Data         400  uart4.o(.bss)
    UART4_RX_BUF                             0x20001400   Data         400  uart4.o(.bss)
    __initial_sp                             0x20001990   Data           0  startup_stm32f40_41xxx.o(STACK)



==============================================================================

Memory Map of the image

  Image Entry point : 0x08000189

  Load Region LR_IROM1 (Base: 0x08000000, Size: 0x00004b48, Max: 0x00080000, ABSOLUTE)

    Execution Region ER_IROM1 (Base: 0x08000000, Size: 0x00004afc, Max: 0x00080000, ABSOLUTE)

    Base Addr    Size         Type   Attr      Idx    E Section Name        Object

    0x08000000   0x00000188   Data   RO         2498    RESET               startup_stm32f40_41xxx.o
    0x08000188   0x00000000   Code   RO         6290  * .ARM.Collect$$$$00000000  mc_w.l(entry.o)
    0x08000188   0x00000004   Code   RO         6578    .ARM.Collect$$$$00000001  mc_w.l(entry2.o)
    0x0800018c   0x00000004   Code   RO         6581    .ARM.Collect$$$$00000004  mc_w.l(entry5.o)
    0x08000190   0x00000000   Code   RO         6583    .ARM.Collect$$$$00000008  mc_w.l(entry7b.o)
    0x08000190   0x00000000   Code   RO         6585    .ARM.Collect$$$$0000000A  mc_w.l(entry8b.o)
    0x08000190   0x00000008   Code   RO         6586    .ARM.Collect$$$$0000000B  mc_w.l(entry9a.o)
    0x08000198   0x00000000   Code   RO         6588    .ARM.Collect$$$$0000000D  mc_w.l(entry10a.o)
    0x08000198   0x00000000   Code   RO         6590    .ARM.Collect$$$$0000000F  mc_w.l(entry11a.o)
    0x08000198   0x00000004   Code   RO         6579    .ARM.Collect$$$$00002712  mc_w.l(entry2.o)
    0x0800019c   0x00000024   Code   RO         2499    .text               startup_stm32f40_41xxx.o
    0x080001c0   0x00000024   Code   RO         6293    .text               mc_w.l(memseta.o)
    0x080001e4   0x0000000e   Code   RO         6295    .text               mc_w.l(strlen.o)
    0x080001f2   0x0000014e   Code   RO         6560    .text               mf_w.l(dadd.o)
    0x08000340   0x000000e4   Code   RO         6562    .text               mf_w.l(dmul.o)
    0x08000424   0x000000de   Code   RO         6564    .text               mf_w.l(ddiv.o)
    0x08000502   0x00000002   PAD
    0x08000504   0x00000030   Code   RO         6574    .text               mf_w.l(cdrcmple.o)
    0x08000534   0x0000002c   Code   RO         6595    .text               mc_w.l(uidiv.o)
    0x08000560   0x00000062   Code   RO         6597    .text               mc_w.l(uldiv.o)
    0x080005c2   0x0000001e   Code   RO         6599    .text               mc_w.l(llshl.o)
    0x080005e0   0x00000024   Code   RO         6601    .text               mc_w.l(llsshr.o)
    0x08000604   0x00000000   Code   RO         6612    .text               mc_w.l(iusefp.o)
    0x08000604   0x000000ba   Code   RO         6615    .text               mf_w.l(depilogue.o)
    0x080006be   0x00000030   Code   RO         6617    .text               mf_w.l(dfixul.o)
    0x080006ee   0x00000002   PAD
    0x080006f0   0x00000024   Code   RO         6619    .text               mc_w.l(init.o)
    0x08000714   0x00000000   Code   RO         6621    .text               mc_w.l(semi.o)
    0x08000714   0x00000020   Code   RO         6622    .text               mc_w.l(llushr.o)
    0x08000734   0x00000000   Code   RO         6654    .text               mc_w.l(iusesemip.o)
    0x08000734   0x0000007c   Code   RO         2346    i.ADS1255_GPIO_Init  ads1255.o
    0x080007b0   0x00000130   Code   RO         2347    i.ADS1255_Init      ads1255.o
    0x080008e0   0x0000001c   Code   RO         2353    i.ADS1255_SELFCAL   ads1255.o
    0x080008fc   0x0000001c   Code   RO         2356    i.ADS1255_SYNC      ads1255.o
    0x08000918   0x0000000a   Code   RO         2359    i.ADS1255_WAKEUP    ads1255.o
    0x08000922   0x0000001e   Code   RO         2360    i.ADS1255_delayms   ads1255.o
    0x08000940   0x0000001e   Code   RO         2361    i.ADS1255_delayus   ads1255.o
    0x0800095e   0x00000002   PAD
    0x08000960   0x00000040   Code   RO         2362    i.ADS1255_read_bit  ads1255.o
    0x080009a0   0x00000034   Code   RO         2363    i.ADS1255_read_reg  ads1255.o
    0x080009d4   0x00000050   Code   RO         2364    i.ADS1255_write_bit  ads1255.o
    0x08000a24   0x00000034   Code   RO         2365    i.ADS1255_write_reg  ads1255.o
    0x08000a58   0x0000030c   Code   RO          386    i.ANO_DT_Data_Exchange  ano_dt.o
    0x08000d64   0x000003d8   Code   RO          387    i.ANO_DT_Data_Receive_Anl  ano_dt.o
    0x0800113c   0x00000038   Code   RO          389    i.ANO_DT_Do         ano_dt.o
    0x08001174   0x00000044   Code   RO          390    i.ANO_DT_Send_Check  ano_dt.o
    0x080011b8   0x00000014   Code   RO          391    i.ANO_DT_Send_Data  ano_dt.o
    0x080011cc   0x000001f0   Code   RO          392    i.ANO_DT_Send_PID   ano_dt.o
    0x080013bc   0x0000017c   Code   RO          393    i.ANO_DT_Send_Senser  ano_dt.o
    0x08001538   0x00000010   Code   RO          395    i.Argument_Init     ano_dt.o
    0x08001548   0x0000000c   Code   RO          397    i.Argument_Save     ano_dt.o
    0x08001554   0x00000002   Code   RO          398    i.Argument_To_Ctrl  ano_dt.o
    0x08001556   0x00000002   PAD
    0x08001558   0x000000c4   Code   RO         1247    i.BSP_Init          my_bsp.o
    0x0800161c   0x000000a0   Code   RO         1364    i.Beep_Init         beep.o
    0x080016bc   0x00000020   Code   RO         1367    i.Beep_Play         beep.o
    0x080016dc   0x00000004   Code   RO         5781    i.BusFault_Handler  stm32f4xx_it.o
    0x080016e0   0x00000010   Code   RO          645    i.Control_Preparing  control.o
    0x080016f0   0x0000000a   Code   RO          646    i.Control_Stop      control.o
    0x080016fa   0x00000002   Code   RO          647    i.Control_Strength  control.o
    0x080016fc   0x00000002   Code   RO          648    i.Control_Velocity  control.o
    0x080016fe   0x00000002   PAD
    0x08001700   0x00000010   Code   RO          400    i.Ctrl_Set_Zoro     ano_dt.o
    0x08001710   0x00000002   Code   RO          401    i.Ctrl_To_Argument  ano_dt.o
    0x08001712   0x00000016   Code   RO         1534    i.Cycle_Time_Init   time.o
    0x08001728   0x00000002   Code   RO         5782    i.DebugMon_Handler  stm32f4xx_it.o
    0x0800172a   0x00000002   PAD
    0x0800172c   0x00000020   Code   RO          713    i.Display_Error     display.o
    0x0800174c   0x00000018   Code   RO         2264    i.ESCON_EN          escon.o
    0x08001764   0x000000d8   Code   RO         2265    i.ESCON_Init        escon.o
    0x0800183c   0x0000005c   Code   RO         2266    i.ESCON_PWM_Set     escon.o
    0x08001898   0x00000070   Code   RO          403    i.Flash_SavePID     ano_dt.o
    0x08001908   0x00000090   Code   RO         3318    i.GPIO_Init         stm32f4xx_gpio.o
    0x08001998   0x00000046   Code   RO         3319    i.GPIO_PinAFConfig  stm32f4xx_gpio.o
    0x080019de   0x00000012   Code   RO         3322    i.GPIO_ReadInputDataBit  stm32f4xx_gpio.o
    0x080019f0   0x00000004   Code   RO         3325    i.GPIO_ResetBits    stm32f4xx_gpio.o
    0x080019f4   0x00000004   Code   RO         3326    i.GPIO_SetBits      stm32f4xx_gpio.o
    0x080019f8   0x00000034   Code   RO         1479    i.GetSysTime_us     systick.o
    0x08001a2c   0x00000080   Code   RO         1535    i.Get_Cycle_T       time.o
    0x08001aac   0x00000068   Code   RO         1039    i.HMI_Data_Handle   hmi.o
    0x08001b14   0x00000094   Code   RO         5783    i.HardFault_Handler  stm32f4xx_it.o
    0x08001ba8   0x00000040   Code   RO         1896    i.KEY_Init          key.o
    0x08001be8   0x0000008c   Code   RO         1897    i.KEY_Scan          key.o
    0x08001c74   0x00000048   Code   RO         1418    i.LED_ALL_OFF       led.o
    0x08001cbc   0x00000048   Code   RO         1419    i.LED_ALL_ON        led.o
    0x08001d04   0x00000038   Code   RO         1420    i.LED_Blink         led.o
    0x08001d3c   0x00000050   Code   RO         1421    i.LED_Init          led.o
    0x08001d8c   0x0000004c   Code   RO         1422    i.LED_OFF           led.o
    0x08001dd8   0x0000004c   Code   RO         1423    i.LED_ON            led.o
    0x08001e24   0x00000094   Code   RO         1424    i.LED_SWITCH        led.o
    0x08001eb8   0x0000004c   Code   RO          194    i.Loop_Time_Check   task_loop.o
    0x08001f04   0x00000010   Code   RO          195    i.Loop_Time_Clear   task_loop.o
    0x08001f14   0x00000004   Code   RO         5784    i.MemManage_Handler  stm32f4xx_it.o
    0x08001f18   0x00000002   Code   RO         5785    i.NMI_Handler       stm32f4xx_it.o
    0x08001f1a   0x00000002   PAD
    0x08001f1c   0x00000078   Code   RO         2542    i.NVIC_Init         misc.o
    0x08001f94   0x00000014   Code   RO         2543    i.NVIC_PriorityGroupConfig  misc.o
    0x08001fa8   0x00000030   Code   RO         1674    i.OLED_Clear        oled.o
    0x08001fd8   0x00000068   Code   RO         1677    i.OLED_DrawPoint    oled.o
    0x08002040   0x00000130   Code   RO         1678    i.OLED_Init         oled.o
    0x08002170   0x0000004c   Code   RO         1679    i.OLED_Refresh_Gram  oled.o
    0x080021bc   0x000000a8   Code   RO         1680    i.OLED_ShowChar     oled.o
    0x08002264   0x00000042   Code   RO         1684    i.OLED_ShowString   oled.o
    0x080022a6   0x00000002   PAD
    0x080022a8   0x00000058   Code   RO         1685    i.OLED_WR_Byte      oled.o
    0x08002300   0x00000020   Code   RO         3787    i.RCC_AHB1PeriphClockCmd  stm32f4xx_rcc.o
    0x08002320   0x00000020   Code   RO         3796    i.RCC_APB1PeriphClockCmd  stm32f4xx_rcc.o
    0x08002340   0x00000020   Code   RO         3798    i.RCC_APB1PeriphResetCmd  stm32f4xx_rcc.o
    0x08002360   0x00000020   Code   RO         3799    i.RCC_APB2PeriphClockCmd  stm32f4xx_rcc.o
    0x08002380   0x00000020   Code   RO         3801    i.RCC_APB2PeriphResetCmd  stm32f4xx_rcc.o
    0x080023a0   0x000000e8   Code   RO         3808    i.RCC_GetClocksFreq  stm32f4xx_rcc.o
    0x08002488   0x00000074   Code   RO         1591    i.STMFLASH_EraseSector  stmflash.o
    0x080024fc   0x000000a0   Code   RO         1592    i.STMFLASH_GetFlashSector  stmflash.o
    0x0800259c   0x00000040   Code   RO         1593    i.STMFLASH_GetStatus  stmflash.o
    0x080025dc   0x00000014   Code   RO         1594    i.STMFLASH_Lock     stmflash.o
    0x080025f0   0x00000006   Code   RO         1596    i.STMFLASH_ReadWord  stmflash.o
    0x080025f6   0x00000002   PAD
    0x080025f8   0x00000018   Code   RO         1597    i.STMFLASH_Unlock   stmflash.o
    0x08002610   0x00000028   Code   RO         1598    i.STMFLASH_WaitDone  stmflash.o
    0x08002638   0x000000a4   Code   RO         1599    i.STMFLASH_Write    stmflash.o
    0x080026dc   0x00000054   Code   RO         1600    i.STMFLASH_WriteWord  stmflash.o
    0x08002730   0x00000002   Code   RO         5786    i.SVC_Handler       stm32f4xx_it.o
    0x08002732   0x00000002   PAD
    0x08002734   0x000000ec   Code   RO         2505    i.SetSysClock       system_stm32f4xx.o
    0x08002820   0x00000028   Code   RO         2546    i.SysTick_CLKSourceConfig  misc.o
    0x08002848   0x0000001c   Code   RO         1480    i.SysTick_Handler   systick.o
    0x08002864   0x0000006c   Code   RO         1481    i.SysTick_Init      systick.o
    0x080028d0   0x00000068   Code   RO         2507    i.SystemInit        system_stm32f4xx.o
    0x08002938   0x0000001a   Code   RO         6252    i.System_Init       main.o
    0x08002952   0x00000002   PAD
    0x08002954   0x00000010   Code   RO         1536    i.System_Tiem_Clear  time.o
    0x08002964   0x0000006c   Code   RO         1537    i.System_Time_Running  time.o
    0x080029d0   0x00000018   Code   RO         4979    i.TIM_Cmd           stm32f4xx_tim.o
    0x080029e8   0x0000001e   Code   RO         4981    i.TIM_CtrlPWMOutputs  stm32f4xx_tim.o
    0x08002a06   0x00000002   PAD
    0x08002a08   0x0000007c   Code   RO         5008    i.TIM_OC1Init       stm32f4xx_tim.o
    0x08002a84   0x00000012   Code   RO         5011    i.TIM_OC1PreloadConfig  stm32f4xx_tim.o
    0x08002a96   0x00000002   PAD
    0x08002a98   0x000000a4   Code   RO         5013    i.TIM_OC2Init       stm32f4xx_tim.o
    0x08002b3c   0x0000001a   Code   RO         5016    i.TIM_OC2PreloadConfig  stm32f4xx_tim.o
    0x08002b56   0x00000002   PAD
    0x08002b58   0x00000084   Code   RO         5051    i.TIM_TimeBaseInit  stm32f4xx_tim.o
    0x08002bdc   0x00000064   Code   RO          196    i.Task_10ms         task_loop.o
    0x08002c40   0x000000f8   Code   RO          197    i.Task_Loop         task_loop.o
    0x08002d38   0x00000030   Code   RO         1129    i.Tensile_Init      tensile.o
    0x08002d68   0x000000b4   Code   RO         2214    i.UART4_IRQHandler  uart4.o
    0x08002e1c   0x000000b4   Code   RO         1042    i.UART5_IRQHandler  hmi.o
    0x08002ed0   0x0000009c   Code   RO         2103    i.USART1_IRQHandler  printf_uart.o
    0x08002f6c   0x000000a8   Code   RO         1835    i.USART3_IRQHandler  usart3.o
    0x08003014   0x00000012   Code   RO         5528    i.USART_ClearFlag   stm32f4xx_usart.o
    0x08003026   0x00000018   Code   RO         5532    i.USART_Cmd         stm32f4xx_usart.o
    0x0800303e   0x00000002   PAD
    0x08003040   0x000000f0   Code   RO         5534    i.USART_DeInit      stm32f4xx_usart.o
    0x08003130   0x0000001a   Code   RO         5535    i.USART_GetFlagStatus  stm32f4xx_usart.o
    0x0800314a   0x00000054   Code   RO         5536    i.USART_GetITStatus  stm32f4xx_usart.o
    0x0800319e   0x0000004a   Code   RO         5538    i.USART_ITConfig    stm32f4xx_usart.o
    0x080031e8   0x000000d4   Code   RO         5539    i.USART_Init        stm32f4xx_usart.o
    0x080032bc   0x0000000a   Code   RO         5546    i.USART_ReceiveData  stm32f4xx_usart.o
    0x080032c6   0x00000008   Code   RO         5549    i.USART_SendData    stm32f4xx_usart.o
    0x080032ce   0x00000004   Code   RO         5787    i.UsageFault_Handler  stm32f4xx_it.o
    0x080032d2   0x00000002   PAD
    0x080032d4   0x00000020   Code   RO         6530    i.__0printf         mc_w.l(printfa.o)
    0x080032f4   0x00000028   Code   RO         6532    i.__0sprintf        mc_w.l(printfa.o)
    0x0800331c   0x00000024   Code   RO         6536    i.__0vsprintf       mc_w.l(printfa.o)
    0x08003340   0x0000000e   Code   RO         6659    i.__scatterload_copy  mc_w.l(handlers.o)
    0x0800334e   0x00000002   Code   RO         6660    i.__scatterload_null  mc_w.l(handlers.o)
    0x08003350   0x0000000e   Code   RO         6661    i.__scatterload_zeroinit  mc_w.l(handlers.o)
    0x0800335e   0x00000002   PAD
    0x08003360   0x00000164   Code   RO         6537    i._fp_digits        mc_w.l(printfa.o)
    0x080034c4   0x000006dc   Code   RO         6538    i._printf_core      mc_w.l(printfa.o)
    0x08003ba0   0x00000024   Code   RO         6539    i._printf_post_padding  mc_w.l(printfa.o)
    0x08003bc4   0x0000002e   Code   RO         6540    i._printf_pre_padding  mc_w.l(printfa.o)
    0x08003bf2   0x0000000a   Code   RO         6542    i._sputc            mc_w.l(printfa.o)
    0x08003bfc   0x0000001a   Code   RO         1482    i.delay_ms          systick.o
    0x08003c16   0x00000018   Code   RO         1483    i.delay_us          systick.o
    0x08003c2e   0x00000012   Code   RO         6592    i.fputc             mc_w.l(fputc.o)
    0x08003c40   0x0000000c   Code   RO         6253    i.main              main.o
    0x08003c4c   0x00000050   Code   RO         2104    i.u1_printf         printf_uart.o
    0x08003c9c   0x0000001a   Code   RO         1837    i.u3_putbuff        usart3.o
    0x08003cb6   0x00000002   PAD
    0x08003cb8   0x0000001c   Code   RO         1838    i.u3_putchar        usart3.o
    0x08003cd4   0x000000b4   Code   RO         2218    i.uart4_init        uart4.o
    0x08003d88   0x000000b8   Code   RO         2107    i.usart1_init       printf_uart.o
    0x08003e40   0x000000b8   Code   RO         2034    i.usart2_init       usart2.o
    0x08003ef8   0x000000b4   Code   RO         1839    i.usart3_init       usart3.o
    0x08003fac   0x000000cc   Code   RO         2158    i.usart5_init       usart5.o
    0x08004078   0x00000a64   Data   RO         1688    .constdata          oled.o
    0x08004adc   0x00000020   Data   RO         6657    Region$$Table       anon$$obj.o


    Execution Region RW_IRAM1 (Base: 0x20000000, Size: 0x00001990, Max: 0x00020000, ABSOLUTE)

    Base Addr    Size         Type   Attr      Idx    E Section Name        Object

    0x20000000   0x00000008   Data   RW          198    .data               task_loop.o
    0x20000008   0x00000004   Data   RW          405    .data               ano_dt.o
    0x2000000c   0x00000004   Data   RW         1044    .data               hmi.o
    0x20000010   0x00000005   Data   RW         1425    .data               led.o
    0x20000015   0x00000003   PAD
    0x20000018   0x00000008   Data   RW         1484    .data               systick.o
    0x20000020   0x00000006   Data   RW         1541    .data               time.o
    0x20000026   0x00000002   Data   RW         1841    .data               usart3.o
    0x20000028   0x00000001   Data   RW         1898    .data               key.o
    0x20000029   0x00000003   PAD
    0x2000002c   0x00000008   Data   RW         2109    .data               printf_uart.o
    0x20000034   0x00000003   Data   RW         2220    .data               uart4.o
    0x20000037   0x00000010   Data   RW         3840    .data               stm32f4xx_rcc.o
    0x20000047   0x00000001   PAD
    0x20000048   0x00000004   Data   RW         6594    .data               mc_w.l(stdout.o)
    0x2000004c   0x00000148   Zero   RW          404    .bss                ano_dt.o
    0x20000194   0x00000640   Zero   RW         1043    .bss                hmi.o
    0x200007d4   0x0000001c   Zero   RW         1131    .bss                tensile.o
    0x200007f0   0x0000003c   Zero   RW         1540    .bss                time.o
    0x2000082c   0x00000400   Zero   RW         1687    .bss                oled.o
    0x20000c2c   0x00000004   PAD
    0x20000c30   0x00000320   Zero   RW         1840    .bss                usart3.o
    0x20000f50   0x00000320   Zero   RW         2108    .bss                printf_uart.o
    0x20001270   0x00000320   Zero   RW         2219    .bss                uart4.o
    0x20001590   0x00000400   Zero   RW         2496    STACK               startup_stm32f40_41xxx.o


==============================================================================

Image component sizes


      Code (inc. data)   RO Data    RW Data    ZI Data      Debug   Object Name

       802         46          0          0          0       6335   ads1255.o
      2944         66          0          4        328      10884   ano_dt.o
       192         16          0          0          0       1184   beep.o
        30          6          0          0          0       1917   control.o
        32         14          0          0          0        492   display.o
       332         34          0          0          0       1780   escon.o
       284         28          0          4       1600       2930   hmi.o
       204         20          0          1          0       1134   key.o
       580         92          0          5          0       4678   led.o
        38          0          0          0          0        891   main.o
       180         24          0          0          0      19097   misc.o
       196         58          0          0          0       1275   my_bsp.o
         0          0          0          0          0     258812   my_math.o
       854         44       2660          0       1024       5977   oled.o
       420         28          0          8        800       3080   printf_uart.o
        36          8        392          0       1024        856   startup_stm32f40_41xxx.o
       240          0          0          0          0      10567   stm32f4xx_gpio.o
       166        104          0          0          0       3287   stm32f4xx_it.o
       392         48          0         16          0      21177   stm32f4xx_rcc.o
       518         48          0          0          0      24888   stm32f4xx_tim.o
       696         42          0          0          0      12746   stm32f4xx_usart.o
       678         92          0          0          0       5938   stmflash.o
       340         32          0          0          0       1569   system_stm32f4xx.o
       238         20          0          8          0      29982   systick.o
       440         26          0          8          0     262036   task_loop.o
        48          8          0          0         28       1313   tensile.o
       274         20          0          6         60       3132   time.o
       360         28          0          3        800       2395   uart4.o
       184         10          0          0          0        734   usart2.o
       402         28          0          2        800       3919   usart3.o
       204         14          0          0          0        746   usart5.o

    ----------------------------------------------------------------------
     12334       1004       3084         72       6468     705751   Object Totals
         0          0         32          0          0          0   (incl. Generated)
        30          0          0          7          4          0   (incl. Padding)

    ----------------------------------------------------------------------

      Code (inc. data)   RO Data    RW Data    ZI Data      Debug   Library Member Name

         0          0          0          0          0          0   entry.o
         0          0          0          0          0          0   entry10a.o
         0          0          0          0          0          0   entry11a.o
         8          4          0          0          0          0   entry2.o
         4          0          0          0          0          0   entry5.o
         0          0          0          0          0          0   entry7b.o
         0          0          0          0          0          0   entry8b.o
         8          4          0          0          0          0   entry9a.o
        18          0          0          0          0         80   fputc.o
        30          0          0          0          0          0   handlers.o
        36          8          0          0          0         68   init.o
         0          0          0          0          0          0   iusefp.o
         0          0          0          0          0          0   iusesemip.o
        30          0          0          0          0         68   llshl.o
        36          0          0          0          0         68   llsshr.o
        32          0          0          0          0         68   llushr.o
        36          0          0          0          0        108   memseta.o
      2312        102          0          0          0        676   printfa.o
         0          0          0          0          0          0   semi.o
         0          0          0          4          0          0   stdout.o
        14          0          0          0          0         68   strlen.o
        44          0          0          0          0         80   uidiv.o
        98          0          0          0          0         92   uldiv.o
        48          0          0          0          0         68   cdrcmple.o
       334          0          0          0          0        148   dadd.o
       222          0          0          0          0        100   ddiv.o
       186          0          0          0          0        176   depilogue.o
        48          0          0          0          0         68   dfixul.o
       228          0          0          0          0         96   dmul.o

    ----------------------------------------------------------------------
      3778        118          0          4          0       2032   Library Totals
         6          0          0          0          0          0   (incl. Padding)

    ----------------------------------------------------------------------

      Code (inc. data)   RO Data    RW Data    ZI Data      Debug   Library Name

      2706        118          0          4          0       1376   mc_w.l
      1066          0          0          0          0        656   mf_w.l

    ----------------------------------------------------------------------
      3778        118          0          4          0       2032   Library Totals

    ----------------------------------------------------------------------

==============================================================================


      Code (inc. data)   RO Data    RW Data    ZI Data      Debug   

     16112       1122       3084         76       6468     694647   Grand Totals
     16112       1122       3084         76       6468     694647   ELF Image Totals
     16112       1122       3084         76          0          0   ROM Totals

==============================================================================

    Total RO  Size (Code + RO Data)                19196 (  18.75kB)
    Total RW  Size (RW Data + ZI Data)              6544 (   6.39kB)
    Total ROM Size (Code + RO Data + RW Data)      19272 (  18.82kB)

==============================================================================

