<!doctype html public "-//w3c//dtd html 4.0 transitional//en">
<html><head>
<title>Static Call Graph - [.\Objects\NUEDC_2017.axf]</title></head>
<body><HR>
<H1>Static Call Graph for image .\Objects\NUEDC_2017.axf</H1><HR>
<BR><P>#&#060CALLGRAPH&#062# ARM Linker, 5050169: Last Updated: Sun Nov 10 15:36:06 2019
<BR><P>
<H3>Maximum Stack Usage =        364 bytes + Unknown(Cycles, Untraceable Function Pointers)</H3><H3>
Call chain for Maximum Stack Depth:</H3>
main &rArr; Task_Loop &rArr; ANO_DT_Do &rArr; ANO_DT_Data_Receive_Anl &rArr; Argument_Init &rArr; Flash_SavePID &rArr; STMFLASH_Write &rArr; STMFLASH_WriteWord &rArr; STMFLASH_WaitDone &rArr; delay_us
<P>
<H3>
Mutually Recursive functions
</H3> <LI><a href="#[9]">PendSV_Handler</a>&nbsp;&nbsp;&nbsp;&rArr;&nbsp;&nbsp;&nbsp;<a href="#[9]">PendSV_Handler</a><BR>
 <LI><a href="#[1d]">ADC_IRQHandler</a>&nbsp;&nbsp;&nbsp;&rArr;&nbsp;&nbsp;&nbsp;<a href="#[1d]">ADC_IRQHandler</a><BR>
</UL>
<P>
<H3>
Function Pointers
</H3><UL>
 <LI><a href="#[1d]">ADC_IRQHandler</a> from startup_stm32f40_41xxx.o(.text) referenced from startup_stm32f40_41xxx.o(RESET)
 <LI><a href="#[5]">BusFault_Handler</a> from stm32f4xx_it.o(i.BusFault_Handler) referenced from startup_stm32f40_41xxx.o(RESET)
 <LI><a href="#[1f]">CAN1_RX0_IRQHandler</a> from startup_stm32f40_41xxx.o(.text) referenced from startup_stm32f40_41xxx.o(RESET)
 <LI><a href="#[20]">CAN1_RX1_IRQHandler</a> from startup_stm32f40_41xxx.o(.text) referenced from startup_stm32f40_41xxx.o(RESET)
 <LI><a href="#[21]">CAN1_SCE_IRQHandler</a> from startup_stm32f40_41xxx.o(.text) referenced from startup_stm32f40_41xxx.o(RESET)
 <LI><a href="#[1e]">CAN1_TX_IRQHandler</a> from startup_stm32f40_41xxx.o(.text) referenced from startup_stm32f40_41xxx.o(RESET)
 <LI><a href="#[4b]">CAN2_RX0_IRQHandler</a> from startup_stm32f40_41xxx.o(.text) referenced from startup_stm32f40_41xxx.o(RESET)
 <LI><a href="#[4c]">CAN2_RX1_IRQHandler</a> from startup_stm32f40_41xxx.o(.text) referenced from startup_stm32f40_41xxx.o(RESET)
 <LI><a href="#[4d]">CAN2_SCE_IRQHandler</a> from startup_stm32f40_41xxx.o(.text) referenced from startup_stm32f40_41xxx.o(RESET)
 <LI><a href="#[4a]">CAN2_TX_IRQHandler</a> from startup_stm32f40_41xxx.o(.text) referenced from startup_stm32f40_41xxx.o(RESET)
 <LI><a href="#[5a]">CRYP_IRQHandler</a> from startup_stm32f40_41xxx.o(.text) referenced from startup_stm32f40_41xxx.o(RESET)
 <LI><a href="#[59]">DCMI_IRQHandler</a> from startup_stm32f40_41xxx.o(.text) referenced from startup_stm32f40_41xxx.o(RESET)
 <LI><a href="#[16]">DMA1_Stream0_IRQHandler</a> from startup_stm32f40_41xxx.o(.text) referenced from startup_stm32f40_41xxx.o(RESET)
 <LI><a href="#[17]">DMA1_Stream1_IRQHandler</a> from startup_stm32f40_41xxx.o(.text) referenced from startup_stm32f40_41xxx.o(RESET)
 <LI><a href="#[18]">DMA1_Stream2_IRQHandler</a> from startup_stm32f40_41xxx.o(.text) referenced from startup_stm32f40_41xxx.o(RESET)
 <LI><a href="#[19]">DMA1_Stream3_IRQHandler</a> from startup_stm32f40_41xxx.o(.text) referenced from startup_stm32f40_41xxx.o(RESET)
 <LI><a href="#[1a]">DMA1_Stream4_IRQHandler</a> from startup_stm32f40_41xxx.o(.text) referenced from startup_stm32f40_41xxx.o(RESET)
 <LI><a href="#[1b]">DMA1_Stream5_IRQHandler</a> from startup_stm32f40_41xxx.o(.text) referenced from startup_stm32f40_41xxx.o(RESET)
 <LI><a href="#[1c]">DMA1_Stream6_IRQHandler</a> from startup_stm32f40_41xxx.o(.text) referenced from startup_stm32f40_41xxx.o(RESET)
 <LI><a href="#[3a]">DMA1_Stream7_IRQHandler</a> from startup_stm32f40_41xxx.o(.text) referenced from startup_stm32f40_41xxx.o(RESET)
 <LI><a href="#[43]">DMA2_Stream0_IRQHandler</a> from startup_stm32f40_41xxx.o(.text) referenced from startup_stm32f40_41xxx.o(RESET)
 <LI><a href="#[44]">DMA2_Stream1_IRQHandler</a> from startup_stm32f40_41xxx.o(.text) referenced from startup_stm32f40_41xxx.o(RESET)
 <LI><a href="#[45]">DMA2_Stream2_IRQHandler</a> from startup_stm32f40_41xxx.o(.text) referenced from startup_stm32f40_41xxx.o(RESET)
 <LI><a href="#[46]">DMA2_Stream3_IRQHandler</a> from startup_stm32f40_41xxx.o(.text) referenced from startup_stm32f40_41xxx.o(RESET)
 <LI><a href="#[47]">DMA2_Stream4_IRQHandler</a> from startup_stm32f40_41xxx.o(.text) referenced from startup_stm32f40_41xxx.o(RESET)
 <LI><a href="#[4f]">DMA2_Stream5_IRQHandler</a> from startup_stm32f40_41xxx.o(.text) referenced from startup_stm32f40_41xxx.o(RESET)
 <LI><a href="#[50]">DMA2_Stream6_IRQHandler</a> from startup_stm32f40_41xxx.o(.text) referenced from startup_stm32f40_41xxx.o(RESET)
 <LI><a href="#[51]">DMA2_Stream7_IRQHandler</a> from startup_stm32f40_41xxx.o(.text) referenced from startup_stm32f40_41xxx.o(RESET)
 <LI><a href="#[8]">DebugMon_Handler</a> from stm32f4xx_it.o(i.DebugMon_Handler) referenced from startup_stm32f40_41xxx.o(RESET)
 <LI><a href="#[48]">ETH_IRQHandler</a> from startup_stm32f40_41xxx.o(.text) referenced from startup_stm32f40_41xxx.o(RESET)
 <LI><a href="#[49]">ETH_WKUP_IRQHandler</a> from startup_stm32f40_41xxx.o(.text) referenced from startup_stm32f40_41xxx.o(RESET)
 <LI><a href="#[11]">EXTI0_IRQHandler</a> from startup_stm32f40_41xxx.o(.text) referenced from startup_stm32f40_41xxx.o(RESET)
 <LI><a href="#[33]">EXTI15_10_IRQHandler</a> from startup_stm32f40_41xxx.o(.text) referenced from startup_stm32f40_41xxx.o(RESET)
 <LI><a href="#[12]">EXTI1_IRQHandler</a> from startup_stm32f40_41xxx.o(.text) referenced from startup_stm32f40_41xxx.o(RESET)
 <LI><a href="#[13]">EXTI2_IRQHandler</a> from startup_stm32f40_41xxx.o(.text) referenced from startup_stm32f40_41xxx.o(RESET)
 <LI><a href="#[14]">EXTI3_IRQHandler</a> from startup_stm32f40_41xxx.o(.text) referenced from startup_stm32f40_41xxx.o(RESET)
 <LI><a href="#[15]">EXTI4_IRQHandler</a> from startup_stm32f40_41xxx.o(.text) referenced from startup_stm32f40_41xxx.o(RESET)
 <LI><a href="#[22]">EXTI9_5_IRQHandler</a> from startup_stm32f40_41xxx.o(.text) referenced from startup_stm32f40_41xxx.o(RESET)
 <LI><a href="#[f]">FLASH_IRQHandler</a> from startup_stm32f40_41xxx.o(.text) referenced from startup_stm32f40_41xxx.o(RESET)
 <LI><a href="#[5c]">FPU_IRQHandler</a> from startup_stm32f40_41xxx.o(.text) referenced from startup_stm32f40_41xxx.o(RESET)
 <LI><a href="#[3b]">FSMC_IRQHandler</a> from startup_stm32f40_41xxx.o(.text) referenced from startup_stm32f40_41xxx.o(RESET)
 <LI><a href="#[5b]">HASH_RNG_IRQHandler</a> from startup_stm32f40_41xxx.o(.text) referenced from startup_stm32f40_41xxx.o(RESET)
 <LI><a href="#[3]">HardFault_Handler</a> from stm32f4xx_it.o(i.HardFault_Handler) referenced from startup_stm32f40_41xxx.o(RESET)
 <LI><a href="#[2b]">I2C1_ER_IRQHandler</a> from startup_stm32f40_41xxx.o(.text) referenced from startup_stm32f40_41xxx.o(RESET)
 <LI><a href="#[2a]">I2C1_EV_IRQHandler</a> from startup_stm32f40_41xxx.o(.text) referenced from startup_stm32f40_41xxx.o(RESET)
 <LI><a href="#[2d]">I2C2_ER_IRQHandler</a> from startup_stm32f40_41xxx.o(.text) referenced from startup_stm32f40_41xxx.o(RESET)
 <LI><a href="#[2c]">I2C2_EV_IRQHandler</a> from startup_stm32f40_41xxx.o(.text) referenced from startup_stm32f40_41xxx.o(RESET)
 <LI><a href="#[54]">I2C3_ER_IRQHandler</a> from startup_stm32f40_41xxx.o(.text) referenced from startup_stm32f40_41xxx.o(RESET)
 <LI><a href="#[53]">I2C3_EV_IRQHandler</a> from startup_stm32f40_41xxx.o(.text) referenced from startup_stm32f40_41xxx.o(RESET)
 <LI><a href="#[4]">MemManage_Handler</a> from stm32f4xx_it.o(i.MemManage_Handler) referenced from startup_stm32f40_41xxx.o(RESET)
 <LI><a href="#[2]">NMI_Handler</a> from stm32f4xx_it.o(i.NMI_Handler) referenced from startup_stm32f40_41xxx.o(RESET)
 <LI><a href="#[4e]">OTG_FS_IRQHandler</a> from startup_stm32f40_41xxx.o(.text) referenced from startup_stm32f40_41xxx.o(RESET)
 <LI><a href="#[35]">OTG_FS_WKUP_IRQHandler</a> from startup_stm32f40_41xxx.o(.text) referenced from startup_stm32f40_41xxx.o(RESET)
 <LI><a href="#[56]">OTG_HS_EP1_IN_IRQHandler</a> from startup_stm32f40_41xxx.o(.text) referenced from startup_stm32f40_41xxx.o(RESET)
 <LI><a href="#[55]">OTG_HS_EP1_OUT_IRQHandler</a> from startup_stm32f40_41xxx.o(.text) referenced from startup_stm32f40_41xxx.o(RESET)
 <LI><a href="#[58]">OTG_HS_IRQHandler</a> from startup_stm32f40_41xxx.o(.text) referenced from startup_stm32f40_41xxx.o(RESET)
 <LI><a href="#[57]">OTG_HS_WKUP_IRQHandler</a> from startup_stm32f40_41xxx.o(.text) referenced from startup_stm32f40_41xxx.o(RESET)
 <LI><a href="#[c]">PVD_IRQHandler</a> from startup_stm32f40_41xxx.o(.text) referenced from startup_stm32f40_41xxx.o(RESET)
 <LI><a href="#[9]">PendSV_Handler</a> from startup_stm32f40_41xxx.o(.text) referenced from startup_stm32f40_41xxx.o(RESET)
 <LI><a href="#[10]">RCC_IRQHandler</a> from startup_stm32f40_41xxx.o(.text) referenced from startup_stm32f40_41xxx.o(RESET)
 <LI><a href="#[34]">RTC_Alarm_IRQHandler</a> from startup_stm32f40_41xxx.o(.text) referenced from startup_stm32f40_41xxx.o(RESET)
 <LI><a href="#[e]">RTC_WKUP_IRQHandler</a> from startup_stm32f40_41xxx.o(.text) referenced from startup_stm32f40_41xxx.o(RESET)
 <LI><a href="#[1]">Reset_Handler</a> from startup_stm32f40_41xxx.o(.text) referenced from startup_stm32f40_41xxx.o(RESET)
 <LI><a href="#[3c]">SDIO_IRQHandler</a> from startup_stm32f40_41xxx.o(.text) referenced from startup_stm32f40_41xxx.o(RESET)
 <LI><a href="#[2e]">SPI1_IRQHandler</a> from startup_stm32f40_41xxx.o(.text) referenced from startup_stm32f40_41xxx.o(RESET)
 <LI><a href="#[2f]">SPI2_IRQHandler</a> from startup_stm32f40_41xxx.o(.text) referenced from startup_stm32f40_41xxx.o(RESET)
 <LI><a href="#[3e]">SPI3_IRQHandler</a> from startup_stm32f40_41xxx.o(.text) referenced from startup_stm32f40_41xxx.o(RESET)
 <LI><a href="#[7]">SVC_Handler</a> from stm32f4xx_it.o(i.SVC_Handler) referenced from startup_stm32f40_41xxx.o(RESET)
 <LI><a href="#[a]">SysTick_Handler</a> from systick.o(i.SysTick_Handler) referenced from startup_stm32f40_41xxx.o(RESET)
 <LI><a href="#[5e]">SystemInit</a> from system_stm32f4xx.o(i.SystemInit) referenced from startup_stm32f40_41xxx.o(.text)
 <LI><a href="#[d]">TAMP_STAMP_IRQHandler</a> from startup_stm32f40_41xxx.o(.text) referenced from startup_stm32f40_41xxx.o(RESET)
 <LI><a href="#[23]">TIM1_BRK_TIM9_IRQHandler</a> from startup_stm32f40_41xxx.o(.text) referenced from startup_stm32f40_41xxx.o(RESET)
 <LI><a href="#[26]">TIM1_CC_IRQHandler</a> from startup_stm32f40_41xxx.o(.text) referenced from startup_stm32f40_41xxx.o(RESET)
 <LI><a href="#[25]">TIM1_TRG_COM_TIM11_IRQHandler</a> from startup_stm32f40_41xxx.o(.text) referenced from startup_stm32f40_41xxx.o(RESET)
 <LI><a href="#[24]">TIM1_UP_TIM10_IRQHandler</a> from startup_stm32f40_41xxx.o(.text) referenced from startup_stm32f40_41xxx.o(RESET)
 <LI><a href="#[27]">TIM2_IRQHandler</a> from startup_stm32f40_41xxx.o(.text) referenced from startup_stm32f40_41xxx.o(RESET)
 <LI><a href="#[28]">TIM3_IRQHandler</a> from startup_stm32f40_41xxx.o(.text) referenced from startup_stm32f40_41xxx.o(RESET)
 <LI><a href="#[29]">TIM4_IRQHandler</a> from startup_stm32f40_41xxx.o(.text) referenced from startup_stm32f40_41xxx.o(RESET)
 <LI><a href="#[3d]">TIM5_IRQHandler</a> from startup_stm32f40_41xxx.o(.text) referenced from startup_stm32f40_41xxx.o(RESET)
 <LI><a href="#[41]">TIM6_DAC_IRQHandler</a> from startup_stm32f40_41xxx.o(.text) referenced from startup_stm32f40_41xxx.o(RESET)
 <LI><a href="#[42]">TIM7_IRQHandler</a> from startup_stm32f40_41xxx.o(.text) referenced from startup_stm32f40_41xxx.o(RESET)
 <LI><a href="#[36]">TIM8_BRK_TIM12_IRQHandler</a> from startup_stm32f40_41xxx.o(.text) referenced from startup_stm32f40_41xxx.o(RESET)
 <LI><a href="#[39]">TIM8_CC_IRQHandler</a> from startup_stm32f40_41xxx.o(.text) referenced from startup_stm32f40_41xxx.o(RESET)
 <LI><a href="#[38]">TIM8_TRG_COM_TIM14_IRQHandler</a> from startup_stm32f40_41xxx.o(.text) referenced from startup_stm32f40_41xxx.o(RESET)
 <LI><a href="#[37]">TIM8_UP_TIM13_IRQHandler</a> from startup_stm32f40_41xxx.o(.text) referenced from startup_stm32f40_41xxx.o(RESET)
 <LI><a href="#[3f]">UART4_IRQHandler</a> from uart4.o(i.UART4_IRQHandler) referenced from startup_stm32f40_41xxx.o(RESET)
 <LI><a href="#[40]">UART5_IRQHandler</a> from hmi.o(i.UART5_IRQHandler) referenced from startup_stm32f40_41xxx.o(RESET)
 <LI><a href="#[30]">USART1_IRQHandler</a> from printf_uart.o(i.USART1_IRQHandler) referenced from startup_stm32f40_41xxx.o(RESET)
 <LI><a href="#[31]">USART2_IRQHandler</a> from startup_stm32f40_41xxx.o(.text) referenced from startup_stm32f40_41xxx.o(RESET)
 <LI><a href="#[32]">USART3_IRQHandler</a> from usart3.o(i.USART3_IRQHandler) referenced from startup_stm32f40_41xxx.o(RESET)
 <LI><a href="#[52]">USART6_IRQHandler</a> from startup_stm32f40_41xxx.o(.text) referenced from startup_stm32f40_41xxx.o(RESET)
 <LI><a href="#[6]">UsageFault_Handler</a> from stm32f4xx_it.o(i.UsageFault_Handler) referenced from startup_stm32f40_41xxx.o(RESET)
 <LI><a href="#[b]">WWDG_IRQHandler</a> from startup_stm32f40_41xxx.o(.text) referenced from startup_stm32f40_41xxx.o(RESET)
 <LI><a href="#[5f]">__main</a> from entry.o(.ARM.Collect$$$$00000000) referenced from startup_stm32f40_41xxx.o(.text)
 <LI><a href="#[61]">_sputc</a> from printfa.o(i._sputc) referenced from printfa.o(i.__0sprintf)
 <LI><a href="#[60]">fputc</a> from fputc.o(i.fputc) referenced from printfa.o(i.__0printf)
 <LI><a href="#[5d]">main</a> from main.o(i.main) referenced from entry9a.o(.ARM.Collect$$$$0000000B)
</UL>
<P>
<H3>
Global Symbols
</H3>
<P><STRONG><a name="[5f]"></a>__main</STRONG> (Thumb, 0 bytes, Stack size unknown bytes, entry.o(.ARM.Collect$$$$00000000))
<BR>[Address Reference Count : 1]<UL><LI> startup_stm32f40_41xxx.o(.text)
</UL>
<P><STRONG><a name="[e5]"></a>_main_stk</STRONG> (Thumb, 0 bytes, Stack size unknown bytes, entry2.o(.ARM.Collect$$$$00000001))

<P><STRONG><a name="[62]"></a>_main_scatterload</STRONG> (Thumb, 0 bytes, Stack size unknown bytes, entry5.o(.ARM.Collect$$$$00000004))
<BR><BR>[Calls]<UL><LI><a href="#[63]">&gt;&gt;</a>&nbsp;&nbsp;&nbsp;__scatterload
</UL>

<P><STRONG><a name="[73]"></a>__main_after_scatterload</STRONG> (Thumb, 0 bytes, Stack size unknown bytes, entry5.o(.ARM.Collect$$$$00000004))
<BR><BR>[Called By]<UL><LI><a href="#[63]">&gt;&gt;</a>&nbsp;&nbsp;&nbsp;__scatterload
</UL>

<P><STRONG><a name="[e6]"></a>_main_clock</STRONG> (Thumb, 0 bytes, Stack size unknown bytes, entry7b.o(.ARM.Collect$$$$00000008))

<P><STRONG><a name="[e7]"></a>_main_cpp_init</STRONG> (Thumb, 0 bytes, Stack size unknown bytes, entry8b.o(.ARM.Collect$$$$0000000A))

<P><STRONG><a name="[e8]"></a>_main_init</STRONG> (Thumb, 0 bytes, Stack size unknown bytes, entry9a.o(.ARM.Collect$$$$0000000B))

<P><STRONG><a name="[e9]"></a>__rt_final_cpp</STRONG> (Thumb, 0 bytes, Stack size unknown bytes, entry10a.o(.ARM.Collect$$$$0000000D))

<P><STRONG><a name="[ea]"></a>__rt_final_exit</STRONG> (Thumb, 0 bytes, Stack size unknown bytes, entry11a.o(.ARM.Collect$$$$0000000F))

<P><STRONG><a name="[1]"></a>Reset_Handler</STRONG> (Thumb, 8 bytes, Stack size 0 bytes, startup_stm32f40_41xxx.o(.text))
<BR>[Address Reference Count : 1]<UL><LI> startup_stm32f40_41xxx.o(RESET)
</UL>
<P><STRONG><a name="[9]"></a>PendSV_Handler</STRONG> (Thumb, 2 bytes, Stack size 0 bytes, startup_stm32f40_41xxx.o(.text))
<BR><BR>[Calls]<UL><LI><a href="#[9]">&gt;&gt;</a>&nbsp;&nbsp;&nbsp;PendSV_Handler
</UL>
<BR>[Called By]<UL><LI><a href="#[9]">&gt;&gt;</a>&nbsp;&nbsp;&nbsp;PendSV_Handler
</UL>
<BR>[Address Reference Count : 1]<UL><LI> startup_stm32f40_41xxx.o(RESET)
</UL>
<P><STRONG><a name="[1d]"></a>ADC_IRQHandler</STRONG> (Thumb, 0 bytes, Stack size 0 bytes, startup_stm32f40_41xxx.o(.text))
<BR><BR>[Calls]<UL><LI><a href="#[1d]">&gt;&gt;</a>&nbsp;&nbsp;&nbsp;ADC_IRQHandler
</UL>
<BR>[Called By]<UL><LI><a href="#[1d]">&gt;&gt;</a>&nbsp;&nbsp;&nbsp;ADC_IRQHandler
</UL>
<BR>[Address Reference Count : 1]<UL><LI> startup_stm32f40_41xxx.o(RESET)
</UL>
<P><STRONG><a name="[1f]"></a>CAN1_RX0_IRQHandler</STRONG> (Thumb, 0 bytes, Stack size 0 bytes, startup_stm32f40_41xxx.o(.text))
<BR>[Address Reference Count : 1]<UL><LI> startup_stm32f40_41xxx.o(RESET)
</UL>
<P><STRONG><a name="[20]"></a>CAN1_RX1_IRQHandler</STRONG> (Thumb, 0 bytes, Stack size 0 bytes, startup_stm32f40_41xxx.o(.text))
<BR>[Address Reference Count : 1]<UL><LI> startup_stm32f40_41xxx.o(RESET)
</UL>
<P><STRONG><a name="[21]"></a>CAN1_SCE_IRQHandler</STRONG> (Thumb, 0 bytes, Stack size 0 bytes, startup_stm32f40_41xxx.o(.text))
<BR>[Address Reference Count : 1]<UL><LI> startup_stm32f40_41xxx.o(RESET)
</UL>
<P><STRONG><a name="[1e]"></a>CAN1_TX_IRQHandler</STRONG> (Thumb, 0 bytes, Stack size 0 bytes, startup_stm32f40_41xxx.o(.text))
<BR>[Address Reference Count : 1]<UL><LI> startup_stm32f40_41xxx.o(RESET)
</UL>
<P><STRONG><a name="[4b]"></a>CAN2_RX0_IRQHandler</STRONG> (Thumb, 0 bytes, Stack size 0 bytes, startup_stm32f40_41xxx.o(.text))
<BR>[Address Reference Count : 1]<UL><LI> startup_stm32f40_41xxx.o(RESET)
</UL>
<P><STRONG><a name="[4c]"></a>CAN2_RX1_IRQHandler</STRONG> (Thumb, 0 bytes, Stack size 0 bytes, startup_stm32f40_41xxx.o(.text))
<BR>[Address Reference Count : 1]<UL><LI> startup_stm32f40_41xxx.o(RESET)
</UL>
<P><STRONG><a name="[4d]"></a>CAN2_SCE_IRQHandler</STRONG> (Thumb, 0 bytes, Stack size 0 bytes, startup_stm32f40_41xxx.o(.text))
<BR>[Address Reference Count : 1]<UL><LI> startup_stm32f40_41xxx.o(RESET)
</UL>
<P><STRONG><a name="[4a]"></a>CAN2_TX_IRQHandler</STRONG> (Thumb, 0 bytes, Stack size 0 bytes, startup_stm32f40_41xxx.o(.text))
<BR>[Address Reference Count : 1]<UL><LI> startup_stm32f40_41xxx.o(RESET)
</UL>
<P><STRONG><a name="[5a]"></a>CRYP_IRQHandler</STRONG> (Thumb, 0 bytes, Stack size 0 bytes, startup_stm32f40_41xxx.o(.text))
<BR>[Address Reference Count : 1]<UL><LI> startup_stm32f40_41xxx.o(RESET)
</UL>
<P><STRONG><a name="[59]"></a>DCMI_IRQHandler</STRONG> (Thumb, 0 bytes, Stack size 0 bytes, startup_stm32f40_41xxx.o(.text))
<BR>[Address Reference Count : 1]<UL><LI> startup_stm32f40_41xxx.o(RESET)
</UL>
<P><STRONG><a name="[16]"></a>DMA1_Stream0_IRQHandler</STRONG> (Thumb, 0 bytes, Stack size 0 bytes, startup_stm32f40_41xxx.o(.text))
<BR>[Address Reference Count : 1]<UL><LI> startup_stm32f40_41xxx.o(RESET)
</UL>
<P><STRONG><a name="[17]"></a>DMA1_Stream1_IRQHandler</STRONG> (Thumb, 0 bytes, Stack size 0 bytes, startup_stm32f40_41xxx.o(.text))
<BR>[Address Reference Count : 1]<UL><LI> startup_stm32f40_41xxx.o(RESET)
</UL>
<P><STRONG><a name="[18]"></a>DMA1_Stream2_IRQHandler</STRONG> (Thumb, 0 bytes, Stack size 0 bytes, startup_stm32f40_41xxx.o(.text))
<BR>[Address Reference Count : 1]<UL><LI> startup_stm32f40_41xxx.o(RESET)
</UL>
<P><STRONG><a name="[19]"></a>DMA1_Stream3_IRQHandler</STRONG> (Thumb, 0 bytes, Stack size 0 bytes, startup_stm32f40_41xxx.o(.text))
<BR>[Address Reference Count : 1]<UL><LI> startup_stm32f40_41xxx.o(RESET)
</UL>
<P><STRONG><a name="[1a]"></a>DMA1_Stream4_IRQHandler</STRONG> (Thumb, 0 bytes, Stack size 0 bytes, startup_stm32f40_41xxx.o(.text))
<BR>[Address Reference Count : 1]<UL><LI> startup_stm32f40_41xxx.o(RESET)
</UL>
<P><STRONG><a name="[1b]"></a>DMA1_Stream5_IRQHandler</STRONG> (Thumb, 0 bytes, Stack size 0 bytes, startup_stm32f40_41xxx.o(.text))
<BR>[Address Reference Count : 1]<UL><LI> startup_stm32f40_41xxx.o(RESET)
</UL>
<P><STRONG><a name="[1c]"></a>DMA1_Stream6_IRQHandler</STRONG> (Thumb, 0 bytes, Stack size 0 bytes, startup_stm32f40_41xxx.o(.text))
<BR>[Address Reference Count : 1]<UL><LI> startup_stm32f40_41xxx.o(RESET)
</UL>
<P><STRONG><a name="[3a]"></a>DMA1_Stream7_IRQHandler</STRONG> (Thumb, 0 bytes, Stack size 0 bytes, startup_stm32f40_41xxx.o(.text))
<BR>[Address Reference Count : 1]<UL><LI> startup_stm32f40_41xxx.o(RESET)
</UL>
<P><STRONG><a name="[43]"></a>DMA2_Stream0_IRQHandler</STRONG> (Thumb, 0 bytes, Stack size 0 bytes, startup_stm32f40_41xxx.o(.text))
<BR>[Address Reference Count : 1]<UL><LI> startup_stm32f40_41xxx.o(RESET)
</UL>
<P><STRONG><a name="[44]"></a>DMA2_Stream1_IRQHandler</STRONG> (Thumb, 0 bytes, Stack size 0 bytes, startup_stm32f40_41xxx.o(.text))
<BR>[Address Reference Count : 1]<UL><LI> startup_stm32f40_41xxx.o(RESET)
</UL>
<P><STRONG><a name="[45]"></a>DMA2_Stream2_IRQHandler</STRONG> (Thumb, 0 bytes, Stack size 0 bytes, startup_stm32f40_41xxx.o(.text))
<BR>[Address Reference Count : 1]<UL><LI> startup_stm32f40_41xxx.o(RESET)
</UL>
<P><STRONG><a name="[46]"></a>DMA2_Stream3_IRQHandler</STRONG> (Thumb, 0 bytes, Stack size 0 bytes, startup_stm32f40_41xxx.o(.text))
<BR>[Address Reference Count : 1]<UL><LI> startup_stm32f40_41xxx.o(RESET)
</UL>
<P><STRONG><a name="[47]"></a>DMA2_Stream4_IRQHandler</STRONG> (Thumb, 0 bytes, Stack size 0 bytes, startup_stm32f40_41xxx.o(.text))
<BR>[Address Reference Count : 1]<UL><LI> startup_stm32f40_41xxx.o(RESET)
</UL>
<P><STRONG><a name="[4f]"></a>DMA2_Stream5_IRQHandler</STRONG> (Thumb, 0 bytes, Stack size 0 bytes, startup_stm32f40_41xxx.o(.text))
<BR>[Address Reference Count : 1]<UL><LI> startup_stm32f40_41xxx.o(RESET)
</UL>
<P><STRONG><a name="[50]"></a>DMA2_Stream6_IRQHandler</STRONG> (Thumb, 0 bytes, Stack size 0 bytes, startup_stm32f40_41xxx.o(.text))
<BR>[Address Reference Count : 1]<UL><LI> startup_stm32f40_41xxx.o(RESET)
</UL>
<P><STRONG><a name="[51]"></a>DMA2_Stream7_IRQHandler</STRONG> (Thumb, 0 bytes, Stack size 0 bytes, startup_stm32f40_41xxx.o(.text))
<BR>[Address Reference Count : 1]<UL><LI> startup_stm32f40_41xxx.o(RESET)
</UL>
<P><STRONG><a name="[48]"></a>ETH_IRQHandler</STRONG> (Thumb, 0 bytes, Stack size 0 bytes, startup_stm32f40_41xxx.o(.text))
<BR>[Address Reference Count : 1]<UL><LI> startup_stm32f40_41xxx.o(RESET)
</UL>
<P><STRONG><a name="[49]"></a>ETH_WKUP_IRQHandler</STRONG> (Thumb, 0 bytes, Stack size 0 bytes, startup_stm32f40_41xxx.o(.text))
<BR>[Address Reference Count : 1]<UL><LI> startup_stm32f40_41xxx.o(RESET)
</UL>
<P><STRONG><a name="[11]"></a>EXTI0_IRQHandler</STRONG> (Thumb, 0 bytes, Stack size 0 bytes, startup_stm32f40_41xxx.o(.text))
<BR>[Address Reference Count : 1]<UL><LI> startup_stm32f40_41xxx.o(RESET)
</UL>
<P><STRONG><a name="[33]"></a>EXTI15_10_IRQHandler</STRONG> (Thumb, 0 bytes, Stack size 0 bytes, startup_stm32f40_41xxx.o(.text))
<BR>[Address Reference Count : 1]<UL><LI> startup_stm32f40_41xxx.o(RESET)
</UL>
<P><STRONG><a name="[12]"></a>EXTI1_IRQHandler</STRONG> (Thumb, 0 bytes, Stack size 0 bytes, startup_stm32f40_41xxx.o(.text))
<BR>[Address Reference Count : 1]<UL><LI> startup_stm32f40_41xxx.o(RESET)
</UL>
<P><STRONG><a name="[13]"></a>EXTI2_IRQHandler</STRONG> (Thumb, 0 bytes, Stack size 0 bytes, startup_stm32f40_41xxx.o(.text))
<BR>[Address Reference Count : 1]<UL><LI> startup_stm32f40_41xxx.o(RESET)
</UL>
<P><STRONG><a name="[14]"></a>EXTI3_IRQHandler</STRONG> (Thumb, 0 bytes, Stack size 0 bytes, startup_stm32f40_41xxx.o(.text))
<BR>[Address Reference Count : 1]<UL><LI> startup_stm32f40_41xxx.o(RESET)
</UL>
<P><STRONG><a name="[15]"></a>EXTI4_IRQHandler</STRONG> (Thumb, 0 bytes, Stack size 0 bytes, startup_stm32f40_41xxx.o(.text))
<BR>[Address Reference Count : 1]<UL><LI> startup_stm32f40_41xxx.o(RESET)
</UL>
<P><STRONG><a name="[22]"></a>EXTI9_5_IRQHandler</STRONG> (Thumb, 0 bytes, Stack size 0 bytes, startup_stm32f40_41xxx.o(.text))
<BR>[Address Reference Count : 1]<UL><LI> startup_stm32f40_41xxx.o(RESET)
</UL>
<P><STRONG><a name="[f]"></a>FLASH_IRQHandler</STRONG> (Thumb, 0 bytes, Stack size 0 bytes, startup_stm32f40_41xxx.o(.text))
<BR>[Address Reference Count : 1]<UL><LI> startup_stm32f40_41xxx.o(RESET)
</UL>
<P><STRONG><a name="[5c]"></a>FPU_IRQHandler</STRONG> (Thumb, 0 bytes, Stack size 0 bytes, startup_stm32f40_41xxx.o(.text))
<BR>[Address Reference Count : 1]<UL><LI> startup_stm32f40_41xxx.o(RESET)
</UL>
<P><STRONG><a name="[3b]"></a>FSMC_IRQHandler</STRONG> (Thumb, 0 bytes, Stack size 0 bytes, startup_stm32f40_41xxx.o(.text))
<BR>[Address Reference Count : 1]<UL><LI> startup_stm32f40_41xxx.o(RESET)
</UL>
<P><STRONG><a name="[5b]"></a>HASH_RNG_IRQHandler</STRONG> (Thumb, 0 bytes, Stack size 0 bytes, startup_stm32f40_41xxx.o(.text))
<BR>[Address Reference Count : 1]<UL><LI> startup_stm32f40_41xxx.o(RESET)
</UL>
<P><STRONG><a name="[2b]"></a>I2C1_ER_IRQHandler</STRONG> (Thumb, 0 bytes, Stack size 0 bytes, startup_stm32f40_41xxx.o(.text))
<BR>[Address Reference Count : 1]<UL><LI> startup_stm32f40_41xxx.o(RESET)
</UL>
<P><STRONG><a name="[2a]"></a>I2C1_EV_IRQHandler</STRONG> (Thumb, 0 bytes, Stack size 0 bytes, startup_stm32f40_41xxx.o(.text))
<BR>[Address Reference Count : 1]<UL><LI> startup_stm32f40_41xxx.o(RESET)
</UL>
<P><STRONG><a name="[2d]"></a>I2C2_ER_IRQHandler</STRONG> (Thumb, 0 bytes, Stack size 0 bytes, startup_stm32f40_41xxx.o(.text))
<BR>[Address Reference Count : 1]<UL><LI> startup_stm32f40_41xxx.o(RESET)
</UL>
<P><STRONG><a name="[2c]"></a>I2C2_EV_IRQHandler</STRONG> (Thumb, 0 bytes, Stack size 0 bytes, startup_stm32f40_41xxx.o(.text))
<BR>[Address Reference Count : 1]<UL><LI> startup_stm32f40_41xxx.o(RESET)
</UL>
<P><STRONG><a name="[54]"></a>I2C3_ER_IRQHandler</STRONG> (Thumb, 0 bytes, Stack size 0 bytes, startup_stm32f40_41xxx.o(.text))
<BR>[Address Reference Count : 1]<UL><LI> startup_stm32f40_41xxx.o(RESET)
</UL>
<P><STRONG><a name="[53]"></a>I2C3_EV_IRQHandler</STRONG> (Thumb, 0 bytes, Stack size 0 bytes, startup_stm32f40_41xxx.o(.text))
<BR>[Address Reference Count : 1]<UL><LI> startup_stm32f40_41xxx.o(RESET)
</UL>
<P><STRONG><a name="[4e]"></a>OTG_FS_IRQHandler</STRONG> (Thumb, 0 bytes, Stack size 0 bytes, startup_stm32f40_41xxx.o(.text))
<BR>[Address Reference Count : 1]<UL><LI> startup_stm32f40_41xxx.o(RESET)
</UL>
<P><STRONG><a name="[35]"></a>OTG_FS_WKUP_IRQHandler</STRONG> (Thumb, 0 bytes, Stack size 0 bytes, startup_stm32f40_41xxx.o(.text))
<BR>[Address Reference Count : 1]<UL><LI> startup_stm32f40_41xxx.o(RESET)
</UL>
<P><STRONG><a name="[56]"></a>OTG_HS_EP1_IN_IRQHandler</STRONG> (Thumb, 0 bytes, Stack size 0 bytes, startup_stm32f40_41xxx.o(.text))
<BR>[Address Reference Count : 1]<UL><LI> startup_stm32f40_41xxx.o(RESET)
</UL>
<P><STRONG><a name="[55]"></a>OTG_HS_EP1_OUT_IRQHandler</STRONG> (Thumb, 0 bytes, Stack size 0 bytes, startup_stm32f40_41xxx.o(.text))
<BR>[Address Reference Count : 1]<UL><LI> startup_stm32f40_41xxx.o(RESET)
</UL>
<P><STRONG><a name="[58]"></a>OTG_HS_IRQHandler</STRONG> (Thumb, 0 bytes, Stack size 0 bytes, startup_stm32f40_41xxx.o(.text))
<BR>[Address Reference Count : 1]<UL><LI> startup_stm32f40_41xxx.o(RESET)
</UL>
<P><STRONG><a name="[57]"></a>OTG_HS_WKUP_IRQHandler</STRONG> (Thumb, 0 bytes, Stack size 0 bytes, startup_stm32f40_41xxx.o(.text))
<BR>[Address Reference Count : 1]<UL><LI> startup_stm32f40_41xxx.o(RESET)
</UL>
<P><STRONG><a name="[c]"></a>PVD_IRQHandler</STRONG> (Thumb, 0 bytes, Stack size 0 bytes, startup_stm32f40_41xxx.o(.text))
<BR>[Address Reference Count : 1]<UL><LI> startup_stm32f40_41xxx.o(RESET)
</UL>
<P><STRONG><a name="[10]"></a>RCC_IRQHandler</STRONG> (Thumb, 0 bytes, Stack size 0 bytes, startup_stm32f40_41xxx.o(.text))
<BR>[Address Reference Count : 1]<UL><LI> startup_stm32f40_41xxx.o(RESET)
</UL>
<P><STRONG><a name="[34]"></a>RTC_Alarm_IRQHandler</STRONG> (Thumb, 0 bytes, Stack size 0 bytes, startup_stm32f40_41xxx.o(.text))
<BR>[Address Reference Count : 1]<UL><LI> startup_stm32f40_41xxx.o(RESET)
</UL>
<P><STRONG><a name="[e]"></a>RTC_WKUP_IRQHandler</STRONG> (Thumb, 0 bytes, Stack size 0 bytes, startup_stm32f40_41xxx.o(.text))
<BR>[Address Reference Count : 1]<UL><LI> startup_stm32f40_41xxx.o(RESET)
</UL>
<P><STRONG><a name="[3c]"></a>SDIO_IRQHandler</STRONG> (Thumb, 0 bytes, Stack size 0 bytes, startup_stm32f40_41xxx.o(.text))
<BR>[Address Reference Count : 1]<UL><LI> startup_stm32f40_41xxx.o(RESET)
</UL>
<P><STRONG><a name="[2e]"></a>SPI1_IRQHandler</STRONG> (Thumb, 0 bytes, Stack size 0 bytes, startup_stm32f40_41xxx.o(.text))
<BR>[Address Reference Count : 1]<UL><LI> startup_stm32f40_41xxx.o(RESET)
</UL>
<P><STRONG><a name="[2f]"></a>SPI2_IRQHandler</STRONG> (Thumb, 0 bytes, Stack size 0 bytes, startup_stm32f40_41xxx.o(.text))
<BR>[Address Reference Count : 1]<UL><LI> startup_stm32f40_41xxx.o(RESET)
</UL>
<P><STRONG><a name="[3e]"></a>SPI3_IRQHandler</STRONG> (Thumb, 0 bytes, Stack size 0 bytes, startup_stm32f40_41xxx.o(.text))
<BR>[Address Reference Count : 1]<UL><LI> startup_stm32f40_41xxx.o(RESET)
</UL>
<P><STRONG><a name="[d]"></a>TAMP_STAMP_IRQHandler</STRONG> (Thumb, 0 bytes, Stack size 0 bytes, startup_stm32f40_41xxx.o(.text))
<BR>[Address Reference Count : 1]<UL><LI> startup_stm32f40_41xxx.o(RESET)
</UL>
<P><STRONG><a name="[23]"></a>TIM1_BRK_TIM9_IRQHandler</STRONG> (Thumb, 0 bytes, Stack size 0 bytes, startup_stm32f40_41xxx.o(.text))
<BR>[Address Reference Count : 1]<UL><LI> startup_stm32f40_41xxx.o(RESET)
</UL>
<P><STRONG><a name="[26]"></a>TIM1_CC_IRQHandler</STRONG> (Thumb, 0 bytes, Stack size 0 bytes, startup_stm32f40_41xxx.o(.text))
<BR>[Address Reference Count : 1]<UL><LI> startup_stm32f40_41xxx.o(RESET)
</UL>
<P><STRONG><a name="[25]"></a>TIM1_TRG_COM_TIM11_IRQHandler</STRONG> (Thumb, 0 bytes, Stack size 0 bytes, startup_stm32f40_41xxx.o(.text))
<BR>[Address Reference Count : 1]<UL><LI> startup_stm32f40_41xxx.o(RESET)
</UL>
<P><STRONG><a name="[24]"></a>TIM1_UP_TIM10_IRQHandler</STRONG> (Thumb, 0 bytes, Stack size 0 bytes, startup_stm32f40_41xxx.o(.text))
<BR>[Address Reference Count : 1]<UL><LI> startup_stm32f40_41xxx.o(RESET)
</UL>
<P><STRONG><a name="[27]"></a>TIM2_IRQHandler</STRONG> (Thumb, 0 bytes, Stack size 0 bytes, startup_stm32f40_41xxx.o(.text))
<BR>[Address Reference Count : 1]<UL><LI> startup_stm32f40_41xxx.o(RESET)
</UL>
<P><STRONG><a name="[28]"></a>TIM3_IRQHandler</STRONG> (Thumb, 0 bytes, Stack size 0 bytes, startup_stm32f40_41xxx.o(.text))
<BR>[Address Reference Count : 1]<UL><LI> startup_stm32f40_41xxx.o(RESET)
</UL>
<P><STRONG><a name="[29]"></a>TIM4_IRQHandler</STRONG> (Thumb, 0 bytes, Stack size 0 bytes, startup_stm32f40_41xxx.o(.text))
<BR>[Address Reference Count : 1]<UL><LI> startup_stm32f40_41xxx.o(RESET)
</UL>
<P><STRONG><a name="[3d]"></a>TIM5_IRQHandler</STRONG> (Thumb, 0 bytes, Stack size 0 bytes, startup_stm32f40_41xxx.o(.text))
<BR>[Address Reference Count : 1]<UL><LI> startup_stm32f40_41xxx.o(RESET)
</UL>
<P><STRONG><a name="[41]"></a>TIM6_DAC_IRQHandler</STRONG> (Thumb, 0 bytes, Stack size 0 bytes, startup_stm32f40_41xxx.o(.text))
<BR>[Address Reference Count : 1]<UL><LI> startup_stm32f40_41xxx.o(RESET)
</UL>
<P><STRONG><a name="[42]"></a>TIM7_IRQHandler</STRONG> (Thumb, 0 bytes, Stack size 0 bytes, startup_stm32f40_41xxx.o(.text))
<BR>[Address Reference Count : 1]<UL><LI> startup_stm32f40_41xxx.o(RESET)
</UL>
<P><STRONG><a name="[36]"></a>TIM8_BRK_TIM12_IRQHandler</STRONG> (Thumb, 0 bytes, Stack size 0 bytes, startup_stm32f40_41xxx.o(.text))
<BR>[Address Reference Count : 1]<UL><LI> startup_stm32f40_41xxx.o(RESET)
</UL>
<P><STRONG><a name="[39]"></a>TIM8_CC_IRQHandler</STRONG> (Thumb, 0 bytes, Stack size 0 bytes, startup_stm32f40_41xxx.o(.text))
<BR>[Address Reference Count : 1]<UL><LI> startup_stm32f40_41xxx.o(RESET)
</UL>
<P><STRONG><a name="[38]"></a>TIM8_TRG_COM_TIM14_IRQHandler</STRONG> (Thumb, 0 bytes, Stack size 0 bytes, startup_stm32f40_41xxx.o(.text))
<BR>[Address Reference Count : 1]<UL><LI> startup_stm32f40_41xxx.o(RESET)
</UL>
<P><STRONG><a name="[37]"></a>TIM8_UP_TIM13_IRQHandler</STRONG> (Thumb, 0 bytes, Stack size 0 bytes, startup_stm32f40_41xxx.o(.text))
<BR>[Address Reference Count : 1]<UL><LI> startup_stm32f40_41xxx.o(RESET)
</UL>
<P><STRONG><a name="[31]"></a>USART2_IRQHandler</STRONG> (Thumb, 0 bytes, Stack size 0 bytes, startup_stm32f40_41xxx.o(.text))
<BR>[Address Reference Count : 1]<UL><LI> startup_stm32f40_41xxx.o(RESET)
</UL>
<P><STRONG><a name="[52]"></a>USART6_IRQHandler</STRONG> (Thumb, 0 bytes, Stack size 0 bytes, startup_stm32f40_41xxx.o(.text))
<BR>[Address Reference Count : 1]<UL><LI> startup_stm32f40_41xxx.o(RESET)
</UL>
<P><STRONG><a name="[b]"></a>WWDG_IRQHandler</STRONG> (Thumb, 0 bytes, Stack size 0 bytes, startup_stm32f40_41xxx.o(.text))
<BR>[Address Reference Count : 1]<UL><LI> startup_stm32f40_41xxx.o(RESET)
</UL>
<P><STRONG><a name="[65]"></a>__aeabi_memset</STRONG> (Thumb, 14 bytes, Stack size 0 bytes, memseta.o(.text))
<BR><BR>[Called By]<UL><LI><a href="#[66]">&gt;&gt;</a>&nbsp;&nbsp;&nbsp;_memset$wrapper
<LI><a href="#[64]">&gt;&gt;</a>&nbsp;&nbsp;&nbsp;__aeabi_memclr
</UL>

<P><STRONG><a name="[eb]"></a>__aeabi_memset4</STRONG> (Thumb, 0 bytes, Stack size 0 bytes, memseta.o(.text), UNUSED)

<P><STRONG><a name="[ec]"></a>__aeabi_memset8</STRONG> (Thumb, 0 bytes, Stack size 0 bytes, memseta.o(.text), UNUSED)

<P><STRONG><a name="[64]"></a>__aeabi_memclr</STRONG> (Thumb, 4 bytes, Stack size 0 bytes, memseta.o(.text))
<BR><BR>[Calls]<UL><LI><a href="#[65]">&gt;&gt;</a>&nbsp;&nbsp;&nbsp;__aeabi_memset
</UL>
<BR>[Called By]<UL><LI><a href="#[7a]">&gt;&gt;</a>&nbsp;&nbsp;&nbsp;ANO_DT_Do
<LI><a href="#[40]">&gt;&gt;</a>&nbsp;&nbsp;&nbsp;UART5_IRQHandler
</UL>

<P><STRONG><a name="[a6]"></a>__aeabi_memclr4</STRONG> (Thumb, 0 bytes, Stack size 0 bytes, memseta.o(.text))
<BR><BR>[Called By]<UL><LI><a href="#[88]">&gt;&gt;</a>&nbsp;&nbsp;&nbsp;Flash_SavePID
<LI><a href="#[86]">&gt;&gt;</a>&nbsp;&nbsp;&nbsp;Ctrl_Set_Zoro
<LI><a href="#[c8]">&gt;&gt;</a>&nbsp;&nbsp;&nbsp;Tensile_Init
<LI><a href="#[3f]">&gt;&gt;</a>&nbsp;&nbsp;&nbsp;UART4_IRQHandler
<LI><a href="#[30]">&gt;&gt;</a>&nbsp;&nbsp;&nbsp;USART1_IRQHandler
<LI><a href="#[32]">&gt;&gt;</a>&nbsp;&nbsp;&nbsp;USART3_IRQHandler
</UL>

<P><STRONG><a name="[ed]"></a>__aeabi_memclr8</STRONG> (Thumb, 0 bytes, Stack size 0 bytes, memseta.o(.text), UNUSED)

<P><STRONG><a name="[66]"></a>_memset$wrapper</STRONG> (Thumb, 18 bytes, Stack size 8 bytes, memseta.o(.text), UNUSED)
<BR><BR>[Calls]<UL><LI><a href="#[65]">&gt;&gt;</a>&nbsp;&nbsp;&nbsp;__aeabi_memset
</UL>

<P><STRONG><a name="[67]"></a>__aeabi_dadd</STRONG> (Thumb, 322 bytes, Stack size 48 bytes, dadd.o(.text), UNUSED)
<BR><BR>[Calls]<UL><LI><a href="#[69]">&gt;&gt;</a>&nbsp;&nbsp;&nbsp;__aeabi_lasr
<LI><a href="#[68]">&gt;&gt;</a>&nbsp;&nbsp;&nbsp;__aeabi_llsl
<LI><a href="#[6b]">&gt;&gt;</a>&nbsp;&nbsp;&nbsp;_double_round
<LI><a href="#[6a]">&gt;&gt;</a>&nbsp;&nbsp;&nbsp;_double_epilogue
</UL>
<BR>[Called By]<UL><LI><a href="#[6d]">&gt;&gt;</a>&nbsp;&nbsp;&nbsp;__aeabi_drsub
<LI><a href="#[6c]">&gt;&gt;</a>&nbsp;&nbsp;&nbsp;__aeabi_dsub
<LI><a href="#[db]">&gt;&gt;</a>&nbsp;&nbsp;&nbsp;_fp_digits
</UL>

<P><STRONG><a name="[6c]"></a>__aeabi_dsub</STRONG> (Thumb, 6 bytes, Stack size 0 bytes, dadd.o(.text), UNUSED)
<BR><BR>[Calls]<UL><LI><a href="#[67]">&gt;&gt;</a>&nbsp;&nbsp;&nbsp;__aeabi_dadd
</UL>

<P><STRONG><a name="[6d]"></a>__aeabi_drsub</STRONG> (Thumb, 6 bytes, Stack size 0 bytes, dadd.o(.text), UNUSED)
<BR><BR>[Calls]<UL><LI><a href="#[67]">&gt;&gt;</a>&nbsp;&nbsp;&nbsp;__aeabi_dadd
</UL>

<P><STRONG><a name="[6e]"></a>__aeabi_dmul</STRONG> (Thumb, 228 bytes, Stack size 48 bytes, dmul.o(.text), UNUSED)
<BR><BR>[Calls]<UL><LI><a href="#[6a]">&gt;&gt;</a>&nbsp;&nbsp;&nbsp;_double_epilogue
</UL>
<BR>[Called By]<UL><LI><a href="#[db]">&gt;&gt;</a>&nbsp;&nbsp;&nbsp;_fp_digits
</UL>

<P><STRONG><a name="[6f]"></a>__aeabi_ddiv</STRONG> (Thumb, 222 bytes, Stack size 32 bytes, ddiv.o(.text), UNUSED)
<BR><BR>[Calls]<UL><LI><a href="#[6b]">&gt;&gt;</a>&nbsp;&nbsp;&nbsp;_double_round
</UL>
<BR>[Called By]<UL><LI><a href="#[db]">&gt;&gt;</a>&nbsp;&nbsp;&nbsp;_fp_digits
</UL>

<P><STRONG><a name="[dc]"></a>__aeabi_cdrcmple</STRONG> (Thumb, 48 bytes, Stack size 0 bytes, cdrcmple.o(.text), UNUSED)
<BR><BR>[Called By]<UL><LI><a href="#[db]">&gt;&gt;</a>&nbsp;&nbsp;&nbsp;_fp_digits
</UL>

<P><STRONG><a name="[ee]"></a>__aeabi_uidiv</STRONG> (Thumb, 0 bytes, Stack size 12 bytes, uidiv.o(.text), UNUSED)

<P><STRONG><a name="[df]"></a>__aeabi_uidivmod</STRONG> (Thumb, 44 bytes, Stack size 12 bytes, uidiv.o(.text), UNUSED)
<BR><BR>[Called By]<UL><LI><a href="#[d9]">&gt;&gt;</a>&nbsp;&nbsp;&nbsp;_printf_core
</UL>

<P><STRONG><a name="[70]"></a>__aeabi_uldivmod</STRONG> (Thumb, 98 bytes, Stack size 40 bytes, uldiv.o(.text), UNUSED)
<BR><BR>[Calls]<UL><LI><a href="#[71]">&gt;&gt;</a>&nbsp;&nbsp;&nbsp;__aeabi_llsr
<LI><a href="#[68]">&gt;&gt;</a>&nbsp;&nbsp;&nbsp;__aeabi_llsl
</UL>
<BR>[Called By]<UL><LI><a href="#[d9]">&gt;&gt;</a>&nbsp;&nbsp;&nbsp;_printf_core
<LI><a href="#[db]">&gt;&gt;</a>&nbsp;&nbsp;&nbsp;_fp_digits
</UL>

<P><STRONG><a name="[68]"></a>__aeabi_llsl</STRONG> (Thumb, 30 bytes, Stack size 0 bytes, llshl.o(.text), UNUSED)
<BR><BR>[Called By]<UL><LI><a href="#[67]">&gt;&gt;</a>&nbsp;&nbsp;&nbsp;__aeabi_dadd
<LI><a href="#[70]">&gt;&gt;</a>&nbsp;&nbsp;&nbsp;__aeabi_uldivmod
<LI><a href="#[6a]">&gt;&gt;</a>&nbsp;&nbsp;&nbsp;_double_epilogue
<LI><a href="#[72]">&gt;&gt;</a>&nbsp;&nbsp;&nbsp;__aeabi_d2ulz
</UL>

<P><STRONG><a name="[ef]"></a>_ll_shift_l</STRONG> (Thumb, 0 bytes, Stack size 0 bytes, llshl.o(.text), UNUSED)

<P><STRONG><a name="[69]"></a>__aeabi_lasr</STRONG> (Thumb, 36 bytes, Stack size 0 bytes, llsshr.o(.text), UNUSED)
<BR><BR>[Called By]<UL><LI><a href="#[67]">&gt;&gt;</a>&nbsp;&nbsp;&nbsp;__aeabi_dadd
</UL>

<P><STRONG><a name="[f0]"></a>_ll_sshift_r</STRONG> (Thumb, 0 bytes, Stack size 0 bytes, llsshr.o(.text), UNUSED)

<P><STRONG><a name="[f1]"></a>__I$use$fp</STRONG> (Thumb, 0 bytes, Stack size 8 bytes, iusefp.o(.text), UNUSED)

<P><STRONG><a name="[6b]"></a>_double_round</STRONG> (Thumb, 30 bytes, Stack size 8 bytes, depilogue.o(.text), UNUSED)
<BR><BR>[Called By]<UL><LI><a href="#[67]">&gt;&gt;</a>&nbsp;&nbsp;&nbsp;__aeabi_dadd
<LI><a href="#[6f]">&gt;&gt;</a>&nbsp;&nbsp;&nbsp;__aeabi_ddiv
<LI><a href="#[6a]">&gt;&gt;</a>&nbsp;&nbsp;&nbsp;_double_epilogue
</UL>

<P><STRONG><a name="[6a]"></a>_double_epilogue</STRONG> (Thumb, 156 bytes, Stack size 32 bytes, depilogue.o(.text), UNUSED)
<BR><BR>[Calls]<UL><LI><a href="#[71]">&gt;&gt;</a>&nbsp;&nbsp;&nbsp;__aeabi_llsr
<LI><a href="#[68]">&gt;&gt;</a>&nbsp;&nbsp;&nbsp;__aeabi_llsl
<LI><a href="#[6b]">&gt;&gt;</a>&nbsp;&nbsp;&nbsp;_double_round
</UL>
<BR>[Called By]<UL><LI><a href="#[6e]">&gt;&gt;</a>&nbsp;&nbsp;&nbsp;__aeabi_dmul
<LI><a href="#[67]">&gt;&gt;</a>&nbsp;&nbsp;&nbsp;__aeabi_dadd
</UL>

<P><STRONG><a name="[72]"></a>__aeabi_d2ulz</STRONG> (Thumb, 48 bytes, Stack size 0 bytes, dfixul.o(.text), UNUSED)
<BR><BR>[Calls]<UL><LI><a href="#[71]">&gt;&gt;</a>&nbsp;&nbsp;&nbsp;__aeabi_llsr
<LI><a href="#[68]">&gt;&gt;</a>&nbsp;&nbsp;&nbsp;__aeabi_llsl
</UL>
<BR>[Called By]<UL><LI><a href="#[db]">&gt;&gt;</a>&nbsp;&nbsp;&nbsp;_fp_digits
</UL>

<P><STRONG><a name="[63]"></a>__scatterload</STRONG> (Thumb, 28 bytes, Stack size 0 bytes, init.o(.text))
<BR><BR>[Calls]<UL><LI><a href="#[73]">&gt;&gt;</a>&nbsp;&nbsp;&nbsp;__main_after_scatterload
</UL>
<BR>[Called By]<UL><LI><a href="#[62]">&gt;&gt;</a>&nbsp;&nbsp;&nbsp;_main_scatterload
</UL>

<P><STRONG><a name="[f2]"></a>__scatterload_rt2</STRONG> (Thumb, 0 bytes, Stack size 0 bytes, init.o(.text), UNUSED)

<P><STRONG><a name="[71]"></a>__aeabi_llsr</STRONG> (Thumb, 32 bytes, Stack size 0 bytes, llushr.o(.text), UNUSED)
<BR><BR>[Called By]<UL><LI><a href="#[70]">&gt;&gt;</a>&nbsp;&nbsp;&nbsp;__aeabi_uldivmod
<LI><a href="#[6a]">&gt;&gt;</a>&nbsp;&nbsp;&nbsp;_double_epilogue
<LI><a href="#[72]">&gt;&gt;</a>&nbsp;&nbsp;&nbsp;__aeabi_d2ulz
</UL>

<P><STRONG><a name="[f3]"></a>__semihosting_library_function</STRONG> (Thumb, 0 bytes, Stack size 0 bytes, semi.o(.text), UNUSED)

<P><STRONG><a name="[f4]"></a>_ll_ushift_r</STRONG> (Thumb, 0 bytes, Stack size 0 bytes, llushr.o(.text), UNUSED)

<P><STRONG><a name="[85]"></a>ADC_Cmd</STRONG> (Thumb, 22 bytes, Stack size 0 bytes, stm32f4xx_adc.o(i.ADC_Cmd))
<BR><BR>[Called By]<UL><LI><a href="#[7e]">&gt;&gt;</a>&nbsp;&nbsp;&nbsp;Adc_Init
</UL>

<P><STRONG><a name="[f5]"></a>__I$use$semihosting$fputc</STRONG> (Thumb, 0 bytes, Stack size 0 bytes, iusesemip.o(.text), UNUSED)

<P><STRONG><a name="[83]"></a>ADC_CommonInit</STRONG> (Thumb, 34 bytes, Stack size 0 bytes, stm32f4xx_adc.o(i.ADC_CommonInit))
<BR><BR>[Called By]<UL><LI><a href="#[7e]">&gt;&gt;</a>&nbsp;&nbsp;&nbsp;Adc_Init
</UL>

<P><STRONG><a name="[84]"></a>ADC_Init</STRONG> (Thumb, 74 bytes, Stack size 12 bytes, stm32f4xx_adc.o(i.ADC_Init))
<BR><BR>[Stack]<UL><LI>Max Depth = 12<LI>Call Chain = ADC_Init
</UL>
<BR>[Called By]<UL><LI><a href="#[7e]">&gt;&gt;</a>&nbsp;&nbsp;&nbsp;Adc_Init
</UL>

<P><STRONG><a name="[7a]"></a>ANO_DT_Do</STRONG> (Thumb, 42 bytes, Stack size 8 bytes, ano_dt.o(i.ANO_DT_Do))
<BR><BR>[Stack]<UL><LI>Max Depth = 332<LI>Call Chain = ANO_DT_Do &rArr; ANO_DT_Data_Receive_Anl &rArr; Argument_Init &rArr; Flash_SavePID &rArr; STMFLASH_Write &rArr; STMFLASH_WriteWord &rArr; STMFLASH_WaitDone &rArr; delay_us
</UL>
<BR>[Calls]<UL><LI><a href="#[76]">&gt;&gt;</a>&nbsp;&nbsp;&nbsp;ANO_DT_Data_Receive_Anl
<LI><a href="#[64]">&gt;&gt;</a>&nbsp;&nbsp;&nbsp;__aeabi_memclr
</UL>
<BR>[Called By]<UL><LI><a href="#[cd]">&gt;&gt;</a>&nbsp;&nbsp;&nbsp;Task_Loop
</UL>

<P><STRONG><a name="[7d]"></a>ANO_DT_Send_Senser</STRONG> (Thumb, 374 bytes, Stack size 40 bytes, ano_dt.o(i.ANO_DT_Send_Senser))
<BR><BR>[Stack]<UL><LI>Max Depth = 72<LI>Call Chain = ANO_DT_Send_Senser &rArr; ANO_DT_Send_Data &rArr; u3_putbuff
</UL>
<BR>[Calls]<UL><LI><a href="#[7b]">&gt;&gt;</a>&nbsp;&nbsp;&nbsp;ANO_DT_Send_Data
</UL>
<BR>[Called By]<UL><LI><a href="#[cd]">&gt;&gt;</a>&nbsp;&nbsp;&nbsp;Task_Loop
</UL>

<P><STRONG><a name="[7e]"></a>Adc_Init</STRONG> (Thumb, 124 bytes, Stack size 56 bytes, adc.o(i.Adc_Init))
<BR><BR>[Stack]<UL><LI>Max Depth = 76<LI>Call Chain = Adc_Init &rArr; GPIO_Init
</UL>
<BR>[Calls]<UL><LI><a href="#[80]">&gt;&gt;</a>&nbsp;&nbsp;&nbsp;RCC_APB2PeriphClockCmd
<LI><a href="#[7f]">&gt;&gt;</a>&nbsp;&nbsp;&nbsp;RCC_AHB1PeriphClockCmd
<LI><a href="#[81]">&gt;&gt;</a>&nbsp;&nbsp;&nbsp;GPIO_Init
<LI><a href="#[82]">&gt;&gt;</a>&nbsp;&nbsp;&nbsp;RCC_APB2PeriphResetCmd
<LI><a href="#[84]">&gt;&gt;</a>&nbsp;&nbsp;&nbsp;ADC_Init
<LI><a href="#[83]">&gt;&gt;</a>&nbsp;&nbsp;&nbsp;ADC_CommonInit
<LI><a href="#[85]">&gt;&gt;</a>&nbsp;&nbsp;&nbsp;ADC_Cmd
</UL>
<BR>[Called By]<UL><LI><a href="#[8a]">&gt;&gt;</a>&nbsp;&nbsp;&nbsp;BSP_Init
</UL>

<P><STRONG><a name="[77]"></a>Argument_Init</STRONG> (Thumb, 16 bytes, Stack size 8 bytes, ano_dt.o(i.Argument_Init))
<BR><BR>[Stack]<UL><LI>Max Depth = 308<LI>Call Chain = Argument_Init &rArr; Flash_SavePID &rArr; STMFLASH_Write &rArr; STMFLASH_WriteWord &rArr; STMFLASH_WaitDone &rArr; delay_us
</UL>
<BR>[Calls]<UL><LI><a href="#[88]">&gt;&gt;</a>&nbsp;&nbsp;&nbsp;Flash_SavePID
<LI><a href="#[86]">&gt;&gt;</a>&nbsp;&nbsp;&nbsp;Ctrl_Set_Zoro
<LI><a href="#[87]">&gt;&gt;</a>&nbsp;&nbsp;&nbsp;Argument_To_Ctrl
</UL>
<BR>[Called By]<UL><LI><a href="#[76]">&gt;&gt;</a>&nbsp;&nbsp;&nbsp;ANO_DT_Data_Receive_Anl
</UL>

<P><STRONG><a name="[8a]"></a>BSP_Init</STRONG> (Thumb, 122 bytes, Stack size 32 bytes, my_bsp.o(i.BSP_Init))
<BR><BR>[Stack]<UL><LI>Max Depth = 140<LI>Call Chain = BSP_Init &rArr; usart5_init &rArr; USART_Init &rArr; RCC_GetClocksFreq
</UL>
<BR>[Calls]<UL><LI><a href="#[95]">&gt;&gt;</a>&nbsp;&nbsp;&nbsp;ESCON_PWM_Set
<LI><a href="#[9b]">&gt;&gt;</a>&nbsp;&nbsp;&nbsp;delay_ms
<LI><a href="#[90]">&gt;&gt;</a>&nbsp;&nbsp;&nbsp;LED_ALL_ON
<LI><a href="#[9d]">&gt;&gt;</a>&nbsp;&nbsp;&nbsp;LED_ALL_OFF
<LI><a href="#[9c]">&gt;&gt;</a>&nbsp;&nbsp;&nbsp;Beep_Play
<LI><a href="#[9a]">&gt;&gt;</a>&nbsp;&nbsp;&nbsp;usart5_init
<LI><a href="#[98]">&gt;&gt;</a>&nbsp;&nbsp;&nbsp;usart3_init
<LI><a href="#[97]">&gt;&gt;</a>&nbsp;&nbsp;&nbsp;usart2_init
<LI><a href="#[96]">&gt;&gt;</a>&nbsp;&nbsp;&nbsp;usart1_init
<LI><a href="#[99]">&gt;&gt;</a>&nbsp;&nbsp;&nbsp;uart4_init
<LI><a href="#[8d]">&gt;&gt;</a>&nbsp;&nbsp;&nbsp;System_Tiem_Clear
<LI><a href="#[8e]">&gt;&gt;</a>&nbsp;&nbsp;&nbsp;SysTick_Init
<LI><a href="#[8c]">&gt;&gt;</a>&nbsp;&nbsp;&nbsp;RCC_GetClocksFreq
<LI><a href="#[92]">&gt;&gt;</a>&nbsp;&nbsp;&nbsp;OLED_Init
<LI><a href="#[8b]">&gt;&gt;</a>&nbsp;&nbsp;&nbsp;NVIC_PriorityGroupConfig
<LI><a href="#[8f]">&gt;&gt;</a>&nbsp;&nbsp;&nbsp;LED_Init
<LI><a href="#[93]">&gt;&gt;</a>&nbsp;&nbsp;&nbsp;KEY_Init
<LI><a href="#[94]">&gt;&gt;</a>&nbsp;&nbsp;&nbsp;ESCON_Init
<LI><a href="#[91]">&gt;&gt;</a>&nbsp;&nbsp;&nbsp;Beep_Init
<LI><a href="#[7e]">&gt;&gt;</a>&nbsp;&nbsp;&nbsp;Adc_Init
</UL>
<BR>[Called By]<UL><LI><a href="#[c7]">&gt;&gt;</a>&nbsp;&nbsp;&nbsp;System_Init
</UL>

<P><STRONG><a name="[91]"></a>Beep_Init</STRONG> (Thumb, 150 bytes, Stack size 48 bytes, beep.o(i.Beep_Init))
<BR><BR>[Stack]<UL><LI>Max Depth = 68<LI>Call Chain = Beep_Init &rArr; GPIO_PinAFConfig
</UL>
<BR>[Calls]<UL><LI><a href="#[9f]">&gt;&gt;</a>&nbsp;&nbsp;&nbsp;TIM_TimeBaseInit
<LI><a href="#[a1]">&gt;&gt;</a>&nbsp;&nbsp;&nbsp;TIM_OC1PreloadConfig
<LI><a href="#[a0]">&gt;&gt;</a>&nbsp;&nbsp;&nbsp;TIM_OC1Init
<LI><a href="#[a2]">&gt;&gt;</a>&nbsp;&nbsp;&nbsp;TIM_CtrlPWMOutputs
<LI><a href="#[a3]">&gt;&gt;</a>&nbsp;&nbsp;&nbsp;TIM_Cmd
<LI><a href="#[80]">&gt;&gt;</a>&nbsp;&nbsp;&nbsp;RCC_APB2PeriphClockCmd
<LI><a href="#[7f]">&gt;&gt;</a>&nbsp;&nbsp;&nbsp;RCC_AHB1PeriphClockCmd
<LI><a href="#[9e]">&gt;&gt;</a>&nbsp;&nbsp;&nbsp;GPIO_PinAFConfig
<LI><a href="#[81]">&gt;&gt;</a>&nbsp;&nbsp;&nbsp;GPIO_Init
</UL>
<BR>[Called By]<UL><LI><a href="#[8a]">&gt;&gt;</a>&nbsp;&nbsp;&nbsp;BSP_Init
</UL>

<P><STRONG><a name="[9c]"></a>Beep_Play</STRONG> (Thumb, 26 bytes, Stack size 8 bytes, beep.o(i.Beep_Play))
<BR><BR>[Stack]<UL><LI>Max Depth = 32<LI>Call Chain = Beep_Play &rArr; delay_ms &rArr; delay_us
</UL>
<BR>[Calls]<UL><LI><a href="#[9b]">&gt;&gt;</a>&nbsp;&nbsp;&nbsp;delay_ms
</UL>
<BR>[Called By]<UL><LI><a href="#[ca]">&gt;&gt;</a>&nbsp;&nbsp;&nbsp;Task_10ms
<LI><a href="#[8a]">&gt;&gt;</a>&nbsp;&nbsp;&nbsp;BSP_Init
</UL>

<P><STRONG><a name="[5]"></a>BusFault_Handler</STRONG> (Thumb, 4 bytes, Stack size 0 bytes, stm32f4xx_it.o(i.BusFault_Handler))
<BR>[Address Reference Count : 1]<UL><LI> startup_stm32f40_41xxx.o(RESET)
</UL>
<P><STRONG><a name="[a4]"></a>Control_Preparing</STRONG> (Thumb, 10 bytes, Stack size 8 bytes, control.o(i.Control_Preparing))
<BR><BR>[Stack]<UL><LI>Max Depth = 8<LI>Call Chain = Control_Preparing
</UL>
<BR>[Calls]<UL><LI><a href="#[95]">&gt;&gt;</a>&nbsp;&nbsp;&nbsp;ESCON_PWM_Set
</UL>
<BR>[Called By]<UL><LI><a href="#[ca]">&gt;&gt;</a>&nbsp;&nbsp;&nbsp;Task_10ms
</UL>

<P><STRONG><a name="[a5]"></a>Control_Stop</STRONG> (Thumb, 10 bytes, Stack size 8 bytes, control.o(i.Control_Stop))
<BR><BR>[Stack]<UL><LI>Max Depth = 8<LI>Call Chain = Control_Stop
</UL>
<BR>[Calls]<UL><LI><a href="#[95]">&gt;&gt;</a>&nbsp;&nbsp;&nbsp;ESCON_PWM_Set
</UL>
<BR>[Called By]<UL><LI><a href="#[ca]">&gt;&gt;</a>&nbsp;&nbsp;&nbsp;Task_10ms
</UL>

<P><STRONG><a name="[cc]"></a>Control_Strength</STRONG> (Thumb, 2 bytes, Stack size 0 bytes, control.o(i.Control_Strength))
<BR><BR>[Called By]<UL><LI><a href="#[ca]">&gt;&gt;</a>&nbsp;&nbsp;&nbsp;Task_10ms
</UL>

<P><STRONG><a name="[cb]"></a>Control_Velocity</STRONG> (Thumb, 2 bytes, Stack size 0 bytes, control.o(i.Control_Velocity))
<BR><BR>[Called By]<UL><LI><a href="#[ca]">&gt;&gt;</a>&nbsp;&nbsp;&nbsp;Task_10ms
</UL>

<P><STRONG><a name="[a7]"></a>Cycle_Time_Init</STRONG> (Thumb, 22 bytes, Stack size 8 bytes, time.o(i.Cycle_Time_Init))
<BR><BR>[Stack]<UL><LI>Max Depth = 16<LI>Call Chain = Cycle_Time_Init &rArr; Get_Cycle_T
</UL>
<BR>[Calls]<UL><LI><a href="#[a8]">&gt;&gt;</a>&nbsp;&nbsp;&nbsp;Get_Cycle_T
</UL>
<BR>[Called By]<UL><LI><a href="#[c7]">&gt;&gt;</a>&nbsp;&nbsp;&nbsp;System_Init
</UL>

<P><STRONG><a name="[8]"></a>DebugMon_Handler</STRONG> (Thumb, 2 bytes, Stack size 0 bytes, stm32f4xx_it.o(i.DebugMon_Handler))
<BR>[Address Reference Count : 1]<UL><LI> startup_stm32f40_41xxx.o(RESET)
</UL>
<P><STRONG><a name="[a9]"></a>Display_Error</STRONG> (Thumb, 18 bytes, Stack size 8 bytes, display.o(i.Display_Error))
<BR><BR>[Stack]<UL><LI>Max Depth = 84<LI>Call Chain = Display_Error &rArr; OLED_ShowString &rArr; OLED_ShowChar &rArr; OLED_DrawPoint
</UL>
<BR>[Calls]<UL><LI><a href="#[aa]">&gt;&gt;</a>&nbsp;&nbsp;&nbsp;OLED_ShowString
<LI><a href="#[ab]">&gt;&gt;</a>&nbsp;&nbsp;&nbsp;OLED_Refresh_Gram
</UL>
<BR>[Called By]<UL><LI><a href="#[3]">&gt;&gt;</a>&nbsp;&nbsp;&nbsp;HardFault_Handler
</UL>

<P><STRONG><a name="[af]"></a>ESCON_EN</STRONG> (Thumb, 18 bytes, Stack size 0 bytes, escon.o(i.ESCON_EN))
<BR><BR>[Called By]<UL><LI><a href="#[ca]">&gt;&gt;</a>&nbsp;&nbsp;&nbsp;Task_10ms
<LI><a href="#[94]">&gt;&gt;</a>&nbsp;&nbsp;&nbsp;ESCON_Init
</UL>

<P><STRONG><a name="[94]"></a>ESCON_Init</STRONG> (Thumb, 206 bytes, Stack size 48 bytes, escon.o(i.ESCON_Init))
<BR><BR>[Stack]<UL><LI>Max Depth = 68<LI>Call Chain = ESCON_Init &rArr; GPIO_PinAFConfig
</UL>
<BR>[Calls]<UL><LI><a href="#[af]">&gt;&gt;</a>&nbsp;&nbsp;&nbsp;ESCON_EN
<LI><a href="#[9f]">&gt;&gt;</a>&nbsp;&nbsp;&nbsp;TIM_TimeBaseInit
<LI><a href="#[a3]">&gt;&gt;</a>&nbsp;&nbsp;&nbsp;TIM_Cmd
<LI><a href="#[7f]">&gt;&gt;</a>&nbsp;&nbsp;&nbsp;RCC_AHB1PeriphClockCmd
<LI><a href="#[9e]">&gt;&gt;</a>&nbsp;&nbsp;&nbsp;GPIO_PinAFConfig
<LI><a href="#[81]">&gt;&gt;</a>&nbsp;&nbsp;&nbsp;GPIO_Init
<LI><a href="#[ac]">&gt;&gt;</a>&nbsp;&nbsp;&nbsp;RCC_APB1PeriphClockCmd
<LI><a href="#[ae]">&gt;&gt;</a>&nbsp;&nbsp;&nbsp;TIM_OC2PreloadConfig
<LI><a href="#[ad]">&gt;&gt;</a>&nbsp;&nbsp;&nbsp;TIM_OC2Init
</UL>
<BR>[Called By]<UL><LI><a href="#[8a]">&gt;&gt;</a>&nbsp;&nbsp;&nbsp;BSP_Init
</UL>

<P><STRONG><a name="[95]"></a>ESCON_PWM_Set</STRONG> (Thumb, 74 bytes, Stack size 0 bytes, escon.o(i.ESCON_PWM_Set))
<BR><BR>[Called By]<UL><LI><a href="#[a5]">&gt;&gt;</a>&nbsp;&nbsp;&nbsp;Control_Stop
<LI><a href="#[a4]">&gt;&gt;</a>&nbsp;&nbsp;&nbsp;Control_Preparing
<LI><a href="#[8a]">&gt;&gt;</a>&nbsp;&nbsp;&nbsp;BSP_Init
</UL>

<P><STRONG><a name="[81]"></a>GPIO_Init</STRONG> (Thumb, 144 bytes, Stack size 20 bytes, stm32f4xx_gpio.o(i.GPIO_Init))
<BR><BR>[Stack]<UL><LI>Max Depth = 20<LI>Call Chain = GPIO_Init
</UL>
<BR>[Called By]<UL><LI><a href="#[9a]">&gt;&gt;</a>&nbsp;&nbsp;&nbsp;usart5_init
<LI><a href="#[98]">&gt;&gt;</a>&nbsp;&nbsp;&nbsp;usart3_init
<LI><a href="#[97]">&gt;&gt;</a>&nbsp;&nbsp;&nbsp;usart2_init
<LI><a href="#[96]">&gt;&gt;</a>&nbsp;&nbsp;&nbsp;usart1_init
<LI><a href="#[99]">&gt;&gt;</a>&nbsp;&nbsp;&nbsp;uart4_init
<LI><a href="#[92]">&gt;&gt;</a>&nbsp;&nbsp;&nbsp;OLED_Init
<LI><a href="#[8f]">&gt;&gt;</a>&nbsp;&nbsp;&nbsp;LED_Init
<LI><a href="#[93]">&gt;&gt;</a>&nbsp;&nbsp;&nbsp;KEY_Init
<LI><a href="#[94]">&gt;&gt;</a>&nbsp;&nbsp;&nbsp;ESCON_Init
<LI><a href="#[91]">&gt;&gt;</a>&nbsp;&nbsp;&nbsp;Beep_Init
<LI><a href="#[7e]">&gt;&gt;</a>&nbsp;&nbsp;&nbsp;Adc_Init
</UL>

<P><STRONG><a name="[9e]"></a>GPIO_PinAFConfig</STRONG> (Thumb, 70 bytes, Stack size 20 bytes, stm32f4xx_gpio.o(i.GPIO_PinAFConfig))
<BR><BR>[Stack]<UL><LI>Max Depth = 20<LI>Call Chain = GPIO_PinAFConfig
</UL>
<BR>[Called By]<UL><LI><a href="#[9a]">&gt;&gt;</a>&nbsp;&nbsp;&nbsp;usart5_init
<LI><a href="#[98]">&gt;&gt;</a>&nbsp;&nbsp;&nbsp;usart3_init
<LI><a href="#[97]">&gt;&gt;</a>&nbsp;&nbsp;&nbsp;usart2_init
<LI><a href="#[96]">&gt;&gt;</a>&nbsp;&nbsp;&nbsp;usart1_init
<LI><a href="#[99]">&gt;&gt;</a>&nbsp;&nbsp;&nbsp;uart4_init
<LI><a href="#[94]">&gt;&gt;</a>&nbsp;&nbsp;&nbsp;ESCON_Init
<LI><a href="#[91]">&gt;&gt;</a>&nbsp;&nbsp;&nbsp;Beep_Init
</UL>

<P><STRONG><a name="[b1]"></a>GetSysTime_us</STRONG> (Thumb, 48 bytes, Stack size 0 bytes, systick.o(i.GetSysTime_us))
<BR><BR>[Called By]<UL><LI><a href="#[a8]">&gt;&gt;</a>&nbsp;&nbsp;&nbsp;Get_Cycle_T
<LI><a href="#[bd]">&gt;&gt;</a>&nbsp;&nbsp;&nbsp;delay_us
</UL>

<P><STRONG><a name="[a8]"></a>Get_Cycle_T</STRONG> (Thumb, 118 bytes, Stack size 8 bytes, time.o(i.Get_Cycle_T))
<BR><BR>[Stack]<UL><LI>Max Depth = 8<LI>Call Chain = Get_Cycle_T
</UL>
<BR>[Calls]<UL><LI><a href="#[b1]">&gt;&gt;</a>&nbsp;&nbsp;&nbsp;GetSysTime_us
</UL>
<BR>[Called By]<UL><LI><a href="#[a7]">&gt;&gt;</a>&nbsp;&nbsp;&nbsp;Cycle_Time_Init
</UL>

<P><STRONG><a name="[ce]"></a>HMI_Data_Handle</STRONG> (Thumb, 100 bytes, Stack size 0 bytes, hmi.o(i.HMI_Data_Handle))
<BR><BR>[Called By]<UL><LI><a href="#[cd]">&gt;&gt;</a>&nbsp;&nbsp;&nbsp;Task_Loop
</UL>

<P><STRONG><a name="[3]"></a>HardFault_Handler</STRONG> (Thumb, 44 bytes, Stack size 0 bytes, stm32f4xx_it.o(i.HardFault_Handler))
<BR><BR>[Stack]<UL><LI>Max Depth = 84<LI>Call Chain = HardFault_Handler &rArr; Display_Error &rArr; OLED_ShowString &rArr; OLED_ShowChar &rArr; OLED_DrawPoint
</UL>
<BR>[Calls]<UL><LI><a href="#[9b]">&gt;&gt;</a>&nbsp;&nbsp;&nbsp;delay_ms
<LI><a href="#[b3]">&gt;&gt;</a>&nbsp;&nbsp;&nbsp;LED_ON
<LI><a href="#[a9]">&gt;&gt;</a>&nbsp;&nbsp;&nbsp;Display_Error
<LI><a href="#[b2]">&gt;&gt;</a>&nbsp;&nbsp;&nbsp;__2printf
</UL>
<BR>[Address Reference Count : 1]<UL><LI> startup_stm32f40_41xxx.o(RESET)
</UL>
<P><STRONG><a name="[93]"></a>KEY_Init</STRONG> (Thumb, 56 bytes, Stack size 16 bytes, key.o(i.KEY_Init))
<BR><BR>[Stack]<UL><LI>Max Depth = 36<LI>Call Chain = KEY_Init &rArr; GPIO_Init
</UL>
<BR>[Calls]<UL><LI><a href="#[7f]">&gt;&gt;</a>&nbsp;&nbsp;&nbsp;RCC_AHB1PeriphClockCmd
<LI><a href="#[81]">&gt;&gt;</a>&nbsp;&nbsp;&nbsp;GPIO_Init
</UL>
<BR>[Called By]<UL><LI><a href="#[8a]">&gt;&gt;</a>&nbsp;&nbsp;&nbsp;BSP_Init
</UL>

<P><STRONG><a name="[cf]"></a>KEY_Scan</STRONG> (Thumb, 128 bytes, Stack size 0 bytes, key.o(i.KEY_Scan))
<BR><BR>[Called By]<UL><LI><a href="#[cd]">&gt;&gt;</a>&nbsp;&nbsp;&nbsp;Task_Loop
</UL>

<P><STRONG><a name="[9d]"></a>LED_ALL_OFF</STRONG> (Thumb, 54 bytes, Stack size 0 bytes, led.o(i.LED_ALL_OFF))
<BR><BR>[Called By]<UL><LI><a href="#[ca]">&gt;&gt;</a>&nbsp;&nbsp;&nbsp;Task_10ms
<LI><a href="#[8a]">&gt;&gt;</a>&nbsp;&nbsp;&nbsp;BSP_Init
</UL>

<P><STRONG><a name="[90]"></a>LED_ALL_ON</STRONG> (Thumb, 54 bytes, Stack size 0 bytes, led.o(i.LED_ALL_ON))
<BR><BR>[Called By]<UL><LI><a href="#[ca]">&gt;&gt;</a>&nbsp;&nbsp;&nbsp;Task_10ms
<LI><a href="#[8a]">&gt;&gt;</a>&nbsp;&nbsp;&nbsp;BSP_Init
</UL>

<P><STRONG><a name="[b4]"></a>LED_Blink</STRONG> (Thumb, 48 bytes, Stack size 4 bytes, led.o(i.LED_Blink))
<BR><BR>[Stack]<UL><LI>Max Depth = 4<LI>Call Chain = LED_Blink
</UL>
<BR>[Calls]<UL><LI><a href="#[b3]">&gt;&gt;</a>&nbsp;&nbsp;&nbsp;LED_ON
<LI><a href="#[b5]">&gt;&gt;</a>&nbsp;&nbsp;&nbsp;LED_OFF
</UL>
<BR>[Called By]<UL><LI><a href="#[cd]">&gt;&gt;</a>&nbsp;&nbsp;&nbsp;Task_Loop
</UL>

<P><STRONG><a name="[8f]"></a>LED_Init</STRONG> (Thumb, 70 bytes, Stack size 16 bytes, led.o(i.LED_Init))
<BR><BR>[Stack]<UL><LI>Max Depth = 36<LI>Call Chain = LED_Init &rArr; GPIO_Init
</UL>
<BR>[Calls]<UL><LI><a href="#[7f]">&gt;&gt;</a>&nbsp;&nbsp;&nbsp;RCC_AHB1PeriphClockCmd
<LI><a href="#[81]">&gt;&gt;</a>&nbsp;&nbsp;&nbsp;GPIO_Init
</UL>
<BR>[Called By]<UL><LI><a href="#[8a]">&gt;&gt;</a>&nbsp;&nbsp;&nbsp;BSP_Init
</UL>

<P><STRONG><a name="[b5]"></a>LED_OFF</STRONG> (Thumb, 64 bytes, Stack size 0 bytes, led.o(i.LED_OFF))
<BR><BR>[Called By]<UL><LI><a href="#[b4]">&gt;&gt;</a>&nbsp;&nbsp;&nbsp;LED_Blink
</UL>

<P><STRONG><a name="[b3]"></a>LED_ON</STRONG> (Thumb, 64 bytes, Stack size 0 bytes, led.o(i.LED_ON))
<BR><BR>[Called By]<UL><LI><a href="#[b4]">&gt;&gt;</a>&nbsp;&nbsp;&nbsp;LED_Blink
<LI><a href="#[3]">&gt;&gt;</a>&nbsp;&nbsp;&nbsp;HardFault_Handler
</UL>

<P><STRONG><a name="[d0]"></a>LED_SWITCH</STRONG> (Thumb, 134 bytes, Stack size 0 bytes, led.o(i.LED_SWITCH))
<BR><BR>[Called By]<UL><LI><a href="#[cd]">&gt;&gt;</a>&nbsp;&nbsp;&nbsp;Task_Loop
</UL>

<P><STRONG><a name="[c3]"></a>Loop_Time_Check</STRONG> (Thumb, 72 bytes, Stack size 0 bytes, task_loop.o(i.Loop_Time_Check))
<BR><BR>[Called By]<UL><LI><a href="#[a]">&gt;&gt;</a>&nbsp;&nbsp;&nbsp;SysTick_Handler
</UL>

<P><STRONG><a name="[c9]"></a>Loop_Time_Clear</STRONG> (Thumb, 10 bytes, Stack size 0 bytes, task_loop.o(i.Loop_Time_Clear))
<BR><BR>[Called By]<UL><LI><a href="#[c7]">&gt;&gt;</a>&nbsp;&nbsp;&nbsp;System_Init
</UL>

<P><STRONG><a name="[4]"></a>MemManage_Handler</STRONG> (Thumb, 4 bytes, Stack size 0 bytes, stm32f4xx_it.o(i.MemManage_Handler))
<BR>[Address Reference Count : 1]<UL><LI> startup_stm32f40_41xxx.o(RESET)
</UL>
<P><STRONG><a name="[2]"></a>NMI_Handler</STRONG> (Thumb, 2 bytes, Stack size 0 bytes, stm32f4xx_it.o(i.NMI_Handler))
<BR>[Address Reference Count : 1]<UL><LI> startup_stm32f40_41xxx.o(RESET)
</UL>
<P><STRONG><a name="[e3]"></a>NVIC_Init</STRONG> (Thumb, 106 bytes, Stack size 16 bytes, misc.o(i.NVIC_Init))
<BR><BR>[Stack]<UL><LI>Max Depth = 16<LI>Call Chain = NVIC_Init
</UL>
<BR>[Called By]<UL><LI><a href="#[9a]">&gt;&gt;</a>&nbsp;&nbsp;&nbsp;usart5_init
<LI><a href="#[98]">&gt;&gt;</a>&nbsp;&nbsp;&nbsp;usart3_init
<LI><a href="#[97]">&gt;&gt;</a>&nbsp;&nbsp;&nbsp;usart2_init
<LI><a href="#[96]">&gt;&gt;</a>&nbsp;&nbsp;&nbsp;usart1_init
<LI><a href="#[99]">&gt;&gt;</a>&nbsp;&nbsp;&nbsp;uart4_init
</UL>

<P><STRONG><a name="[8b]"></a>NVIC_PriorityGroupConfig</STRONG> (Thumb, 10 bytes, Stack size 0 bytes, misc.o(i.NVIC_PriorityGroupConfig))
<BR><BR>[Called By]<UL><LI><a href="#[8a]">&gt;&gt;</a>&nbsp;&nbsp;&nbsp;BSP_Init
</UL>

<P><STRONG><a name="[b6]"></a>OLED_Clear</STRONG> (Thumb, 42 bytes, Stack size 12 bytes, oled.o(i.OLED_Clear))
<BR><BR>[Stack]<UL><LI>Max Depth = 32<LI>Call Chain = OLED_Clear &rArr; OLED_Refresh_Gram &rArr; OLED_WR_Byte
</UL>
<BR>[Calls]<UL><LI><a href="#[ab]">&gt;&gt;</a>&nbsp;&nbsp;&nbsp;OLED_Refresh_Gram
</UL>
<BR>[Called By]<UL><LI><a href="#[92]">&gt;&gt;</a>&nbsp;&nbsp;&nbsp;OLED_Init
<LI><a href="#[aa]">&gt;&gt;</a>&nbsp;&nbsp;&nbsp;OLED_ShowString
</UL>

<P><STRONG><a name="[b9]"></a>OLED_DrawPoint</STRONG> (Thumb, 100 bytes, Stack size 20 bytes, oled.o(i.OLED_DrawPoint))
<BR><BR>[Stack]<UL><LI>Max Depth = 20<LI>Call Chain = OLED_DrawPoint
</UL>
<BR>[Called By]<UL><LI><a href="#[b8]">&gt;&gt;</a>&nbsp;&nbsp;&nbsp;OLED_ShowChar
</UL>

<P><STRONG><a name="[92]"></a>OLED_Init</STRONG> (Thumb, 292 bytes, Stack size 16 bytes, oled.o(i.OLED_Init))
<BR><BR>[Stack]<UL><LI>Max Depth = 48<LI>Call Chain = OLED_Init &rArr; OLED_Clear &rArr; OLED_Refresh_Gram &rArr; OLED_WR_Byte
</UL>
<BR>[Calls]<UL><LI><a href="#[9b]">&gt;&gt;</a>&nbsp;&nbsp;&nbsp;delay_ms
<LI><a href="#[7f]">&gt;&gt;</a>&nbsp;&nbsp;&nbsp;RCC_AHB1PeriphClockCmd
<LI><a href="#[81]">&gt;&gt;</a>&nbsp;&nbsp;&nbsp;GPIO_Init
<LI><a href="#[b7]">&gt;&gt;</a>&nbsp;&nbsp;&nbsp;OLED_WR_Byte
<LI><a href="#[b6]">&gt;&gt;</a>&nbsp;&nbsp;&nbsp;OLED_Clear
</UL>
<BR>[Called By]<UL><LI><a href="#[8a]">&gt;&gt;</a>&nbsp;&nbsp;&nbsp;BSP_Init
</UL>

<P><STRONG><a name="[ab]"></a>OLED_Refresh_Gram</STRONG> (Thumb, 70 bytes, Stack size 12 bytes, oled.o(i.OLED_Refresh_Gram))
<BR><BR>[Stack]<UL><LI>Max Depth = 20<LI>Call Chain = OLED_Refresh_Gram &rArr; OLED_WR_Byte
</UL>
<BR>[Calls]<UL><LI><a href="#[b7]">&gt;&gt;</a>&nbsp;&nbsp;&nbsp;OLED_WR_Byte
</UL>
<BR>[Called By]<UL><LI><a href="#[a9]">&gt;&gt;</a>&nbsp;&nbsp;&nbsp;Display_Error
<LI><a href="#[b6]">&gt;&gt;</a>&nbsp;&nbsp;&nbsp;OLED_Clear
</UL>

<P><STRONG><a name="[b8]"></a>OLED_ShowChar</STRONG> (Thumb, 158 bytes, Stack size 36 bytes, oled.o(i.OLED_ShowChar))
<BR><BR>[Stack]<UL><LI>Max Depth = 56<LI>Call Chain = OLED_ShowChar &rArr; OLED_DrawPoint
</UL>
<BR>[Calls]<UL><LI><a href="#[b9]">&gt;&gt;</a>&nbsp;&nbsp;&nbsp;OLED_DrawPoint
</UL>
<BR>[Called By]<UL><LI><a href="#[aa]">&gt;&gt;</a>&nbsp;&nbsp;&nbsp;OLED_ShowString
</UL>

<P><STRONG><a name="[aa]"></a>OLED_ShowString</STRONG> (Thumb, 66 bytes, Stack size 20 bytes, oled.o(i.OLED_ShowString))
<BR><BR>[Stack]<UL><LI>Max Depth = 76<LI>Call Chain = OLED_ShowString &rArr; OLED_ShowChar &rArr; OLED_DrawPoint
</UL>
<BR>[Calls]<UL><LI><a href="#[b8]">&gt;&gt;</a>&nbsp;&nbsp;&nbsp;OLED_ShowChar
<LI><a href="#[b6]">&gt;&gt;</a>&nbsp;&nbsp;&nbsp;OLED_Clear
</UL>
<BR>[Called By]<UL><LI><a href="#[a9]">&gt;&gt;</a>&nbsp;&nbsp;&nbsp;Display_Error
</UL>

<P><STRONG><a name="[b7]"></a>OLED_WR_Byte</STRONG> (Thumb, 82 bytes, Stack size 8 bytes, oled.o(i.OLED_WR_Byte))
<BR><BR>[Stack]<UL><LI>Max Depth = 8<LI>Call Chain = OLED_WR_Byte
</UL>
<BR>[Called By]<UL><LI><a href="#[92]">&gt;&gt;</a>&nbsp;&nbsp;&nbsp;OLED_Init
<LI><a href="#[ab]">&gt;&gt;</a>&nbsp;&nbsp;&nbsp;OLED_Refresh_Gram
</UL>

<P><STRONG><a name="[7f]"></a>RCC_AHB1PeriphClockCmd</STRONG> (Thumb, 26 bytes, Stack size 0 bytes, stm32f4xx_rcc.o(i.RCC_AHB1PeriphClockCmd))
<BR><BR>[Called By]<UL><LI><a href="#[9a]">&gt;&gt;</a>&nbsp;&nbsp;&nbsp;usart5_init
<LI><a href="#[98]">&gt;&gt;</a>&nbsp;&nbsp;&nbsp;usart3_init
<LI><a href="#[97]">&gt;&gt;</a>&nbsp;&nbsp;&nbsp;usart2_init
<LI><a href="#[96]">&gt;&gt;</a>&nbsp;&nbsp;&nbsp;usart1_init
<LI><a href="#[99]">&gt;&gt;</a>&nbsp;&nbsp;&nbsp;uart4_init
<LI><a href="#[92]">&gt;&gt;</a>&nbsp;&nbsp;&nbsp;OLED_Init
<LI><a href="#[8f]">&gt;&gt;</a>&nbsp;&nbsp;&nbsp;LED_Init
<LI><a href="#[93]">&gt;&gt;</a>&nbsp;&nbsp;&nbsp;KEY_Init
<LI><a href="#[94]">&gt;&gt;</a>&nbsp;&nbsp;&nbsp;ESCON_Init
<LI><a href="#[91]">&gt;&gt;</a>&nbsp;&nbsp;&nbsp;Beep_Init
<LI><a href="#[7e]">&gt;&gt;</a>&nbsp;&nbsp;&nbsp;Adc_Init
</UL>

<P><STRONG><a name="[ac]"></a>RCC_APB1PeriphClockCmd</STRONG> (Thumb, 26 bytes, Stack size 0 bytes, stm32f4xx_rcc.o(i.RCC_APB1PeriphClockCmd))
<BR><BR>[Called By]<UL><LI><a href="#[9a]">&gt;&gt;</a>&nbsp;&nbsp;&nbsp;usart5_init
<LI><a href="#[98]">&gt;&gt;</a>&nbsp;&nbsp;&nbsp;usart3_init
<LI><a href="#[97]">&gt;&gt;</a>&nbsp;&nbsp;&nbsp;usart2_init
<LI><a href="#[99]">&gt;&gt;</a>&nbsp;&nbsp;&nbsp;uart4_init
<LI><a href="#[94]">&gt;&gt;</a>&nbsp;&nbsp;&nbsp;ESCON_Init
</UL>

<P><STRONG><a name="[d6]"></a>RCC_APB1PeriphResetCmd</STRONG> (Thumb, 26 bytes, Stack size 0 bytes, stm32f4xx_rcc.o(i.RCC_APB1PeriphResetCmd))
<BR><BR>[Called By]<UL><LI><a href="#[d5]">&gt;&gt;</a>&nbsp;&nbsp;&nbsp;USART_DeInit
</UL>

<P><STRONG><a name="[80]"></a>RCC_APB2PeriphClockCmd</STRONG> (Thumb, 26 bytes, Stack size 0 bytes, stm32f4xx_rcc.o(i.RCC_APB2PeriphClockCmd))
<BR><BR>[Called By]<UL><LI><a href="#[96]">&gt;&gt;</a>&nbsp;&nbsp;&nbsp;usart1_init
<LI><a href="#[91]">&gt;&gt;</a>&nbsp;&nbsp;&nbsp;Beep_Init
<LI><a href="#[7e]">&gt;&gt;</a>&nbsp;&nbsp;&nbsp;Adc_Init
</UL>

<P><STRONG><a name="[82]"></a>RCC_APB2PeriphResetCmd</STRONG> (Thumb, 26 bytes, Stack size 0 bytes, stm32f4xx_rcc.o(i.RCC_APB2PeriphResetCmd))
<BR><BR>[Called By]<UL><LI><a href="#[7e]">&gt;&gt;</a>&nbsp;&nbsp;&nbsp;Adc_Init
<LI><a href="#[d5]">&gt;&gt;</a>&nbsp;&nbsp;&nbsp;USART_DeInit
</UL>

<P><STRONG><a name="[8c]"></a>RCC_GetClocksFreq</STRONG> (Thumb, 214 bytes, Stack size 20 bytes, stm32f4xx_rcc.o(i.RCC_GetClocksFreq))
<BR><BR>[Stack]<UL><LI>Max Depth = 20<LI>Call Chain = RCC_GetClocksFreq
</UL>
<BR>[Called By]<UL><LI><a href="#[8e]">&gt;&gt;</a>&nbsp;&nbsp;&nbsp;SysTick_Init
<LI><a href="#[8a]">&gt;&gt;</a>&nbsp;&nbsp;&nbsp;BSP_Init
<LI><a href="#[d7]">&gt;&gt;</a>&nbsp;&nbsp;&nbsp;USART_Init
</UL>

<P><STRONG><a name="[ba]"></a>STMFLASH_EraseSector</STRONG> (Thumb, 106 bytes, Stack size 16 bytes, stmflash.o(i.STMFLASH_EraseSector))
<BR><BR>[Stack]<UL><LI>Max Depth = 44<LI>Call Chain = STMFLASH_EraseSector &rArr; STMFLASH_WaitDone &rArr; delay_us
</UL>
<BR>[Calls]<UL><LI><a href="#[bb]">&gt;&gt;</a>&nbsp;&nbsp;&nbsp;STMFLASH_WaitDone
</UL>
<BR>[Called By]<UL><LI><a href="#[b0]">&gt;&gt;</a>&nbsp;&nbsp;&nbsp;STMFLASH_Write
</UL>

<P><STRONG><a name="[c0]"></a>STMFLASH_GetFlashSector</STRONG> (Thumb, 116 bytes, Stack size 0 bytes, stmflash.o(i.STMFLASH_GetFlashSector))
<BR><BR>[Called By]<UL><LI><a href="#[b0]">&gt;&gt;</a>&nbsp;&nbsp;&nbsp;STMFLASH_Write
</UL>

<P><STRONG><a name="[bc]"></a>STMFLASH_GetStatus</STRONG> (Thumb, 60 bytes, Stack size 0 bytes, stmflash.o(i.STMFLASH_GetStatus))
<BR><BR>[Called By]<UL><LI><a href="#[bb]">&gt;&gt;</a>&nbsp;&nbsp;&nbsp;STMFLASH_WaitDone
</UL>

<P><STRONG><a name="[c2]"></a>STMFLASH_Lock</STRONG> (Thumb, 14 bytes, Stack size 0 bytes, stmflash.o(i.STMFLASH_Lock))
<BR><BR>[Called By]<UL><LI><a href="#[b0]">&gt;&gt;</a>&nbsp;&nbsp;&nbsp;STMFLASH_Write
</UL>

<P><STRONG><a name="[bf]"></a>STMFLASH_ReadWord</STRONG> (Thumb, 6 bytes, Stack size 0 bytes, stmflash.o(i.STMFLASH_ReadWord))
<BR><BR>[Called By]<UL><LI><a href="#[b0]">&gt;&gt;</a>&nbsp;&nbsp;&nbsp;STMFLASH_Write
</UL>

<P><STRONG><a name="[be]"></a>STMFLASH_Unlock</STRONG> (Thumb, 12 bytes, Stack size 0 bytes, stmflash.o(i.STMFLASH_Unlock))
<BR><BR>[Called By]<UL><LI><a href="#[b0]">&gt;&gt;</a>&nbsp;&nbsp;&nbsp;STMFLASH_Write
</UL>

<P><STRONG><a name="[bb]"></a>STMFLASH_WaitDone</STRONG> (Thumb, 40 bytes, Stack size 16 bytes, stmflash.o(i.STMFLASH_WaitDone))
<BR><BR>[Stack]<UL><LI>Max Depth = 28<LI>Call Chain = STMFLASH_WaitDone &rArr; delay_us
</UL>
<BR>[Calls]<UL><LI><a href="#[bc]">&gt;&gt;</a>&nbsp;&nbsp;&nbsp;STMFLASH_GetStatus
<LI><a href="#[bd]">&gt;&gt;</a>&nbsp;&nbsp;&nbsp;delay_us
</UL>
<BR>[Called By]<UL><LI><a href="#[c1]">&gt;&gt;</a>&nbsp;&nbsp;&nbsp;STMFLASH_WriteWord
<LI><a href="#[ba]">&gt;&gt;</a>&nbsp;&nbsp;&nbsp;STMFLASH_EraseSector
</UL>

<P><STRONG><a name="[b0]"></a>STMFLASH_Write</STRONG> (Thumb, 154 bytes, Stack size 32 bytes, stmflash.o(i.STMFLASH_Write))
<BR><BR>[Stack]<UL><LI>Max Depth = 76<LI>Call Chain = STMFLASH_Write &rArr; STMFLASH_WriteWord &rArr; STMFLASH_WaitDone &rArr; delay_us
</UL>
<BR>[Calls]<UL><LI><a href="#[c1]">&gt;&gt;</a>&nbsp;&nbsp;&nbsp;STMFLASH_WriteWord
<LI><a href="#[be]">&gt;&gt;</a>&nbsp;&nbsp;&nbsp;STMFLASH_Unlock
<LI><a href="#[bf]">&gt;&gt;</a>&nbsp;&nbsp;&nbsp;STMFLASH_ReadWord
<LI><a href="#[c2]">&gt;&gt;</a>&nbsp;&nbsp;&nbsp;STMFLASH_Lock
<LI><a href="#[c0]">&gt;&gt;</a>&nbsp;&nbsp;&nbsp;STMFLASH_GetFlashSector
<LI><a href="#[ba]">&gt;&gt;</a>&nbsp;&nbsp;&nbsp;STMFLASH_EraseSector
</UL>
<BR>[Called By]<UL><LI><a href="#[88]">&gt;&gt;</a>&nbsp;&nbsp;&nbsp;Flash_SavePID
</UL>

<P><STRONG><a name="[c1]"></a>STMFLASH_WriteWord</STRONG> (Thumb, 78 bytes, Stack size 16 bytes, stmflash.o(i.STMFLASH_WriteWord))
<BR><BR>[Stack]<UL><LI>Max Depth = 44<LI>Call Chain = STMFLASH_WriteWord &rArr; STMFLASH_WaitDone &rArr; delay_us
</UL>
<BR>[Calls]<UL><LI><a href="#[bb]">&gt;&gt;</a>&nbsp;&nbsp;&nbsp;STMFLASH_WaitDone
</UL>
<BR>[Called By]<UL><LI><a href="#[b0]">&gt;&gt;</a>&nbsp;&nbsp;&nbsp;STMFLASH_Write
</UL>

<P><STRONG><a name="[7]"></a>SVC_Handler</STRONG> (Thumb, 2 bytes, Stack size 0 bytes, stm32f4xx_it.o(i.SVC_Handler))
<BR>[Address Reference Count : 1]<UL><LI> startup_stm32f40_41xxx.o(RESET)
</UL>
<P><STRONG><a name="[c5]"></a>SysTick_CLKSourceConfig</STRONG> (Thumb, 40 bytes, Stack size 0 bytes, misc.o(i.SysTick_CLKSourceConfig))
<BR><BR>[Called By]<UL><LI><a href="#[8e]">&gt;&gt;</a>&nbsp;&nbsp;&nbsp;SysTick_Init
</UL>

<P><STRONG><a name="[a]"></a>SysTick_Handler</STRONG> (Thumb, 22 bytes, Stack size 8 bytes, systick.o(i.SysTick_Handler))
<BR><BR>[Stack]<UL><LI>Max Depth = 8<LI>Call Chain = SysTick_Handler
</UL>
<BR>[Calls]<UL><LI><a href="#[c3]">&gt;&gt;</a>&nbsp;&nbsp;&nbsp;Loop_Time_Check
<LI><a href="#[c4]">&gt;&gt;</a>&nbsp;&nbsp;&nbsp;System_Time_Running
</UL>
<BR>[Address Reference Count : 1]<UL><LI> startup_stm32f40_41xxx.o(RESET)
</UL>
<P><STRONG><a name="[8e]"></a>SysTick_Init</STRONG> (Thumb, 98 bytes, Stack size 32 bytes, systick.o(i.SysTick_Init))
<BR><BR>[Stack]<UL><LI>Max Depth = 52<LI>Call Chain = SysTick_Init &rArr; RCC_GetClocksFreq
</UL>
<BR>[Calls]<UL><LI><a href="#[8c]">&gt;&gt;</a>&nbsp;&nbsp;&nbsp;RCC_GetClocksFreq
<LI><a href="#[c5]">&gt;&gt;</a>&nbsp;&nbsp;&nbsp;SysTick_CLKSourceConfig
</UL>
<BR>[Called By]<UL><LI><a href="#[8a]">&gt;&gt;</a>&nbsp;&nbsp;&nbsp;BSP_Init
</UL>

<P><STRONG><a name="[5e]"></a>SystemInit</STRONG> (Thumb, 88 bytes, Stack size 8 bytes, system_stm32f4xx.o(i.SystemInit))
<BR><BR>[Stack]<UL><LI>Max Depth = 20<LI>Call Chain = SystemInit &rArr; SetSysClock
</UL>
<BR>[Calls]<UL><LI><a href="#[c6]">&gt;&gt;</a>&nbsp;&nbsp;&nbsp;SetSysClock
</UL>
<BR>[Address Reference Count : 1]<UL><LI> startup_stm32f40_41xxx.o(.text)
</UL>
<P><STRONG><a name="[8d]"></a>System_Tiem_Clear</STRONG> (Thumb, 10 bytes, Stack size 0 bytes, time.o(i.System_Tiem_Clear))
<BR><BR>[Called By]<UL><LI><a href="#[8a]">&gt;&gt;</a>&nbsp;&nbsp;&nbsp;BSP_Init
</UL>

<P><STRONG><a name="[c4]"></a>System_Time_Running</STRONG> (Thumb, 104 bytes, Stack size 0 bytes, time.o(i.System_Time_Running))
<BR><BR>[Called By]<UL><LI><a href="#[a]">&gt;&gt;</a>&nbsp;&nbsp;&nbsp;SysTick_Handler
</UL>

<P><STRONG><a name="[a3]"></a>TIM_Cmd</STRONG> (Thumb, 24 bytes, Stack size 0 bytes, stm32f4xx_tim.o(i.TIM_Cmd))
<BR><BR>[Called By]<UL><LI><a href="#[94]">&gt;&gt;</a>&nbsp;&nbsp;&nbsp;ESCON_Init
<LI><a href="#[91]">&gt;&gt;</a>&nbsp;&nbsp;&nbsp;Beep_Init
</UL>

<P><STRONG><a name="[a2]"></a>TIM_CtrlPWMOutputs</STRONG> (Thumb, 30 bytes, Stack size 0 bytes, stm32f4xx_tim.o(i.TIM_CtrlPWMOutputs))
<BR><BR>[Called By]<UL><LI><a href="#[91]">&gt;&gt;</a>&nbsp;&nbsp;&nbsp;Beep_Init
</UL>

<P><STRONG><a name="[a0]"></a>TIM_OC1Init</STRONG> (Thumb, 114 bytes, Stack size 16 bytes, stm32f4xx_tim.o(i.TIM_OC1Init))
<BR><BR>[Stack]<UL><LI>Max Depth = 16<LI>Call Chain = TIM_OC1Init
</UL>
<BR>[Called By]<UL><LI><a href="#[91]">&gt;&gt;</a>&nbsp;&nbsp;&nbsp;Beep_Init
</UL>

<P><STRONG><a name="[a1]"></a>TIM_OC1PreloadConfig</STRONG> (Thumb, 18 bytes, Stack size 0 bytes, stm32f4xx_tim.o(i.TIM_OC1PreloadConfig))
<BR><BR>[Called By]<UL><LI><a href="#[91]">&gt;&gt;</a>&nbsp;&nbsp;&nbsp;Beep_Init
</UL>

<P><STRONG><a name="[ad]"></a>TIM_OC2Init</STRONG> (Thumb, 154 bytes, Stack size 16 bytes, stm32f4xx_tim.o(i.TIM_OC2Init))
<BR><BR>[Stack]<UL><LI>Max Depth = 16<LI>Call Chain = TIM_OC2Init
</UL>
<BR>[Called By]<UL><LI><a href="#[94]">&gt;&gt;</a>&nbsp;&nbsp;&nbsp;ESCON_Init
</UL>

<P><STRONG><a name="[ae]"></a>TIM_OC2PreloadConfig</STRONG> (Thumb, 26 bytes, Stack size 0 bytes, stm32f4xx_tim.o(i.TIM_OC2PreloadConfig))
<BR><BR>[Called By]<UL><LI><a href="#[94]">&gt;&gt;</a>&nbsp;&nbsp;&nbsp;ESCON_Init
</UL>

<P><STRONG><a name="[9f]"></a>TIM_TimeBaseInit</STRONG> (Thumb, 104 bytes, Stack size 0 bytes, stm32f4xx_tim.o(i.TIM_TimeBaseInit))
<BR><BR>[Called By]<UL><LI><a href="#[94]">&gt;&gt;</a>&nbsp;&nbsp;&nbsp;ESCON_Init
<LI><a href="#[91]">&gt;&gt;</a>&nbsp;&nbsp;&nbsp;Beep_Init
</UL>

<P><STRONG><a name="[cd]"></a>Task_Loop</STRONG> (Thumb, 238 bytes, Stack size 32 bytes, task_loop.o(i.Task_Loop))
<BR><BR>[Stack]<UL><LI>Max Depth = 364<LI>Call Chain = Task_Loop &rArr; ANO_DT_Do &rArr; ANO_DT_Data_Receive_Anl &rArr; Argument_Init &rArr; Flash_SavePID &rArr; STMFLASH_Write &rArr; STMFLASH_WriteWord &rArr; STMFLASH_WaitDone &rArr; delay_us
</UL>
<BR>[Calls]<UL><LI><a href="#[d0]">&gt;&gt;</a>&nbsp;&nbsp;&nbsp;LED_SWITCH
<LI><a href="#[b4]">&gt;&gt;</a>&nbsp;&nbsp;&nbsp;LED_Blink
<LI><a href="#[cf]">&gt;&gt;</a>&nbsp;&nbsp;&nbsp;KEY_Scan
<LI><a href="#[ce]">&gt;&gt;</a>&nbsp;&nbsp;&nbsp;HMI_Data_Handle
<LI><a href="#[7d]">&gt;&gt;</a>&nbsp;&nbsp;&nbsp;ANO_DT_Send_Senser
<LI><a href="#[7a]">&gt;&gt;</a>&nbsp;&nbsp;&nbsp;ANO_DT_Do
<LI><a href="#[ca]">&gt;&gt;</a>&nbsp;&nbsp;&nbsp;Task_10ms
</UL>
<BR>[Called By]<UL><LI><a href="#[5d]">&gt;&gt;</a>&nbsp;&nbsp;&nbsp;main
</UL>

<P><STRONG><a name="[c8]"></a>Tensile_Init</STRONG> (Thumb, 40 bytes, Stack size 8 bytes, tensile.o(i.Tensile_Init))
<BR><BR>[Stack]<UL><LI>Max Depth = 8<LI>Call Chain = Tensile_Init
</UL>
<BR>[Calls]<UL><LI><a href="#[a6]">&gt;&gt;</a>&nbsp;&nbsp;&nbsp;__aeabi_memclr4
</UL>
<BR>[Called By]<UL><LI><a href="#[c7]">&gt;&gt;</a>&nbsp;&nbsp;&nbsp;System_Init
</UL>

<P><STRONG><a name="[3f]"></a>UART4_IRQHandler</STRONG> (Thumb, 162 bytes, Stack size 16 bytes, uart4.o(i.UART4_IRQHandler))
<BR><BR>[Stack]<UL><LI>Max Depth = 16<LI>Call Chain = UART4_IRQHandler
</UL>
<BR>[Calls]<UL><LI><a href="#[d2]">&gt;&gt;</a>&nbsp;&nbsp;&nbsp;USART_ReceiveData
<LI><a href="#[d1]">&gt;&gt;</a>&nbsp;&nbsp;&nbsp;USART_GetFlagStatus
<LI><a href="#[a6]">&gt;&gt;</a>&nbsp;&nbsp;&nbsp;__aeabi_memclr4
</UL>
<BR>[Address Reference Count : 1]<UL><LI> startup_stm32f40_41xxx.o(RESET)
</UL>
<P><STRONG><a name="[40]"></a>UART5_IRQHandler</STRONG> (Thumb, 156 bytes, Stack size 8 bytes, hmi.o(i.UART5_IRQHandler))
<BR><BR>[Stack]<UL><LI>Max Depth = 32<LI>Call Chain = UART5_IRQHandler &rArr; __2sprintf
</UL>
<BR>[Calls]<UL><LI><a href="#[d2]">&gt;&gt;</a>&nbsp;&nbsp;&nbsp;USART_ReceiveData
<LI><a href="#[d1]">&gt;&gt;</a>&nbsp;&nbsp;&nbsp;USART_GetFlagStatus
<LI><a href="#[64]">&gt;&gt;</a>&nbsp;&nbsp;&nbsp;__aeabi_memclr
<LI><a href="#[d3]">&gt;&gt;</a>&nbsp;&nbsp;&nbsp;__2sprintf
</UL>
<BR>[Address Reference Count : 1]<UL><LI> startup_stm32f40_41xxx.o(RESET)
</UL>
<P><STRONG><a name="[30]"></a>USART1_IRQHandler</STRONG> (Thumb, 144 bytes, Stack size 8 bytes, printf_uart.o(i.USART1_IRQHandler))
<BR><BR>[Stack]<UL><LI>Max Depth = 24<LI>Call Chain = USART1_IRQHandler &rArr; USART_GetITStatus
</UL>
<BR>[Calls]<UL><LI><a href="#[d2]">&gt;&gt;</a>&nbsp;&nbsp;&nbsp;USART_ReceiveData
<LI><a href="#[d4]">&gt;&gt;</a>&nbsp;&nbsp;&nbsp;USART_GetITStatus
<LI><a href="#[a6]">&gt;&gt;</a>&nbsp;&nbsp;&nbsp;__aeabi_memclr4
</UL>
<BR>[Address Reference Count : 1]<UL><LI> startup_stm32f40_41xxx.o(RESET)
</UL>
<P><STRONG><a name="[32]"></a>USART3_IRQHandler</STRONG> (Thumb, 156 bytes, Stack size 16 bytes, usart3.o(i.USART3_IRQHandler))
<BR><BR>[Stack]<UL><LI>Max Depth = 16<LI>Call Chain = USART3_IRQHandler
</UL>
<BR>[Calls]<UL><LI><a href="#[d2]">&gt;&gt;</a>&nbsp;&nbsp;&nbsp;USART_ReceiveData
<LI><a href="#[d1]">&gt;&gt;</a>&nbsp;&nbsp;&nbsp;USART_GetFlagStatus
<LI><a href="#[a6]">&gt;&gt;</a>&nbsp;&nbsp;&nbsp;__aeabi_memclr4
</UL>
<BR>[Address Reference Count : 1]<UL><LI> startup_stm32f40_41xxx.o(RESET)
</UL>
<P><STRONG><a name="[e4]"></a>USART_ClearFlag</STRONG> (Thumb, 18 bytes, Stack size 0 bytes, stm32f4xx_usart.o(i.USART_ClearFlag))
<BR><BR>[Called By]<UL><LI><a href="#[97]">&gt;&gt;</a>&nbsp;&nbsp;&nbsp;usart2_init
<LI><a href="#[96]">&gt;&gt;</a>&nbsp;&nbsp;&nbsp;usart1_init
</UL>

<P><STRONG><a name="[e2]"></a>USART_Cmd</STRONG> (Thumb, 24 bytes, Stack size 0 bytes, stm32f4xx_usart.o(i.USART_Cmd))
<BR><BR>[Called By]<UL><LI><a href="#[9a]">&gt;&gt;</a>&nbsp;&nbsp;&nbsp;usart5_init
<LI><a href="#[98]">&gt;&gt;</a>&nbsp;&nbsp;&nbsp;usart3_init
<LI><a href="#[97]">&gt;&gt;</a>&nbsp;&nbsp;&nbsp;usart2_init
<LI><a href="#[96]">&gt;&gt;</a>&nbsp;&nbsp;&nbsp;usart1_init
<LI><a href="#[99]">&gt;&gt;</a>&nbsp;&nbsp;&nbsp;uart4_init
</UL>

<P><STRONG><a name="[d5]"></a>USART_DeInit</STRONG> (Thumb, 206 bytes, Stack size 8 bytes, stm32f4xx_usart.o(i.USART_DeInit))
<BR><BR>[Stack]<UL><LI>Max Depth = 8<LI>Call Chain = USART_DeInit
</UL>
<BR>[Calls]<UL><LI><a href="#[d6]">&gt;&gt;</a>&nbsp;&nbsp;&nbsp;RCC_APB1PeriphResetCmd
<LI><a href="#[82]">&gt;&gt;</a>&nbsp;&nbsp;&nbsp;RCC_APB2PeriphResetCmd
</UL>
<BR>[Called By]<UL><LI><a href="#[9a]">&gt;&gt;</a>&nbsp;&nbsp;&nbsp;usart5_init
<LI><a href="#[98]">&gt;&gt;</a>&nbsp;&nbsp;&nbsp;usart3_init
<LI><a href="#[99]">&gt;&gt;</a>&nbsp;&nbsp;&nbsp;uart4_init
</UL>

<P><STRONG><a name="[d1]"></a>USART_GetFlagStatus</STRONG> (Thumb, 26 bytes, Stack size 0 bytes, stm32f4xx_usart.o(i.USART_GetFlagStatus))
<BR><BR>[Called By]<UL><LI><a href="#[40]">&gt;&gt;</a>&nbsp;&nbsp;&nbsp;UART5_IRQHandler
<LI><a href="#[3f]">&gt;&gt;</a>&nbsp;&nbsp;&nbsp;UART4_IRQHandler
<LI><a href="#[32]">&gt;&gt;</a>&nbsp;&nbsp;&nbsp;USART3_IRQHandler
</UL>

<P><STRONG><a name="[d4]"></a>USART_GetITStatus</STRONG> (Thumb, 84 bytes, Stack size 16 bytes, stm32f4xx_usart.o(i.USART_GetITStatus))
<BR><BR>[Stack]<UL><LI>Max Depth = 16<LI>Call Chain = USART_GetITStatus
</UL>
<BR>[Called By]<UL><LI><a href="#[30]">&gt;&gt;</a>&nbsp;&nbsp;&nbsp;USART1_IRQHandler
</UL>

<P><STRONG><a name="[e1]"></a>USART_ITConfig</STRONG> (Thumb, 74 bytes, Stack size 20 bytes, stm32f4xx_usart.o(i.USART_ITConfig))
<BR><BR>[Stack]<UL><LI>Max Depth = 20<LI>Call Chain = USART_ITConfig
</UL>
<BR>[Called By]<UL><LI><a href="#[9a]">&gt;&gt;</a>&nbsp;&nbsp;&nbsp;usart5_init
<LI><a href="#[98]">&gt;&gt;</a>&nbsp;&nbsp;&nbsp;usart3_init
<LI><a href="#[97]">&gt;&gt;</a>&nbsp;&nbsp;&nbsp;usart2_init
<LI><a href="#[96]">&gt;&gt;</a>&nbsp;&nbsp;&nbsp;usart1_init
<LI><a href="#[99]">&gt;&gt;</a>&nbsp;&nbsp;&nbsp;uart4_init
</UL>

<P><STRONG><a name="[d7]"></a>USART_Init</STRONG> (Thumb, 204 bytes, Stack size 48 bytes, stm32f4xx_usart.o(i.USART_Init))
<BR><BR>[Stack]<UL><LI>Max Depth = 68<LI>Call Chain = USART_Init &rArr; RCC_GetClocksFreq
</UL>
<BR>[Calls]<UL><LI><a href="#[8c]">&gt;&gt;</a>&nbsp;&nbsp;&nbsp;RCC_GetClocksFreq
</UL>
<BR>[Called By]<UL><LI><a href="#[9a]">&gt;&gt;</a>&nbsp;&nbsp;&nbsp;usart5_init
<LI><a href="#[98]">&gt;&gt;</a>&nbsp;&nbsp;&nbsp;usart3_init
<LI><a href="#[97]">&gt;&gt;</a>&nbsp;&nbsp;&nbsp;usart2_init
<LI><a href="#[96]">&gt;&gt;</a>&nbsp;&nbsp;&nbsp;usart1_init
<LI><a href="#[99]">&gt;&gt;</a>&nbsp;&nbsp;&nbsp;uart4_init
</UL>

<P><STRONG><a name="[d2]"></a>USART_ReceiveData</STRONG> (Thumb, 10 bytes, Stack size 0 bytes, stm32f4xx_usart.o(i.USART_ReceiveData))
<BR><BR>[Called By]<UL><LI><a href="#[40]">&gt;&gt;</a>&nbsp;&nbsp;&nbsp;UART5_IRQHandler
<LI><a href="#[3f]">&gt;&gt;</a>&nbsp;&nbsp;&nbsp;UART4_IRQHandler
<LI><a href="#[30]">&gt;&gt;</a>&nbsp;&nbsp;&nbsp;USART1_IRQHandler
<LI><a href="#[32]">&gt;&gt;</a>&nbsp;&nbsp;&nbsp;USART3_IRQHandler
</UL>

<P><STRONG><a name="[6]"></a>UsageFault_Handler</STRONG> (Thumb, 4 bytes, Stack size 0 bytes, stm32f4xx_it.o(i.UsageFault_Handler))
<BR>[Address Reference Count : 1]<UL><LI> startup_stm32f40_41xxx.o(RESET)
</UL>
<P><STRONG><a name="[d8]"></a>__0printf</STRONG> (Thumb, 22 bytes, Stack size 24 bytes, printfa.o(i.__0printf), UNUSED)
<BR><BR>[Calls]<UL><LI><a href="#[d9]">&gt;&gt;</a>&nbsp;&nbsp;&nbsp;_printf_core
</UL>

<P><STRONG><a name="[f6]"></a>__1printf</STRONG> (Thumb, 0 bytes, Stack size 24 bytes, printfa.o(i.__0printf), UNUSED)

<P><STRONG><a name="[b2]"></a>__2printf</STRONG> (Thumb, 0 bytes, Stack size 24 bytes, printfa.o(i.__0printf))
<BR><BR>[Stack]<UL><LI>Max Depth = 24<LI>Call Chain = __2printf
</UL>
<BR>[Called By]<UL><LI><a href="#[3]">&gt;&gt;</a>&nbsp;&nbsp;&nbsp;HardFault_Handler
</UL>

<P><STRONG><a name="[f7]"></a>__c89printf</STRONG> (Thumb, 0 bytes, Stack size 24 bytes, printfa.o(i.__0printf), UNUSED)

<P><STRONG><a name="[f8]"></a>printf</STRONG> (Thumb, 0 bytes, Stack size 24 bytes, printfa.o(i.__0printf), UNUSED)

<P><STRONG><a name="[da]"></a>__0sprintf</STRONG> (Thumb, 34 bytes, Stack size 24 bytes, printfa.o(i.__0sprintf), UNUSED)
<BR><BR>[Calls]<UL><LI><a href="#[61]">&gt;&gt;</a>&nbsp;&nbsp;&nbsp;_sputc
<LI><a href="#[d9]">&gt;&gt;</a>&nbsp;&nbsp;&nbsp;_printf_core
</UL>

<P><STRONG><a name="[f9]"></a>__1sprintf</STRONG> (Thumb, 0 bytes, Stack size 24 bytes, printfa.o(i.__0sprintf), UNUSED)

<P><STRONG><a name="[d3]"></a>__2sprintf</STRONG> (Thumb, 0 bytes, Stack size 24 bytes, printfa.o(i.__0sprintf))
<BR><BR>[Stack]<UL><LI>Max Depth = 24<LI>Call Chain = __2sprintf
</UL>
<BR>[Called By]<UL><LI><a href="#[40]">&gt;&gt;</a>&nbsp;&nbsp;&nbsp;UART5_IRQHandler
</UL>

<P><STRONG><a name="[fa]"></a>__c89sprintf</STRONG> (Thumb, 0 bytes, Stack size 24 bytes, printfa.o(i.__0sprintf), UNUSED)

<P><STRONG><a name="[fb]"></a>sprintf</STRONG> (Thumb, 0 bytes, Stack size 24 bytes, printfa.o(i.__0sprintf), UNUSED)

<P><STRONG><a name="[fc]"></a>__scatterload_copy</STRONG> (Thumb, 14 bytes, Stack size unknown bytes, handlers.o(i.__scatterload_copy), UNUSED)

<P><STRONG><a name="[fd]"></a>__scatterload_null</STRONG> (Thumb, 2 bytes, Stack size unknown bytes, handlers.o(i.__scatterload_null), UNUSED)

<P><STRONG><a name="[fe]"></a>__scatterload_zeroinit</STRONG> (Thumb, 14 bytes, Stack size unknown bytes, handlers.o(i.__scatterload_zeroinit), UNUSED)

<P><STRONG><a name="[9b]"></a>delay_ms</STRONG> (Thumb, 26 bytes, Stack size 12 bytes, systick.o(i.delay_ms))
<BR><BR>[Stack]<UL><LI>Max Depth = 24<LI>Call Chain = delay_ms &rArr; delay_us
</UL>
<BR>[Calls]<UL><LI><a href="#[bd]">&gt;&gt;</a>&nbsp;&nbsp;&nbsp;delay_us
</UL>
<BR>[Called By]<UL><LI><a href="#[9c]">&gt;&gt;</a>&nbsp;&nbsp;&nbsp;Beep_Play
<LI><a href="#[ca]">&gt;&gt;</a>&nbsp;&nbsp;&nbsp;Task_10ms
<LI><a href="#[92]">&gt;&gt;</a>&nbsp;&nbsp;&nbsp;OLED_Init
<LI><a href="#[8a]">&gt;&gt;</a>&nbsp;&nbsp;&nbsp;BSP_Init
<LI><a href="#[3]">&gt;&gt;</a>&nbsp;&nbsp;&nbsp;HardFault_Handler
</UL>

<P><STRONG><a name="[bd]"></a>delay_us</STRONG> (Thumb, 24 bytes, Stack size 12 bytes, systick.o(i.delay_us))
<BR><BR>[Stack]<UL><LI>Max Depth = 12<LI>Call Chain = delay_us
</UL>
<BR>[Calls]<UL><LI><a href="#[b1]">&gt;&gt;</a>&nbsp;&nbsp;&nbsp;GetSysTime_us
</UL>
<BR>[Called By]<UL><LI><a href="#[9b]">&gt;&gt;</a>&nbsp;&nbsp;&nbsp;delay_ms
<LI><a href="#[bb]">&gt;&gt;</a>&nbsp;&nbsp;&nbsp;STMFLASH_WaitDone
</UL>

<P><STRONG><a name="[60]"></a>fputc</STRONG> (Thumb, 18 bytes, Stack size 16 bytes, fputc.o(i.fputc))
<BR><BR>[Stack]<UL><LI>Max Depth = 16<LI>Call Chain = fputc
</UL>
<BR>[Address Reference Count : 1]<UL><LI> printfa.o(i.__0printf)
</UL>
<P><STRONG><a name="[5d]"></a>main</STRONG> (Thumb, 12 bytes, Stack size 0 bytes, main.o(i.main))
<BR><BR>[Stack]<UL><LI>Max Depth = 364<LI>Call Chain = main &rArr; Task_Loop &rArr; ANO_DT_Do &rArr; ANO_DT_Data_Receive_Anl &rArr; Argument_Init &rArr; Flash_SavePID &rArr; STMFLASH_Write &rArr; STMFLASH_WriteWord &rArr; STMFLASH_WaitDone &rArr; delay_us
</UL>
<BR>[Calls]<UL><LI><a href="#[cd]">&gt;&gt;</a>&nbsp;&nbsp;&nbsp;Task_Loop
<LI><a href="#[c7]">&gt;&gt;</a>&nbsp;&nbsp;&nbsp;System_Init
</UL>
<BR>[Address Reference Count : 1]<UL><LI> entry9a.o(.ARM.Collect$$$$0000000B)
</UL>
<P><STRONG><a name="[7c]"></a>u3_putbuff</STRONG> (Thumb, 26 bytes, Stack size 16 bytes, usart3.o(i.u3_putbuff))
<BR><BR>[Stack]<UL><LI>Max Depth = 16<LI>Call Chain = u3_putbuff
</UL>
<BR>[Calls]<UL><LI><a href="#[e0]">&gt;&gt;</a>&nbsp;&nbsp;&nbsp;u3_putchar
</UL>
<BR>[Called By]<UL><LI><a href="#[7b]">&gt;&gt;</a>&nbsp;&nbsp;&nbsp;ANO_DT_Send_Data
</UL>

<P><STRONG><a name="[99]"></a>uart4_init</STRONG> (Thumb, 170 bytes, Stack size 40 bytes, uart4.o(i.uart4_init))
<BR><BR>[Stack]<UL><LI>Max Depth = 108<LI>Call Chain = uart4_init &rArr; USART_Init &rArr; RCC_GetClocksFreq
</UL>
<BR>[Calls]<UL><LI><a href="#[7f]">&gt;&gt;</a>&nbsp;&nbsp;&nbsp;RCC_AHB1PeriphClockCmd
<LI><a href="#[9e]">&gt;&gt;</a>&nbsp;&nbsp;&nbsp;GPIO_PinAFConfig
<LI><a href="#[81]">&gt;&gt;</a>&nbsp;&nbsp;&nbsp;GPIO_Init
<LI><a href="#[d7]">&gt;&gt;</a>&nbsp;&nbsp;&nbsp;USART_Init
<LI><a href="#[e1]">&gt;&gt;</a>&nbsp;&nbsp;&nbsp;USART_ITConfig
<LI><a href="#[d5]">&gt;&gt;</a>&nbsp;&nbsp;&nbsp;USART_DeInit
<LI><a href="#[e2]">&gt;&gt;</a>&nbsp;&nbsp;&nbsp;USART_Cmd
<LI><a href="#[e3]">&gt;&gt;</a>&nbsp;&nbsp;&nbsp;NVIC_Init
<LI><a href="#[ac]">&gt;&gt;</a>&nbsp;&nbsp;&nbsp;RCC_APB1PeriphClockCmd
</UL>
<BR>[Called By]<UL><LI><a href="#[8a]">&gt;&gt;</a>&nbsp;&nbsp;&nbsp;BSP_Init
</UL>

<P><STRONG><a name="[96]"></a>usart1_init</STRONG> (Thumb, 176 bytes, Stack size 40 bytes, printf_uart.o(i.usart1_init))
<BR><BR>[Stack]<UL><LI>Max Depth = 108<LI>Call Chain = usart1_init &rArr; USART_Init &rArr; RCC_GetClocksFreq
</UL>
<BR>[Calls]<UL><LI><a href="#[80]">&gt;&gt;</a>&nbsp;&nbsp;&nbsp;RCC_APB2PeriphClockCmd
<LI><a href="#[7f]">&gt;&gt;</a>&nbsp;&nbsp;&nbsp;RCC_AHB1PeriphClockCmd
<LI><a href="#[9e]">&gt;&gt;</a>&nbsp;&nbsp;&nbsp;GPIO_PinAFConfig
<LI><a href="#[81]">&gt;&gt;</a>&nbsp;&nbsp;&nbsp;GPIO_Init
<LI><a href="#[e4]">&gt;&gt;</a>&nbsp;&nbsp;&nbsp;USART_ClearFlag
<LI><a href="#[d7]">&gt;&gt;</a>&nbsp;&nbsp;&nbsp;USART_Init
<LI><a href="#[e1]">&gt;&gt;</a>&nbsp;&nbsp;&nbsp;USART_ITConfig
<LI><a href="#[e2]">&gt;&gt;</a>&nbsp;&nbsp;&nbsp;USART_Cmd
<LI><a href="#[e3]">&gt;&gt;</a>&nbsp;&nbsp;&nbsp;NVIC_Init
</UL>
<BR>[Called By]<UL><LI><a href="#[8a]">&gt;&gt;</a>&nbsp;&nbsp;&nbsp;BSP_Init
</UL>

<P><STRONG><a name="[97]"></a>usart2_init</STRONG> (Thumb, 174 bytes, Stack size 40 bytes, usart2.o(i.usart2_init))
<BR><BR>[Stack]<UL><LI>Max Depth = 108<LI>Call Chain = usart2_init &rArr; USART_Init &rArr; RCC_GetClocksFreq
</UL>
<BR>[Calls]<UL><LI><a href="#[7f]">&gt;&gt;</a>&nbsp;&nbsp;&nbsp;RCC_AHB1PeriphClockCmd
<LI><a href="#[9e]">&gt;&gt;</a>&nbsp;&nbsp;&nbsp;GPIO_PinAFConfig
<LI><a href="#[81]">&gt;&gt;</a>&nbsp;&nbsp;&nbsp;GPIO_Init
<LI><a href="#[e4]">&gt;&gt;</a>&nbsp;&nbsp;&nbsp;USART_ClearFlag
<LI><a href="#[d7]">&gt;&gt;</a>&nbsp;&nbsp;&nbsp;USART_Init
<LI><a href="#[e1]">&gt;&gt;</a>&nbsp;&nbsp;&nbsp;USART_ITConfig
<LI><a href="#[e2]">&gt;&gt;</a>&nbsp;&nbsp;&nbsp;USART_Cmd
<LI><a href="#[e3]">&gt;&gt;</a>&nbsp;&nbsp;&nbsp;NVIC_Init
<LI><a href="#[ac]">&gt;&gt;</a>&nbsp;&nbsp;&nbsp;RCC_APB1PeriphClockCmd
</UL>
<BR>[Called By]<UL><LI><a href="#[8a]">&gt;&gt;</a>&nbsp;&nbsp;&nbsp;BSP_Init
</UL>

<P><STRONG><a name="[98]"></a>usart3_init</STRONG> (Thumb, 170 bytes, Stack size 40 bytes, usart3.o(i.usart3_init))
<BR><BR>[Stack]<UL><LI>Max Depth = 108<LI>Call Chain = usart3_init &rArr; USART_Init &rArr; RCC_GetClocksFreq
</UL>
<BR>[Calls]<UL><LI><a href="#[7f]">&gt;&gt;</a>&nbsp;&nbsp;&nbsp;RCC_AHB1PeriphClockCmd
<LI><a href="#[9e]">&gt;&gt;</a>&nbsp;&nbsp;&nbsp;GPIO_PinAFConfig
<LI><a href="#[81]">&gt;&gt;</a>&nbsp;&nbsp;&nbsp;GPIO_Init
<LI><a href="#[d7]">&gt;&gt;</a>&nbsp;&nbsp;&nbsp;USART_Init
<LI><a href="#[e1]">&gt;&gt;</a>&nbsp;&nbsp;&nbsp;USART_ITConfig
<LI><a href="#[d5]">&gt;&gt;</a>&nbsp;&nbsp;&nbsp;USART_DeInit
<LI><a href="#[e2]">&gt;&gt;</a>&nbsp;&nbsp;&nbsp;USART_Cmd
<LI><a href="#[e3]">&gt;&gt;</a>&nbsp;&nbsp;&nbsp;NVIC_Init
<LI><a href="#[ac]">&gt;&gt;</a>&nbsp;&nbsp;&nbsp;RCC_APB1PeriphClockCmd
</UL>
<BR>[Called By]<UL><LI><a href="#[8a]">&gt;&gt;</a>&nbsp;&nbsp;&nbsp;BSP_Init
</UL>

<P><STRONG><a name="[9a]"></a>usart5_init</STRONG> (Thumb, 190 bytes, Stack size 40 bytes, usart5.o(i.usart5_init))
<BR><BR>[Stack]<UL><LI>Max Depth = 108<LI>Call Chain = usart5_init &rArr; USART_Init &rArr; RCC_GetClocksFreq
</UL>
<BR>[Calls]<UL><LI><a href="#[7f]">&gt;&gt;</a>&nbsp;&nbsp;&nbsp;RCC_AHB1PeriphClockCmd
<LI><a href="#[9e]">&gt;&gt;</a>&nbsp;&nbsp;&nbsp;GPIO_PinAFConfig
<LI><a href="#[81]">&gt;&gt;</a>&nbsp;&nbsp;&nbsp;GPIO_Init
<LI><a href="#[d7]">&gt;&gt;</a>&nbsp;&nbsp;&nbsp;USART_Init
<LI><a href="#[e1]">&gt;&gt;</a>&nbsp;&nbsp;&nbsp;USART_ITConfig
<LI><a href="#[d5]">&gt;&gt;</a>&nbsp;&nbsp;&nbsp;USART_DeInit
<LI><a href="#[e2]">&gt;&gt;</a>&nbsp;&nbsp;&nbsp;USART_Cmd
<LI><a href="#[e3]">&gt;&gt;</a>&nbsp;&nbsp;&nbsp;NVIC_Init
<LI><a href="#[ac]">&gt;&gt;</a>&nbsp;&nbsp;&nbsp;RCC_APB1PeriphClockCmd
</UL>
<BR>[Called By]<UL><LI><a href="#[8a]">&gt;&gt;</a>&nbsp;&nbsp;&nbsp;BSP_Init
</UL>
<P>
<H3>
Local Symbols
</H3>
<P><STRONG><a name="[ca]"></a>Task_10ms</STRONG> (Thumb, 94 bytes, Stack size 8 bytes, task_loop.o(i.Task_10ms))
<BR><BR>[Stack]<UL><LI>Max Depth = 40<LI>Call Chain = Task_10ms &rArr; Beep_Play &rArr; delay_ms &rArr; delay_us
</UL>
<BR>[Calls]<UL><LI><a href="#[9b]">&gt;&gt;</a>&nbsp;&nbsp;&nbsp;delay_ms
<LI><a href="#[90]">&gt;&gt;</a>&nbsp;&nbsp;&nbsp;LED_ALL_ON
<LI><a href="#[9d]">&gt;&gt;</a>&nbsp;&nbsp;&nbsp;LED_ALL_OFF
<LI><a href="#[af]">&gt;&gt;</a>&nbsp;&nbsp;&nbsp;ESCON_EN
<LI><a href="#[cb]">&gt;&gt;</a>&nbsp;&nbsp;&nbsp;Control_Velocity
<LI><a href="#[cc]">&gt;&gt;</a>&nbsp;&nbsp;&nbsp;Control_Strength
<LI><a href="#[a5]">&gt;&gt;</a>&nbsp;&nbsp;&nbsp;Control_Stop
<LI><a href="#[a4]">&gt;&gt;</a>&nbsp;&nbsp;&nbsp;Control_Preparing
<LI><a href="#[9c]">&gt;&gt;</a>&nbsp;&nbsp;&nbsp;Beep_Play
</UL>
<BR>[Called By]<UL><LI><a href="#[cd]">&gt;&gt;</a>&nbsp;&nbsp;&nbsp;Task_Loop
</UL>

<P><STRONG><a name="[74]"></a>ANO_DT_Data_Exchange</STRONG> (Thumb, 772 bytes, Stack size 8 bytes, ano_dt.o(i.ANO_DT_Data_Exchange))
<BR><BR>[Stack]<UL><LI>Max Depth = 104<LI>Call Chain = ANO_DT_Data_Exchange &rArr; ANO_DT_Send_PID &rArr; ANO_DT_Send_Data &rArr; u3_putbuff
</UL>
<BR>[Calls]<UL><LI><a href="#[75]">&gt;&gt;</a>&nbsp;&nbsp;&nbsp;ANO_DT_Send_PID
</UL>
<BR>[Called By]<UL><LI><a href="#[76]">&gt;&gt;</a>&nbsp;&nbsp;&nbsp;ANO_DT_Data_Receive_Anl
</UL>

<P><STRONG><a name="[76]"></a>ANO_DT_Data_Receive_Anl</STRONG> (Thumb, 976 bytes, Stack size 16 bytes, ano_dt.o(i.ANO_DT_Data_Receive_Anl))
<BR><BR>[Stack]<UL><LI>Max Depth = 324<LI>Call Chain = ANO_DT_Data_Receive_Anl &rArr; Argument_Init &rArr; Flash_SavePID &rArr; STMFLASH_Write &rArr; STMFLASH_WriteWord &rArr; STMFLASH_WaitDone &rArr; delay_us
</UL>
<BR>[Calls]<UL><LI><a href="#[77]">&gt;&gt;</a>&nbsp;&nbsp;&nbsp;Argument_Init
<LI><a href="#[79]">&gt;&gt;</a>&nbsp;&nbsp;&nbsp;Argument_Save
<LI><a href="#[78]">&gt;&gt;</a>&nbsp;&nbsp;&nbsp;ANO_DT_Send_Check
<LI><a href="#[74]">&gt;&gt;</a>&nbsp;&nbsp;&nbsp;ANO_DT_Data_Exchange
</UL>
<BR>[Called By]<UL><LI><a href="#[7a]">&gt;&gt;</a>&nbsp;&nbsp;&nbsp;ANO_DT_Do
</UL>

<P><STRONG><a name="[78]"></a>ANO_DT_Send_Check</STRONG> (Thumb, 62 bytes, Stack size 16 bytes, ano_dt.o(i.ANO_DT_Send_Check))
<BR><BR>[Stack]<UL><LI>Max Depth = 48<LI>Call Chain = ANO_DT_Send_Check &rArr; ANO_DT_Send_Data &rArr; u3_putbuff
</UL>
<BR>[Calls]<UL><LI><a href="#[7b]">&gt;&gt;</a>&nbsp;&nbsp;&nbsp;ANO_DT_Send_Data
</UL>
<BR>[Called By]<UL><LI><a href="#[76]">&gt;&gt;</a>&nbsp;&nbsp;&nbsp;ANO_DT_Data_Receive_Anl
</UL>

<P><STRONG><a name="[7b]"></a>ANO_DT_Send_Data</STRONG> (Thumb, 16 bytes, Stack size 16 bytes, ano_dt.o(i.ANO_DT_Send_Data))
<BR><BR>[Stack]<UL><LI>Max Depth = 32<LI>Call Chain = ANO_DT_Send_Data &rArr; u3_putbuff
</UL>
<BR>[Calls]<UL><LI><a href="#[7c]">&gt;&gt;</a>&nbsp;&nbsp;&nbsp;u3_putbuff
</UL>
<BR>[Called By]<UL><LI><a href="#[75]">&gt;&gt;</a>&nbsp;&nbsp;&nbsp;ANO_DT_Send_PID
<LI><a href="#[78]">&gt;&gt;</a>&nbsp;&nbsp;&nbsp;ANO_DT_Send_Check
<LI><a href="#[7d]">&gt;&gt;</a>&nbsp;&nbsp;&nbsp;ANO_DT_Send_Senser
</UL>

<P><STRONG><a name="[75]"></a>ANO_DT_Send_PID</STRONG> (Thumb, 490 bytes, Stack size 64 bytes, ano_dt.o(i.ANO_DT_Send_PID))
<BR><BR>[Stack]<UL><LI>Max Depth = 96<LI>Call Chain = ANO_DT_Send_PID &rArr; ANO_DT_Send_Data &rArr; u3_putbuff
</UL>
<BR>[Calls]<UL><LI><a href="#[7b]">&gt;&gt;</a>&nbsp;&nbsp;&nbsp;ANO_DT_Send_Data
</UL>
<BR>[Called By]<UL><LI><a href="#[74]">&gt;&gt;</a>&nbsp;&nbsp;&nbsp;ANO_DT_Data_Exchange
</UL>

<P><STRONG><a name="[79]"></a>Argument_Save</STRONG> (Thumb, 12 bytes, Stack size 8 bytes, ano_dt.o(i.Argument_Save))
<BR><BR>[Stack]<UL><LI>Max Depth = 308<LI>Call Chain = Argument_Save &rArr; Flash_SavePID &rArr; STMFLASH_Write &rArr; STMFLASH_WriteWord &rArr; STMFLASH_WaitDone &rArr; delay_us
</UL>
<BR>[Calls]<UL><LI><a href="#[88]">&gt;&gt;</a>&nbsp;&nbsp;&nbsp;Flash_SavePID
<LI><a href="#[89]">&gt;&gt;</a>&nbsp;&nbsp;&nbsp;Ctrl_To_Argument
</UL>
<BR>[Called By]<UL><LI><a href="#[76]">&gt;&gt;</a>&nbsp;&nbsp;&nbsp;ANO_DT_Data_Receive_Anl
</UL>

<P><STRONG><a name="[87]"></a>Argument_To_Ctrl</STRONG> (Thumb, 2 bytes, Stack size 0 bytes, ano_dt.o(i.Argument_To_Ctrl))
<BR><BR>[Called By]<UL><LI><a href="#[77]">&gt;&gt;</a>&nbsp;&nbsp;&nbsp;Argument_Init
</UL>

<P><STRONG><a name="[86]"></a>Ctrl_Set_Zoro</STRONG> (Thumb, 12 bytes, Stack size 8 bytes, ano_dt.o(i.Ctrl_Set_Zoro))
<BR><BR>[Stack]<UL><LI>Max Depth = 8<LI>Call Chain = Ctrl_Set_Zoro
</UL>
<BR>[Calls]<UL><LI><a href="#[a6]">&gt;&gt;</a>&nbsp;&nbsp;&nbsp;__aeabi_memclr4
</UL>
<BR>[Called By]<UL><LI><a href="#[77]">&gt;&gt;</a>&nbsp;&nbsp;&nbsp;Argument_Init
</UL>

<P><STRONG><a name="[89]"></a>Ctrl_To_Argument</STRONG> (Thumb, 2 bytes, Stack size 0 bytes, ano_dt.o(i.Ctrl_To_Argument))
<BR><BR>[Called By]<UL><LI><a href="#[79]">&gt;&gt;</a>&nbsp;&nbsp;&nbsp;Argument_Save
</UL>

<P><STRONG><a name="[88]"></a>Flash_SavePID</STRONG> (Thumb, 102 bytes, Stack size 224 bytes, ano_dt.o(i.Flash_SavePID))
<BR><BR>[Stack]<UL><LI>Max Depth = 300<LI>Call Chain = Flash_SavePID &rArr; STMFLASH_Write &rArr; STMFLASH_WriteWord &rArr; STMFLASH_WaitDone &rArr; delay_us
</UL>
<BR>[Calls]<UL><LI><a href="#[b0]">&gt;&gt;</a>&nbsp;&nbsp;&nbsp;STMFLASH_Write
<LI><a href="#[a6]">&gt;&gt;</a>&nbsp;&nbsp;&nbsp;__aeabi_memclr4
</UL>
<BR>[Called By]<UL><LI><a href="#[77]">&gt;&gt;</a>&nbsp;&nbsp;&nbsp;Argument_Init
<LI><a href="#[79]">&gt;&gt;</a>&nbsp;&nbsp;&nbsp;Argument_Save
</UL>

<P><STRONG><a name="[e0]"></a>u3_putchar</STRONG> (Thumb, 22 bytes, Stack size 0 bytes, usart3.o(i.u3_putchar))
<BR><BR>[Called By]<UL><LI><a href="#[7c]">&gt;&gt;</a>&nbsp;&nbsp;&nbsp;u3_putbuff
</UL>

<P><STRONG><a name="[c6]"></a>SetSysClock</STRONG> (Thumb, 220 bytes, Stack size 12 bytes, system_stm32f4xx.o(i.SetSysClock))
<BR><BR>[Stack]<UL><LI>Max Depth = 12<LI>Call Chain = SetSysClock
</UL>
<BR>[Called By]<UL><LI><a href="#[5e]">&gt;&gt;</a>&nbsp;&nbsp;&nbsp;SystemInit
</UL>

<P><STRONG><a name="[c7]"></a>System_Init</STRONG> (Thumb, 26 bytes, Stack size 8 bytes, main.o(i.System_Init))
<BR><BR>[Stack]<UL><LI>Max Depth = 148<LI>Call Chain = System_Init &rArr; BSP_Init &rArr; usart5_init &rArr; USART_Init &rArr; RCC_GetClocksFreq
</UL>
<BR>[Calls]<UL><LI><a href="#[c9]">&gt;&gt;</a>&nbsp;&nbsp;&nbsp;Loop_Time_Clear
<LI><a href="#[8a]">&gt;&gt;</a>&nbsp;&nbsp;&nbsp;BSP_Init
<LI><a href="#[c8]">&gt;&gt;</a>&nbsp;&nbsp;&nbsp;Tensile_Init
<LI><a href="#[a7]">&gt;&gt;</a>&nbsp;&nbsp;&nbsp;Cycle_Time_Init
</UL>
<BR>[Called By]<UL><LI><a href="#[5d]">&gt;&gt;</a>&nbsp;&nbsp;&nbsp;main
</UL>

<P><STRONG><a name="[db]"></a>_fp_digits</STRONG> (Thumb, 334 bytes, Stack size 56 bytes, printfa.o(i._fp_digits), UNUSED)
<BR><BR>[Calls]<UL><LI><a href="#[6e]">&gt;&gt;</a>&nbsp;&nbsp;&nbsp;__aeabi_dmul
<LI><a href="#[67]">&gt;&gt;</a>&nbsp;&nbsp;&nbsp;__aeabi_dadd
<LI><a href="#[dc]">&gt;&gt;</a>&nbsp;&nbsp;&nbsp;__aeabi_cdrcmple
<LI><a href="#[6f]">&gt;&gt;</a>&nbsp;&nbsp;&nbsp;__aeabi_ddiv
<LI><a href="#[70]">&gt;&gt;</a>&nbsp;&nbsp;&nbsp;__aeabi_uldivmod
<LI><a href="#[72]">&gt;&gt;</a>&nbsp;&nbsp;&nbsp;__aeabi_d2ulz
</UL>
<BR>[Called By]<UL><LI><a href="#[d9]">&gt;&gt;</a>&nbsp;&nbsp;&nbsp;_printf_core
</UL>

<P><STRONG><a name="[d9]"></a>_printf_core</STRONG> (Thumb, 1744 bytes, Stack size 136 bytes, printfa.o(i._printf_core), UNUSED)
<BR><BR>[Calls]<UL><LI><a href="#[70]">&gt;&gt;</a>&nbsp;&nbsp;&nbsp;__aeabi_uldivmod
<LI><a href="#[df]">&gt;&gt;</a>&nbsp;&nbsp;&nbsp;__aeabi_uidivmod
<LI><a href="#[dd]">&gt;&gt;</a>&nbsp;&nbsp;&nbsp;_printf_pre_padding
<LI><a href="#[de]">&gt;&gt;</a>&nbsp;&nbsp;&nbsp;_printf_post_padding
<LI><a href="#[db]">&gt;&gt;</a>&nbsp;&nbsp;&nbsp;_fp_digits
</UL>
<BR>[Called By]<UL><LI><a href="#[da]">&gt;&gt;</a>&nbsp;&nbsp;&nbsp;__0sprintf
<LI><a href="#[d8]">&gt;&gt;</a>&nbsp;&nbsp;&nbsp;__0printf
</UL>

<P><STRONG><a name="[de]"></a>_printf_post_padding</STRONG> (Thumb, 36 bytes, Stack size 24 bytes, printfa.o(i._printf_post_padding), UNUSED)
<BR><BR>[Called By]<UL><LI><a href="#[d9]">&gt;&gt;</a>&nbsp;&nbsp;&nbsp;_printf_core
</UL>

<P><STRONG><a name="[dd]"></a>_printf_pre_padding</STRONG> (Thumb, 46 bytes, Stack size 24 bytes, printfa.o(i._printf_pre_padding), UNUSED)
<BR><BR>[Called By]<UL><LI><a href="#[d9]">&gt;&gt;</a>&nbsp;&nbsp;&nbsp;_printf_core
</UL>

<P><STRONG><a name="[61]"></a>_sputc</STRONG> (Thumb, 10 bytes, Stack size 0 bytes, printfa.o(i._sputc))
<BR><BR>[Called By]<UL><LI><a href="#[da]">&gt;&gt;</a>&nbsp;&nbsp;&nbsp;__0sprintf
</UL>
<BR>[Address Reference Count : 1]<UL><LI> printfa.o(i.__0sprintf)
</UL><P>
<H3>
Undefined Global Symbols
</H3><HR></body></html>
